Archive member included because of file (symbol)

c:/isystem/winidea9/gcc/arm/bin/../lib/gcc/arm-none-eabi/4.9.3/../../../../arm-none-eabi/lib/cortex-m7\libc.a(lib_a-assert.o)
                              D:\SAMV71x\app\FreeRTOS_Blinky_Full\SAMV71_Xplained_Ultra\Debug\pmc.o (__assert_func)
c:/isystem/winidea9/gcc/arm/bin/../lib/gcc/arm-none-eabi/4.9.3/../../../../arm-none-eabi/lib/cortex-m7\libc.a(lib_a-fiprintf.o)
                              c:/isystem/winidea9/gcc/arm/bin/../lib/gcc/arm-none-eabi/4.9.3/../../../../arm-none-eabi/lib/cortex-m7\libc.a(lib_a-assert.o) (fiprintf)
c:/isystem/winidea9/gcc/arm/bin/../lib/gcc/arm-none-eabi/4.9.3/../../../../arm-none-eabi/lib/cortex-m7\libc.a(lib_a-impure.o)
                              D:\SAMV71x\app\FreeRTOS_Blinky_Full\SAMV71_Xplained_Ultra\Debug\dbg_console.o (_impure_ptr)
c:/isystem/winidea9/gcc/arm/bin/../lib/gcc/arm-none-eabi/4.9.3/../../../../arm-none-eabi/lib/cortex-m7\libc.a(lib_a-memcmp.o)
                              D:\SAMV71x\app\FreeRTOS_Blinky_Full\SAMV71_Xplained_Ultra\Debug\tasks.o (memcmp)
c:/isystem/winidea9/gcc/arm/bin/../lib/gcc/arm-none-eabi/4.9.3/../../../../arm-none-eabi/lib/cortex-m7\libc.a(lib_a-memcpy.o)
                              D:\SAMV71x\app\FreeRTOS_Blinky_Full\SAMV71_Xplained_Ultra\Debug\queue.o (memcpy)
c:/isystem/winidea9/gcc/arm/bin/../lib/gcc/arm-none-eabi/4.9.3/../../../../arm-none-eabi/lib/cortex-m7\libc.a(lib_a-memset.o)
                              D:\SAMV71x\app\FreeRTOS_Blinky_Full\SAMV71_Xplained_Ultra\Debug\tasks.o (memset)
c:/isystem/winidea9/gcc/arm/bin/../lib/gcc/arm-none-eabi/4.9.3/../../../../arm-none-eabi/lib/cortex-m7\libc.a(lib_a-printf.o)
                              D:\SAMV71x\app\FreeRTOS_Blinky_Full\SAMV71_Xplained_Ultra\Debug\syscalls.o (printf)
c:/isystem/winidea9/gcc/arm/bin/../lib/gcc/arm-none-eabi/4.9.3/../../../../arm-none-eabi/lib/cortex-m7\libc.a(lib_a-putchar.o)
                              D:\SAMV71x\app\FreeRTOS_Blinky_Full\SAMV71_Xplained_Ultra\Debug\dbg_console.o (putchar)
c:/isystem/winidea9/gcc/arm/bin/../lib/gcc/arm-none-eabi/4.9.3/../../../../arm-none-eabi/lib/cortex-m7\libc.a(lib_a-setvbuf.o)
                              D:\SAMV71x\app\FreeRTOS_Blinky_Full\SAMV71_Xplained_Ultra\Debug\dbg_console.o (setvbuf)
c:/isystem/winidea9/gcc/arm/bin/../lib/gcc/arm-none-eabi/4.9.3/../../../../arm-none-eabi/lib/cortex-m7\libc.a(lib_a-sprintf.o)
                              D:\SAMV71x\app\FreeRTOS_Blinky_Full\SAMV71_Xplained_Ultra\Debug\tasks.o (sprintf)
c:/isystem/winidea9/gcc/arm/bin/../lib/gcc/arm-none-eabi/4.9.3/../../../../arm-none-eabi/lib/cortex-m7\libc.a(lib_a-strcpy.o)
                              D:\SAMV71x\app\FreeRTOS_Blinky_Full\SAMV71_Xplained_Ultra\Debug\tasks.o (strcpy)
c:/isystem/winidea9/gcc/arm/bin/../lib/gcc/arm-none-eabi/4.9.3/../../../../arm-none-eabi/lib/cortex-m7\libc.a(lib_a-strlen.o)
                              D:\SAMV71x\app\FreeRTOS_Blinky_Full\SAMV71_Xplained_Ultra\Debug\tasks.o (strlen)
c:/isystem/winidea9/gcc/arm/bin/../lib/gcc/arm-none-eabi/4.9.3/../../../../arm-none-eabi/lib/cortex-m7\libc.a(lib_a-svfprintf.o)
                              c:/isystem/winidea9/gcc/arm/bin/../lib/gcc/arm-none-eabi/4.9.3/../../../../arm-none-eabi/lib/cortex-m7\libc.a(lib_a-sprintf.o) (_svfprintf_r)
c:/isystem/winidea9/gcc/arm/bin/../lib/gcc/arm-none-eabi/4.9.3/../../../../arm-none-eabi/lib/cortex-m7\libc.a(lib_a-vfiprintf.o)
                              c:/isystem/winidea9/gcc/arm/bin/../lib/gcc/arm-none-eabi/4.9.3/../../../../arm-none-eabi/lib/cortex-m7\libc.a(lib_a-fiprintf.o) (_vfiprintf_r)
c:/isystem/winidea9/gcc/arm/bin/../lib/gcc/arm-none-eabi/4.9.3/../../../../arm-none-eabi/lib/cortex-m7\libc.a(lib_a-vfprintf.o)
                              c:/isystem/winidea9/gcc/arm/bin/../lib/gcc/arm-none-eabi/4.9.3/../../../../arm-none-eabi/lib/cortex-m7\libc.a(lib_a-printf.o) (_vfprintf_r)
c:/isystem/winidea9/gcc/arm/bin/../lib/gcc/arm-none-eabi/4.9.3/../../../../arm-none-eabi/lib/cortex-m7\libc.a(lib_a-wsetup.o)
                              c:/isystem/winidea9/gcc/arm/bin/../lib/gcc/arm-none-eabi/4.9.3/../../../../arm-none-eabi/lib/cortex-m7\libc.a(lib_a-vfiprintf.o) (__swsetup_r)
c:/isystem/winidea9/gcc/arm/bin/../lib/gcc/arm-none-eabi/4.9.3/../../../../arm-none-eabi/lib/cortex-m7\libc.a(lib_a-abort.o)
                              c:/isystem/winidea9/gcc/arm/bin/../lib/gcc/arm-none-eabi/4.9.3/../../../../arm-none-eabi/lib/cortex-m7\libc.a(lib_a-assert.o) (abort)
c:/isystem/winidea9/gcc/arm/bin/../lib/gcc/arm-none-eabi/4.9.3/../../../../arm-none-eabi/lib/cortex-m7\libc.a(lib_a-dtoa.o)
                              c:/isystem/winidea9/gcc/arm/bin/../lib/gcc/arm-none-eabi/4.9.3/../../../../arm-none-eabi/lib/cortex-m7\libc.a(lib_a-svfprintf.o) (_dtoa_r)
c:/isystem/winidea9/gcc/arm/bin/../lib/gcc/arm-none-eabi/4.9.3/../../../../arm-none-eabi/lib/cortex-m7\libc.a(lib_a-fflush.o)
[...]
Memory Configuration

Name             Origin             Length             Attributes
rom              0x00400000         0x00200000         xr
ram              0x20400000         0x00060000         xrw
sdram            0x70000000         0x00200000         xrw
*default*        0x00000000         0xffffffff

Linker script and memory map

LOAD D:\SAMV71x\app\FreeRTOS_Blinky_Full\SAMV71_Xplained_Ultra\Debug\main.o
LOAD D:\SAMV71x\app\FreeRTOS_Blinky_Full\SAMV71_Xplained_Ultra\Debug\main_blinky.o
LOAD D:\SAMV71x\app\FreeRTOS_Blinky_Full\SAMV71_Xplained_Ultra\Debug\system_sam.o
LOAD D:\SAMV71x\app\FreeRTOS_Blinky_Full\SAMV71_Xplained_Ultra\Debug\syscalls.o
LOAD D:\SAMV71x\app\FreeRTOS_Blinky_Full\SAMV71_Xplained_Ultra\Debug\startup_sam.o
LOAD D:\SAMV71x\app\FreeRTOS_Blinky_Full\SAMV71_Xplained_Ultra\Debug\timers.o
LOAD D:\SAMV71x\app\FreeRTOS_Blinky_Full\SAMV71_Xplained_Ultra\Debug\event_groups.o
LOAD D:\SAMV71x\app\FreeRTOS_Blinky_Full\SAMV71_Xplained_Ultra\Debug\list.o
LOAD D:\SAMV71x\app\FreeRTOS_Blinky_Full\SAMV71_Xplained_Ultra\Debug\queue.o
LOAD D:\SAMV71x\app\FreeRTOS_Blinky_Full\SAMV71_Xplained_Ultra\Debug\tasks.o
LOAD D:\SAMV71x\app\FreeRTOS_Blinky_Full\SAMV71_Xplained_Ultra\Debug\heap_4.o
LOAD D:\SAMV71x\app\FreeRTOS_Blinky_Full\SAMV71_Xplained_Ultra\Debug\port.o
LOAD D:\SAMV71x\app\FreeRTOS_Blinky_Full\SAMV71_Xplained_Ultra\Debug\dbg_console.o
LOAD D:\SAMV71x\app\FreeRTOS_Blinky_Full\SAMV71_Xplained_Ultra\Debug\board_lowlevel.o
LOAD D:\SAMV71x\app\FreeRTOS_Blinky_Full\SAMV71_Xplained_Ultra\Debug\led.o
LOAD D:\SAMV71x\app\FreeRTOS_Blinky_Full\SAMV71_Xplained_Ultra\Debug\wdt.o
LOAD D:\SAMV71x\app\FreeRTOS_Blinky_Full\SAMV71_Xplained_Ultra\Debug\pmc.o
LOAD D:\SAMV71x\app\FreeRTOS_Blinky_Full\SAMV71_Xplained_Ultra\Debug\tc.o
LOAD D:\SAMV71x\app\FreeRTOS_Blinky_Full\SAMV71_Xplained_Ultra\Debug\uart.o
LOAD D:\SAMV71x\app\FreeRTOS_Blinky_Full\SAMV71_Xplained_Ultra\Debug\pio.o
LOAD D:\SAMV71x\app\FreeRTOS_Blinky_Full\SAMV71_Xplained_Ultra\Debug\mpu.o
                0x00002000                STACK_SIZE = DEFINED (STACK_SIZE)?STACK_SIZE:0x2000
                0x00001000                HEAP_SIZE = DEFINED (HEAP_SIZE)?HEAP_SIZE:0x1000

.text           0x00400000     0xe878
                0x00400000                . = ALIGN (0x4)
                0x00400000                _sfixed = .
 *(.vectors .vectors.*)
 .vectors       0x00400000      0x140 D:\SAMV71x\app\FreeRTOS_Blinky_Full\SAMV71_Xplained_Ultra\Debug\startup_sam.o
                0x00400000                exception_table
 *(.text .text.* .gnu.linkonce.t.*)
 .text          0x00400140       0xe8 D:\SAMV71x\app\FreeRTOS_Blinky_Full\SAMV71_Xplained_Ultra\Debug\main.o
                0x00400174                main
                0x004001a8                vApplicationMallocFailedHook
                0x004001c8                vApplicationStackOverflowHook
                0x004001ec                vApplicationIdleHook
                0x00400204                vApplicationTickHook
                0x00400210                __write
 .text          0x00400228       0xe8 D:\SAMV71x\app\FreeRTOS_Blinky_Full\SAMV71_Xplained_Ultra\Debug\main_blinky.o
                0x00400228                main_blinky
 .text          0x00400310      0x378 D:\SAMV71x\app\FreeRTOS_Blinky_Full\SAMV71_Xplained_Ultra\Debug\system_sam.o
                0x00400310                SystemInit
                0x0040041c                SystemCoreClockUpdate
                0x00400584                system_init_flash
                0x00400618                sysclk_enable_usb
                0x00400654                sysclk_disable_usb
 .text          0x00400688      0x164 D:\SAMV71x\app\FreeRTOS_Blinky_Full\SAMV71_Xplained_Ultra\Debug\syscalls.o
                0x00400688                _sbrk
                0x004006c8                link
                0x004006e4                _close
                0x004006fc                _fstat
                0x0040071c                _isatty
                0x00400734                _lseek
                0x00400750                _read
                0x0040076c                _write
                0x004007a8                _exit
                0x004007c0                _kill
                0x004007d8                _getpid
 .text          0x004007ec       0xe0 D:\SAMV71x\app\FreeRTOS_Blinky_Full\SAMV71_Xplained_Ultra\Debug\startup_sam.o
                0x0040082c                Reset_Handler
                0x004008c4                DebugMon_Handler
                0x004008c4                UART3_Handler
                0x004008c4                UART2_Handler
                0x004008c4                TRNG_Handler
                0x004008c4                HardFault_Handler
                0x004008c4                TC2_Handler
                0x004008c4                AFEC1_Handler
                0x004008c4                NMI_Handler
                0x004008c4                TC7_Handler
                0x004008c4                QSPI_Handler
                0x004008c4                ISI_Handler
                0x004008c4                TC9_Handler
                0x004008c4                RSWDT_Handler
                0x004008c4                MCAN1_Handler
                0x004008c4                USART0_Handler
                0x004008c4                RTT_Handler
                0x004008c4                USBHS_Handler
                0x004008c4                CCF_Handler
                0x004008c4                PIOB_Handler
                0x004008c4                RTC_Handler
                0x004008c4                UsageFault_Handler
                0x004008c4                TC6_Handler
                0x004008c4                WDT_Handler
                0x004008c4                TC4_Handler
                0x004008c4                TC1_Handler
                0x004008c4                HSMCI_Handler
                0x004008c4                UART1_Handler
                0x004008c4                DACC_Handler
                0x004008c4                TC3_Handler
                0x004008c4                Dummy_Handler
                0x004008c4                TWIHS1_Handler
                0x004008c4                XDMAC_Handler
                0x004008c4                UART4_Handler
                0x004008c4                PWM1_Handler
                0x004008c4                USART1_Handler
                0x004008c4                PWM0_Handler
                0x004008c4                PIOA_Handler
                0x004008c4                AFEC0_Handler
                0x004008c4                CCW_Handler
                0x004008c4                TC11_Handler
                0x004008c4                SSC_Handler
                0x004008c4                ACC_Handler
                0x004008c4                PMC_Handler
                0x004008c4                GMAC_Handler
                0x004008c4                MemManage_Handler
                0x004008c4                SUPC_Handler
                0x004008c4                TC8_Handler
                0x004008c4                GMACQ2_Handler
                0x004008c4                EFC_Handler
                0x004008c4                USART2_Handler
                0x004008c4                SDRAMC_Handler
                0x004008c4                PIOE_Handler
                0x004008c4                SPI1_Handler
                0x004008c4                MCAN0_Handler
                0x004008c4                TC10_Handler
                0x004008c4                PIOD_Handler
                0x004008c4                TWIHS2_Handler
                0x004008c4                MLB_Handler
                0x004008c4                UART0_Handler
                0x004008c4                GMACQ1_Handler
                0x004008c4                PIOC_Handler
                0x004008c4                MCAN1_Line1_Handler
                0x004008c4                FPU_Handler
                0x004008c4                BusFault_Handler
                0x004008c4                RSTC_Handler
                0x004008c4                TC0_Handler
                0x004008c4                MCAN0_Line1_Handler
                0x004008c4                TC5_Handler
                0x004008c4                AES_Handler
                0x004008c4                ICM_Handler
                0x004008c4                TWIHS0_Handler
                0x004008c4                SPI0_Handler
 .text          0x004008cc      0x7dc D:\SAMV71x\app\FreeRTOS_Blinky_Full\SAMV71_Xplained_Ultra\Debug\timers.o
                0x004008cc                xTimerCreateTimerTask
                0x00400938                xTimerCreate
                0x004009b4                xTimerGenericCommand
                0x00400a40                pcTimerGetTimerName
                0x00400f4c                xTimerIsTimerActive
                0x00400f7c                pvTimerGetTimerID
                0x00400fc0                vTimerSetTimerID
                0x00401000                xTimerPendFunctionCallFromISR
                0x00401044                xTimerPendFunctionCall
 .text          0x004010a8      0x164 D:\SAMV71x\app\FreeRTOS_Blinky_Full\SAMV71_Xplained_Ultra\Debug\list.o
                0x004010a8                vListInitialise
                0x004010e8                vListInitialiseItem
                0x00401100                vListInsertEnd
                0x00401148                vListInsert
                0x004011b8                uxListRemove
 .text          0x0040120c     0x12e0 D:\SAMV71x\app\FreeRTOS_Blinky_Full\SAMV71_Xplained_Ultra\Debug\queue.o
                0x0040120c                xQueueGenericReset
                0x004012e0                xQueueGenericCreate
                0x004013a4                xQueueCreateMutex
                0x0040144c                xQueueGiveMutexRecursive
                0x004014b8                xQueueTakeMutexRecursive
                0x0040152c                xQueueCreateCountingSemaphore
                0x004015b4                xQueueGenericSend
                0x004017d8                xQueueGenericSendFromISR
                0x00401924                xQueueGiveFromISR
                0x00401a58                xQueueGenericReceive
                0x00401c70                xQueueReceiveFromISR
                0x00401d64                xQueuePeekFromISR
                0x00401e40                uxQueueMessagesWaiting
                0x00401e80                uxQueueSpacesAvailable
                0x00401ec8                uxQueueMessagesWaitingFromISR
                0x00401f04                vQueueDelete
                0x00401f40                uxQueueGetQueueNumber
                0x00401f58                vQueueSetQueueNumber
                0x00401f74                ucQueueGetQueueType
                0x00402198                xQueueIsQueueEmptyFromISR
                0x00402210                xQueueIsQueueFullFromISR
                0x0040225c                vQueueAddToRegistry
                0x004022ac                vQueueUnregisterQueue
                0x004022f0                vQueueWaitForMessageRestricted
                0x00402348                xQueueCreateSet
                0x00402368                xQueueAddToSet
                0x004023ac                xQueueRemoveFromSet
                0x004023f4                xQueueSelectFromSet
                0x0040241c                xQueueSelectFromSetFromISR
 .text          0x004024ec     0x2398 D:\SAMV71x\app\FreeRTOS_Blinky_Full\SAMV71_Xplained_Ultra\Debug\tasks.o
                0x004024ec                xTaskGenericCreate
                0x0040269c                vTaskDelete
                0x004027a4                vTaskDelayUntil
                0x004028cc                vTaskDelay
                0x00402974                eTaskGetState
                0x00402a24                uxTaskPriorityGet
                0x00402a58                uxTaskPriorityGetFromISR
                0x00402ab4                vTaskPrioritySet
                0x00402c14                vTaskSuspend
                0x00402da0                vTaskResume
                0x00402e60                xTaskResumeFromISR
                0x00402f4c                vTaskStartScheduler
                0x00402fe0                vTaskEndScheduler
                0x00403010                vTaskSuspendAll
                0x0040302c                xTaskResumeAll
                0x0040315c                xTaskGetTickCount
                0x0040317c                xTaskGetTickCountFromISR
                0x004031a0                uxTaskGetNumberOfTasks
                0x004031b8                uxTaskGetSystemState
                0x004032b0                xTaskIncrementTick
                0x00403444                vTaskSwitchContext
                0x00403544                vTaskPlaceOnEventList
                0x004035e4                vTaskPlaceOnUnorderedEventList
                0x004036b4                vTaskPlaceOnEventListRestricted
                0x00403738                xTaskRemoveFromEventList
                0x00403804                xTaskRemoveFromUnorderedEventList
                0x004038dc                vTaskSetTimeOutState
                0x00403924                xTaskCheckForTimeOut
                0x004039e8                vTaskMissedYield
                0x00403a00                uxTaskGetTaskNumber
                0x00403a2c                vTaskSetTaskNumber
                0x00403ea8                xTaskGetCurrentTaskHandle
                0x00403ec8                xTaskGetSchedulerState
                0x00403f04                vTaskPriorityInherit
                0x00403ff4                xTaskPriorityDisinherit
                0x00404154                vTaskList
                0x0040424c                uxTaskResetEventItemValue
                0x0040427c                pvTaskIncrementMutexHeldCount
                0x004042a4                ulTaskNotifyTake
                0x0040438c                xTaskNotifyWait
                0x00404498                xTaskGenericNotify
                0x004045e4                xTaskNotifyFromISR
                0x00404764                vTaskNotifyGiveFromISR
 .text          0x00404884      0x400 D:\SAMV71x\app\FreeRTOS_Blinky_Full\SAMV71_Xplained_Ultra\Debug\heap_4.o
                0x00404884                pvPortMalloc
                0x00404a1c                vPortFree
                0x00404ad4                xPortGetFreeHeapSize
                0x00404aec                xPortGetMinimumEverFreeHeapSize
                0x00404b04                vPortInitialiseBlocks
 .text          0x00404c84      0x408 D:\SAMV71x\app\FreeRTOS_Blinky_Full\SAMV71_Xplained_Ultra\Debug\port.o
                0x00404c84                pxPortInitialiseStack
                0x00404d2c                SVC_Handler
                0x00404d68                xPortStartScheduler
                0x00404e38                vPortEndScheduler
                0x00404e70                vPortEnterCritical
                0x00404ed4                vPortExitCritical
                0x00404f24                PendSV_Handler
                0x00404f88                SysTick_Handler
                0x00404fd0                vPortSetupTimerInterrupt
                0x00405004                vPortValidateInterruptPriority
 .text          0x0040508c      0x56c D:\SAMV71x\app\FreeRTOS_Blinky_Full\SAMV71_Xplained_Ultra\Debug\dbg_console.o
                0x0040508c                DBG_Configure
                0x0040513c                DBG_PutChar
                0x00405190                DBG_GetChar
                0x004051d4                DBG_IsRxReady
                0x0040520c                DBG_DumpFrame
                0x00405250                DBG_DumpMemory
                0x004053b4                DBG_GetInteger
                0x00405484                DBG_GetIntegerMinMax
                0x004054e4                DBG_GetHexa32
                0x0040558c                puts
                0x004055b8                gets
 .text          0x004055f8      0x19c D:\SAMV71x\app\FreeRTOS_Blinky_Full\SAMV71_Xplained_Ultra\Debug\board_lowlevel.o
                0x004055f8                _SetupMemoryRegion
                0x00405784                LowLevelInit
 .text          0x00405794      0x168 D:\SAMV71x\app\FreeRTOS_Blinky_Full\SAMV71_Xplained_Ultra\Debug\led.o
                0x00405794                LED_Configure
                0x004057cc                LED_Set
                0x00405830                LED_Clear
                0x00405894                LED_Toggle
 .text          0x004058fc       0xa8 D:\SAMV71x\app\FreeRTOS_Blinky_Full\SAMV71_Xplained_Ultra\Debug\wdt.o
                0x004058fc                WDT_Enable
                0x00405918                WDT_Disable
                0x00405934                WDT_Restart
                0x00405950                WDT_GetStatus
                0x0040596c                WDT_GetPeriod
 .text          0x004059a4      0x76c D:\SAMV71x\app\FreeRTOS_Blinky_Full\SAMV71_Xplained_Ultra\Debug\pmc.o
                0x00405a78                PMC_EnablePeripheral
                0x00405b08                PMC_DisablePeripheral
                0x00405b98                PMC_EnableAllPeripherals
                0x00405bd8                PMC_DisableAllPeripherals
                0x00405c14                PMC_IsPeriphEnabled
                0x00405c70                PMC_EnableExtOsc
                0x00405cec                PMC_DisableExtOsc
                0x00405d28                PMC_SelectExtOsc
                0x00405d94                PMC_SelectExtBypassOsc
                0x00405e00                PMC_EnableIntRC4_8_12MHz
                0x00405e8c                PMC_DisableIntRC4_8_12MHz
                0x00405ed0                PMC_SetPllaClock
                0x00405f28                PMC_SetMckSelection
                0x00405f6c                PMC_DisableAllClocks
                0x00405fbc                PMC_ConfigureMckWithPlla
                0x00405ff4                PMC_EnableXT32KFME
                0x00406020                PMC_ConfigurePCK0
                0x00406070                PMC_ConfigurePCK1
                0x004060c0                PMC_ConfigurePCK2
 .text          0x00406110      0x540 D:\SAMV71x\app\FreeRTOS_Blinky_Full\SAMV71_Xplained_Ultra\Debug\pio.o
                0x00406380                PIO_Configure
                0x004064e4                PIO_Set
                0x00406500                PIO_Clear
                0x0040651c                PIO_Get
                0x00406564                PIO_GetOutputDataStatus
                0x00406590                PIO_SetDebounceFilter
                0x004065cc                PIO_EnableWriteProtect
                0x004065f0                PIO_DisableWriteProtect
                0x00406614                PIO_GetWriteProtectViolationInfo
                0x00406634                PIO_SetPinType
 .text          0x00406650       0xf0 D:\SAMV71x\app\FreeRTOS_Blinky_Full\SAMV71_Xplained_Ultra\Debug\mpu.o
                0x00406650                MPU_Enable
                0x0040666c                MPU_SetRegionNum
                0x00406688                MPU_DisableRegion
                0x004066a4                MPU_SetRegion
                0x004066c8                MPU_CalMPURegionSize
                0x00406708                MPU_UpdateRegions
 .text.__assert_func
                0x00406740       0x3c c:/isystem/winidea9/gcc/arm/bin/../lib/gcc/arm-none-eabi/4.9.3/../../../../arm-none-eabi/lib/cortex-m7\libc.a(lib_a-assert.o)
                0x00406740                __assert_func
 .text.fiprintf
                0x0040677c       0x28 c:/isystem/winidea9/gcc/arm/bin/../lib/gcc/arm-none-eabi/4.9.3/../../../../arm-none-eabi/lib/cortex-m7\libc.a(lib_a-fiprintf.o)
                0x0040677c                fiprintf
 .text.memcmp   0x004067a4       0x60 c:/isystem/winidea9/gcc/arm/bin/../lib/gcc/arm-none-eabi/4.9.3/../../../../arm-none-eabi/lib/cortex-m7\libc.a(lib_a-memcmp.o)
                0x004067a4                memcmp
 .text          0x00406804      0x134 c:/isystem/winidea9/gcc/arm/bin/../lib/gcc/arm-none-eabi/4.9.3/../../../../arm-none-eabi/lib/cortex-m7\libc.a(lib_a-memcpy.o)
                0x00406804                memcpy
 .text.memset   0x00406938       0xa0 c:/isystem/winidea9/gcc/arm/bin/../lib/gcc/arm-none-eabi/4.9.3/../../../../arm-none-eabi/lib/cortex-m7\libc.a(lib_a-memset.o)
                0x00406938                memset
 .text.printf   0x004069d8       0x28 c:/isystem/winidea9/gcc/arm/bin/../lib/gcc/arm-none-eabi/4.9.3/../../../../arm-none-eabi/lib/cortex-m7\libc.a(lib_a-printf.o)
                0x004069d8                printf
 .text.putchar  0x00406a00       0x10 c:/isystem/winidea9/gcc/arm/bin/../lib/gcc/arm-none-eabi/4.9.3/../../../../arm-none-eabi/lib/cortex-m7\libc.a(lib_a-putchar.o)
                0x00406a00                putchar
 .text.setvbuf  0x00406a10       0xfc c:/isystem/winidea9/gcc/arm/bin/../lib/gcc/arm-none-eabi/4.9.3/../../../../arm-none-eabi/lib/cortex-m7\libc.a(lib_a-setvbuf.o)
                0x00406a10                setvbuf
 .text.sprintf  0x00406b0c       0x4c c:/isystem/winidea9/gcc/arm/bin/../lib/gcc/arm-none-eabi/4.9.3/../../../../arm-none-eabi/lib/cortex-m7\libc.a(lib_a-sprintf.o)
                0x00406b0c                sprintf
 .text.strcpy   0x00406b58       0xbc c:/isystem/winidea9/gcc/arm/bin/../lib/gcc/arm-none-eabi/4.9.3/../../../../arm-none-eabi/lib/cortex-m7\libc.a(lib_a-strcpy.o)
                0x00406b58                strcpy
 .text.strlen   0x00406c14       0x5c c:/isystem/winidea9/gcc/arm/bin/../lib/gcc/arm-none-eabi/4.9.3/../../../../arm-none-eabi/lib/cortex-m7\libc.a(lib_a-strlen.o)
                0x00406c14                strlen
 .text._svfprintf_r
                0x00406c70     0x1510 c:/isystem/winidea9/gcc/arm/bin/../lib/gcc/arm-none-eabi/4.9.3/../../../../arm-none-eabi/lib/cortex-m7\libc.a(lib_a-svfprintf.o)
                0x00406c70                _svfprintf_r
 .text.__sprint_r.part.0
                0x00408180       0x78 c:/isystem/winidea9/gcc/arm/bin/../lib/gcc/arm-none-eabi/4.9.3/../../../../arm-none-eabi/lib/cortex-m7\libc.a(lib_a-vfiprintf.o)
 .text.__sprint_r
                0x004081f8       0x18 c:/isystem/winidea9/gcc/arm/bin/../lib/gcc/arm-none-eabi/4.9.3/../../../../arm-none-eabi/lib/cortex-m7\libc.a(lib_a-vfiprintf.o)
                0x004081f8                __sprint_r
 .text._vfiprintf_r
                0x00408210      0xbf4 c:/isystem/winidea9/gcc/arm/bin/../lib/gcc/arm-none-eabi/4.9.3/../../../../arm-none-eabi/lib/cortex-m7\libc.a(lib_a-vfiprintf.o)
                0x00408210                _vfiprintf_r
 .text.__sbprintf
                0x00408e04       0x80 c:/isystem/winidea9/gcc/arm/bin/../lib/gcc/arm-none-eabi/4.9.3/../../../../arm-none-eabi/lib/cortex-m7\libc.a(lib_a-vfiprintf.o)
 .text._vfprintf_r
                0x00408e84     0x1554 c:/isystem/winidea9/gcc/arm/bin/../lib/gcc/arm-none-eabi/4.9.3/../../../../arm-none-eabi/lib/cortex-m7\libc.a(lib_a-vfprintf.o)
                0x00408e84                _vfprintf_r
 .text.__sbprintf
                0x0040a3d8       0x80 c:/isystem/winidea9/gcc/arm/bin/../lib/gcc/arm-none-eabi/4.9.3/../../../../arm-none-eabi/lib/cortex-m7\libc.a(lib_a-vfprintf.o)
 .text.__swsetup_r
                0x0040a458       0xc4 c:/isystem/winidea9/gcc/arm/bin/../lib/gcc/arm-none-eabi/4.9.3/../../../../arm-none-eabi/lib/cortex-m7\libc.a(lib_a-wsetup.o)
                0x0040a458                __swsetup_r
 .text.abort    0x0040a51c       0x10 c:/isystem/winidea9/gcc/arm/bin/../lib/gcc/arm-none-eabi/4.9.3/../../../../arm-none-eabi/lib/cortex-m7\libc.a(lib_a-abort.o)
                0x0040a51c                abort
 .text.quorem   0x0040a52c      0x140 c:/isystem/winidea9/gcc/arm/bin/../lib/gcc/arm-none-eabi/4.9.3/../../../../arm-none-eabi/lib/cortex-m7\libc.a(lib_a-dtoa.o)
 *fill*         0x0040a66c        0x4 
 .text._dtoa_r  0x0040a670      0xee8 c:/isystem/winidea9/gcc/arm/bin/../lib/gcc/arm-none-eabi/4.9.3/../../../../arm-none-eabi/lib/cortex-m7\libc.a(lib_a-dtoa.o)
                0x0040a670                _dtoa_r
 .text.__sflush_r
                0x0040b558      0x148 c:/isystem/winidea9/gcc/arm/bin/../lib/gcc/arm-none-eabi/4.9.3/../../../../arm-none-eabi/lib/cortex-m7\libc.a(lib_a-fflush.o)
                0x0040b558                __sflush_r
 .text._fflush_r
                0x0040b6a0       0x2c c:/isystem/winidea9/gcc/arm/bin/../lib/gcc/arm-none-eabi/4.9.3/../../../../arm-none-eabi/lib/cortex-m7\libc.a(lib_a-fflush.o)
                0x0040b6a0                _fflush_r
 .text._cleanup_r
                0x0040b6cc        0xc c:/isystem/winidea9/gcc/arm/bin/../lib/gcc/arm-none-eabi/4.9.3/../../../../arm-none-eabi/lib/cortex-m7\libc.a(lib_a-findfp.o)
                0x0040b6cc                _cleanup_r
 .text.__sinit.part.1
                0x0040b6d8       0xfc c:/isystem/winidea9/gcc/arm/bin/../lib/gcc/arm-none-eabi/4.9.3/../../../../arm-none-eabi/lib/cortex-m7\libc.a(lib_a-findfp.o)
 .text.__sinit  0x0040b7d4        0xc c:/isystem/winidea9/gcc/arm/bin/../lib/gcc/arm-none-eabi/4.9.3/../../../../arm-none-eabi/lib/cortex-m7\libc.a(lib_a-findfp.o)
                0x0040b7d4                __sinit
 .text.__sfp_lock_acquire
                0x0040b7e0        0x4 c:/isystem/winidea9/gcc/arm/bin/../lib/gcc/arm-none-eabi/4.9.3/../../../../arm-none-eabi/lib/cortex-m7\libc.a(lib_a-findfp.o)
                0x0040b7e0                __sfp_lock_acquire
 .text.__sfp_lock_release
                0x0040b7e4        0x4 c:/isystem/winidea9/gcc/arm/bin/../lib/gcc/arm-none-eabi/4.9.3/../../../../arm-none-eabi/lib/cortex-m7\libc.a(lib_a-findfp.o)
                0x0040b7e4                __sfp_lock_release
 .text.__fputwc
                0x0040b7e8       0xb0 c:/isystem/winidea9/gcc/arm/bin/../lib/gcc/arm-none-eabi/4.9.3/../../../../arm-none-eabi/lib/cortex-m7\libc.a(lib_a-fputwc.o)
                0x0040b7e8                __fputwc
 .text._fputwc_r
                0x0040b898       0x24 c:/isystem/winidea9/gcc/arm/bin/../lib/gcc/arm-none-eabi/4.9.3/../../../../arm-none-eabi/lib/cortex-m7\libc.a(lib_a-fputwc.o)
                0x0040b898                _fputwc_r
 .text._malloc_trim_r
                0x0040b8bc       0x9c c:/isystem/winidea9/gcc/arm/bin/../lib/gcc/arm-none-eabi/4.9.3/../../../../arm-none-eabi/lib/cortex-m7\libc.a(lib_a-freer.o)
                0x0040b8bc                _malloc_trim_r
 .text._free_r  0x0040b958      0x1b0 c:/isystem/winidea9/gcc/arm/bin/../lib/gcc/arm-none-eabi/4.9.3/../../../../arm-none-eabi/lib/cortex-m7\libc.a(lib_a-freer.o)
                0x0040b958                _free_r
 .text.__sfvwrite_r
                0x0040bb08      0x324 c:/isystem/winidea9/gcc/arm/bin/../lib/gcc/arm-none-eabi/4.9.3/../../../../arm-none-eabi/lib/cortex-m7\libc.a(lib_a-fvwrite.o)
                0x0040bb08                __sfvwrite_r
 .text._fwalk_reent
                0x0040be2c       0x50 c:/isystem/winidea9/gcc/arm/bin/../lib/gcc/arm-none-eabi/4.9.3/../../../../arm-none-eabi/lib/cortex-m7\libc.a(lib_a-fwalk.o)
                0x0040be2c                _fwalk_reent
 .text.__locale_charset
                0x0040be7c        0x8 c:/isystem/winidea9/gcc/arm/bin/../lib/gcc/arm-none-eabi/4.9.3/../../../../arm-none-eabi/lib/cortex-m7\libc.a(lib_a-locale.o)
                0x0040be7c                __locale_charset
 .text.__locale_mb_cur_max
                0x0040be84        0xc c:/isystem/winidea9/gcc/arm/bin/../lib/gcc/arm-none-eabi/4.9.3/../../../../arm-none-eabi/lib/cortex-m7\libc.a(lib_a-locale.o)
                0x0040be84                __locale_mb_cur_max
 .text._localeconv_r
                0x0040be90        0x8 c:/isystem/winidea9/gcc/arm/bin/../lib/gcc/arm-none-eabi/4.9.3/../../../../arm-none-eabi/lib/cortex-m7\libc.a(lib_a-locale.o)
                0x0040be90                _localeconv_r
 .text.__smakebuf_r
                0x0040be98       0xe4 c:/isystem/winidea9/gcc/arm/bin/../lib/gcc/arm-none-eabi/4.9.3/../../../../arm-none-eabi/lib/cortex-m7\libc.a(lib_a-makebuf.o)
                0x0040be98                __smakebuf_r
 .text.malloc   0x0040bf7c       0x10 c:/isystem/winidea9/gcc/arm/bin/../lib/gcc/arm-none-eabi/4.9.3/../../../../arm-none-eabi/lib/cortex-m7\libc.a(lib_a-malloc.o)
                0x0040bf7c                malloc
 .text._malloc_r
                0x0040bf8c      0x558 c:/isystem/winidea9/gcc/arm/bin/../lib/gcc/arm-none-eabi/4.9.3/../../../../arm-none-eabi/lib/cortex-m7\libc.a(lib_a-mallocr.o)
                0x0040bf8c                _malloc_r
 .text.memchr   0x0040c4e4       0x90 c:/isystem/winidea9/gcc/arm/bin/../lib/gcc/arm-none-eabi/4.9.3/../../../../arm-none-eabi/lib/cortex-m7\libc.a(lib_a-memchr.o)
                0x0040c4e4                memchr
 .text.memmove  0x0040c574       0xc4 c:/isystem/winidea9/gcc/arm/bin/../lib/gcc/arm-none-eabi/4.9.3/../../../../arm-none-eabi/lib/cortex-m7\libc.a(lib_a-memmove.o)
                0x0040c574                memmove
 .text.__malloc_lock
                0x0040c638        0x4 c:/isystem/winidea9/gcc/arm/bin/../lib/gcc/arm-none-eabi/4.9.3/../../../../arm-none-eabi/lib/cortex-m7\libc.a(lib_a-mlock.o)
                0x0040c638                __malloc_lock
 .text.__malloc_unlock
                0x0040c63c        0x4 c:/isystem/winidea9/gcc/arm/bin/../lib/gcc/arm-none-eabi/4.9.3/../../../../arm-none-eabi/lib/cortex-m7\libc.a(lib_a-mlock.o)
                0x0040c63c                __malloc_unlock
 .text._Balloc  0x0040c640       0x50 c:/isystem/winidea9/gcc/arm/bin/../lib/gcc/arm-none-eabi/4.9.3/../../../../arm-none-eabi/lib/cortex-m7\libc.a(lib_a-mprec.o)
                0x0040c640                _Balloc
 .text._Bfree   0x0040c690       0x14 c:/isystem/winidea9/gcc/arm/bin/../lib/gcc/arm-none-eabi/4.9.3/../../../../arm-none-eabi/lib/cortex-m7\libc.a(lib_a-mprec.o)
                0x0040c690                _Bfree
 .text.__multadd
                0x0040c6a4       0x84 c:/isystem/winidea9/gcc/arm/bin/../lib/gcc/arm-none-eabi/4.9.3/../../../../arm-none-eabi/lib/cortex-m7\libc.a(lib_a-mprec.o)
                0x0040c6a4                __multadd
 .text.__hi0bits
                0x0040c728       0x44 c:/isystem/winidea9/gcc/arm/bin/../lib/gcc/arm-none-eabi/4.9.3/../../../../arm-none-eabi/lib/cortex-m7\libc.a(lib_a-mprec.o)
                0x0040c728                __hi0bits
 .text.__lo0bits
                0x0040c76c       0x64 c:/isystem/winidea9/gcc/arm/bin/../lib/gcc/arm-none-eabi/4.9.3/../../../../arm-none-eabi/lib/cortex-m7\libc.a(lib_a-mprec.o)
                0x0040c76c                __lo0bits
 .text.__i2b    0x0040c7d0       0x14 c:/isystem/winidea9/gcc/arm/bin/../lib/gcc/arm-none-eabi/4.9.3/../../../../arm-none-eabi/lib/cortex-m7\libc.a(lib_a-mprec.o)
                0x0040c7d0                __i2b
 .text.__multiply
                0x0040c7e4      0x144 c:/isystem/winidea9/gcc/arm/bin/../lib/gcc/arm-none-eabi/4.9.3/../../../../arm-none-eabi/lib/cortex-m7\libc.a(lib_a-mprec.o)
                0x0040c7e4                __multiply
 .text.__pow5mult
                0x0040c928       0xa0 c:/isystem/winidea9/gcc/arm/bin/../lib/gcc/arm-none-eabi/4.9.3/../../../../arm-none-eabi/lib/cortex-m7\libc.a(lib_a-mprec.o)
                0x0040c928                __pow5mult
 .text.__lshift
                0x0040c9c8       0xb4 c:/isystem/winidea9/gcc/arm/bin/../lib/gcc/arm-none-eabi/4.9.3/../../../../arm-none-eabi/lib/cortex-m7\libc.a(lib_a-mprec.o)
                0x0040c9c8                __lshift
 .text.__mcmp   0x0040ca7c       0x48 c:/isystem/winidea9/gcc/arm/bin/../lib/gcc/arm-none-eabi/4.9.3/../../../../arm-none-eabi/lib/cortex-m7\libc.a(lib_a-mprec.o)
                0x0040ca7c                __mcmp
 .text.__mdiff  0x0040cac4       0xe4 c:/isystem/winidea9/gcc/arm/bin/../lib/gcc/arm-none-eabi/4.9.3/../../../../arm-none-eabi/lib/cortex-m7\libc.a(lib_a-mprec.o)
                0x0040cac4                __mdiff
 .text.__d2b    0x0040cba8       0xb0 c:/isystem/winidea9/gcc/arm/bin/../lib/gcc/arm-none-eabi/4.9.3/../../../../arm-none-eabi/lib/cortex-m7\libc.a(lib_a-mprec.o)
                0x0040cba8                __d2b
 .text._putc_r  0x0040cc58       0x58 c:/isystem/winidea9/gcc/arm/bin/../lib/gcc/arm-none-eabi/4.9.3/../../../../arm-none-eabi/lib/cortex-m7\libc.a(lib_a-putc.o)
                0x0040cc58                _putc_r
 .text._realloc_r
                0x0040ccb0      0x3f0 c:/isystem/winidea9/gcc/arm/bin/../lib/gcc/arm-none-eabi/4.9.3/../../../../arm-none-eabi/lib/cortex-m7\libc.a(lib_a-reallocr.o)
                0x0040ccb0                _realloc_r
 .text.__fpclassifyd
                0x0040d0a0       0x44 c:/isystem/winidea9/gcc/arm/bin/../lib/gcc/arm-none-eabi/4.9.3/../../../../arm-none-eabi/lib/cortex-m7\libc.a(lib_a-s_fpclassify.o)
                0x0040d0a0                __fpclassifyd
 .text._sbrk_r  0x0040d0e4       0x24 c:/isystem/winidea9/gcc/arm/bin/../lib/gcc/arm-none-eabi/4.9.3/../../../../arm-none-eabi/lib/cortex-m7\libc.a(lib_a-sbrkr.o)
                0x0040d0e4                _sbrk_r
 .text._raise_r
                0x0040d108       0x58 c:/isystem/winidea9/gcc/arm/bin/../lib/gcc/arm-none-eabi/4.9.3/../../../../arm-none-eabi/lib/cortex-m7\libc.a(lib_a-signal.o)
                0x0040d108                _raise_r
 .text.raise    0x0040d160       0x10 c:/isystem/winidea9/gcc/arm/bin/../lib/gcc/arm-none-eabi/4.9.3/../../../../arm-none-eabi/lib/cortex-m7\libc.a(lib_a-signal.o)
                0x0040d160                raise
 .text._kill_r  0x0040d170       0x28 c:/isystem/winidea9/gcc/arm/bin/../lib/gcc/arm-none-eabi/4.9.3/../../../../arm-none-eabi/lib/cortex-m7\libc.a(lib_a-signalr.o)
                0x0040d170                _kill_r
 .text._getpid_r
                0x0040d198        0x4 c:/isystem/winidea9/gcc/arm/bin/../lib/gcc/arm-none-eabi/4.9.3/../../../../arm-none-eabi/lib/cortex-m7\libc.a(lib_a-signalr.o)
                0x0040d198                _getpid_r
 .text.__sread  0x0040d19c       0x24 c:/isystem/winidea9/gcc/arm/bin/../lib/gcc/arm-none-eabi/4.9.3/../../../../arm-none-eabi/lib/cortex-m7\libc.a(lib_a-stdio.o)
                0x0040d19c                __sread
 .text.__swrite
                0x0040d1c0       0x38 c:/isystem/winidea9/gcc/arm/bin/../lib/gcc/arm-none-eabi/4.9.3/../../../../arm-none-eabi/lib/cortex-m7\libc.a(lib_a-stdio.o)
                0x0040d1c0                __swrite
 .text.__sseek  0x0040d1f8       0x24 c:/isystem/winidea9/gcc/arm/bin/../lib/gcc/arm-none-eabi/4.9.3/../../../../arm-none-eabi/lib/cortex-m7\libc.a(lib_a-stdio.o)
                0x0040d1f8                __sseek
 .text.__sclose
                0x0040d21c        0x8 c:/isystem/winidea9/gcc/arm/bin/../lib/gcc/arm-none-eabi/4.9.3/../../../../arm-none-eabi/lib/cortex-m7\libc.a(lib_a-stdio.o)
                0x0040d21c                __sclose
 .text.__ssprint_r
                0x0040d224      0x110 c:/isystem/winidea9/gcc/arm/bin/../lib/gcc/arm-none-eabi/4.9.3/../../../../arm-none-eabi/lib/cortex-m7\libc.a(lib_a-svfiprintf.o)
                0x0040d224                __ssprint_r
 .text.__swbuf_r
                0x0040d334       0xa8 c:/isystem/winidea9/gcc/arm/bin/../lib/gcc/arm-none-eabi/4.9.3/../../../../arm-none-eabi/lib/cortex-m7\libc.a(lib_a-wbuf.o)
                0x0040d334                __swbuf_r
 .text._wcrtomb_r
                0x0040d3dc       0x54 c:/isystem/winidea9/gcc/arm/bin/../lib/gcc/arm-none-eabi/4.9.3/../../../../arm-none-eabi/lib/cortex-m7\libc.a(lib_a-wcrtomb.o)
                0x0040d3dc                _wcrtomb_r
 .text.__ascii_wctomb
                0x0040d430       0x18 c:/isystem/winidea9/gcc/arm/bin/../lib/gcc/arm-none-eabi/4.9.3/../../../../arm-none-eabi/lib/cortex-m7\libc.a(lib_a-wctomb_r.o)
                0x0040d430                __ascii_wctomb
 .text._write_r
                0x0040d448       0x28 c:/isystem/winidea9/gcc/arm/bin/../lib/gcc/arm-none-eabi/4.9.3/../../../../arm-none-eabi/lib/cortex-m7\libc.a(lib_a-writer.o)
                0x0040d448                _write_r
 .text._calloc_r
                0x0040d470       0x60 c:/isystem/winidea9/gcc/arm/bin/../lib/gcc/arm-none-eabi/4.9.3/../../../../arm-none-eabi/lib/cortex-m7\libc.a(lib_a-callocr.o)
                0x0040d470                _calloc_r
 .text._close_r
                0x0040d4d0       0x24 c:/isystem/winidea9/gcc/arm/bin/../lib/gcc/arm-none-eabi/4.9.3/../../../../arm-none-eabi/lib/cortex-m7\libc.a(lib_a-closer.o)
                0x0040d4d0                _close_r
 .text._fclose_r
                0x0040d4f4       0x84 c:/isystem/winidea9/gcc/arm/bin/../lib/gcc/arm-none-eabi/4.9.3/../../../../arm-none-eabi/lib/cortex-m7\libc.a(lib_a-fclose.o)
                0x0040d4f4                _fclose_r
 .text._fstat_r
                0x0040d578       0x28 c:/isystem/winidea9/gcc/arm/bin/../lib/gcc/arm-none-eabi/4.9.3/../../../../arm-none-eabi/lib/cortex-m7\libc.a(lib_a-fstatr.o)
                0x0040d578                _fstat_r
 .text._isatty_r
                0x0040d5a0       0x24 c:/isystem/winidea9/gcc/arm/bin/../lib/gcc/arm-none-eabi/4.9.3/../../../../arm-none-eabi/lib/cortex-m7\libc.a(lib_a-isattyr.o)
                0x0040d5a0                _isatty_r
 .text._lseek_r
                0x0040d5c4       0x28 c:/isystem/winidea9/gcc/arm/bin/../lib/gcc/arm-none-eabi/4.9.3/../../../../arm-none-eabi/lib/cortex-m7\libc.a(lib_a-lseekr.o)
                0x0040d5c4                _lseek_r
 .text._read_r  0x0040d5ec       0x28 c:/isystem/winidea9/gcc/arm/bin/../lib/gcc/arm-none-eabi/4.9.3/../../../../arm-none-eabi/lib/cortex-m7\libc.a(lib_a-readr.o)
                0x0040d5ec                _read_r
 .text          0x0040d614      0x370 c:/isystem/winidea9/gcc/arm/bin/../lib/gcc/arm-none-eabi/4.9.3/cortex-m7\libgcc.a(_arm_addsubdf3.o)
                0x0040d614                __aeabi_drsub
                0x0040d61c                __aeabi_dsub
                0x0040d61c                __subdf3
                0x0040d620                __aeabi_dadd
                0x0040d620                __adddf3
                0x0040d898                __floatunsidf
                0x0040d898                __aeabi_ui2d
                0x0040d8b8                __floatsidf
                0x0040d8b8                __aeabi_i2d
                0x0040d8dc                __aeabi_f2d
                0x0040d8dc                __extendsfdf2
                0x0040d918                __floatundidf
                0x0040d918                __aeabi_ul2d
                0x0040d928                __floatdidf
                0x0040d928                __aeabi_l2d
 .text          0x0040d984      0x424 c:/isystem/winidea9/gcc/arm/bin/../lib/gcc/arm-none-eabi/4.9.3/cortex-m7\libgcc.a(_arm_muldivdf3.o)
                0x0040d984                __aeabi_dmul
                0x0040d984                __muldf3
                0x0040dbd8                __divdf3
                0x0040dbd8                __aeabi_ddiv
 .text          0x0040dda8      0x110 c:/isystem/winidea9/gcc/arm/bin/../lib/gcc/arm-none-eabi/4.9.3/cortex-m7\libgcc.a(_arm_cmpdf2.o)
                0x0040dda8                __gtdf2
                0x0040dda8                __gedf2
                0x0040ddb0                __ltdf2
                0x0040ddb0                __ledf2
                0x0040ddb8                __nedf2
                0x0040ddb8                __eqdf2
                0x0040ddb8                __cmpdf2
                0x0040de34                __aeabi_cdrcmple
                0x0040de44                __aeabi_cdcmpeq
                0x0040de44                __aeabi_cdcmple
                0x0040de54                __aeabi_dcmpeq
                0x0040de68                __aeabi_dcmplt
                0x0040de7c                __aeabi_dcmple
                0x0040de90                __aeabi_dcmpge
                0x0040dea4                __aeabi_dcmpgt
 .text          0x0040deb8       0x50 c:/isystem/winidea9/gcc/arm/bin/../lib/gcc/arm-none-eabi/4.9.3/cortex-m7\libgcc.a(_arm_fixdfsi.o)
                0x0040deb8                __aeabi_d2iz
                0x0040deb8                __fixdfsi
 .text          0x0040df08       0x30 c:/isystem/winidea9/gcc/arm/bin/../lib/gcc/arm-none-eabi/4.9.3/cortex-m7\libgcc.a(_aeabi_uldivmod.o)
                0x0040df08                __aeabi_uldivmod
 .text          0x0040df38       0x60 c:/isystem/winidea9/gcc/arm/bin/../lib/gcc/arm-none-eabi/4.9.3/cortex-m7\libgcc.a(bpabi.o)
                0x0040df38                __gnu_ldivmod_helper
                0x0040df68                __gnu_uldivmod_helper
 .text          0x0040df98        0x4 c:/isystem/winidea9/gcc/arm/bin/../lib/gcc/arm-none-eabi/4.9.3/cortex-m7\libgcc.a(_dvmd_tls.o)
                0x0040df98                __aeabi_idiv0
                0x0040df98                __aeabi_ldiv0
 .text          0x0040df9c      0x284 c:/isystem/winidea9/gcc/arm/bin/../lib/gcc/arm-none-eabi/4.9.3/cortex-m7\libgcc.a(_divdi3.o)
                0x0040df9c                __divdi3
 .text          0x0040e220      0x248 c:/isystem/winidea9/gcc/arm/bin/../lib/gcc/arm-none-eabi/4.9.3/cortex-m7\libgcc.a(_udivdi3.o)
                0x0040e220                __udivdi3
 *(.glue_7t)
 .glue_7t       0x00000000        0x0 linker stubs
 *(.glue_7)
 .glue_7        0x00000000        0x0 linker stubs
 *(.rodata .rodata* .gnu.linkonce.r.*)
 .rodata        0x0040e468        0x7 D:\SAMV71x\app\FreeRTOS_Blinky_Full\SAMV71_Xplained_Ultra\Debug\main_blinky.o
 *fill*         0x0040e46f        0x1 
 .rodata        0x0040e470       0x19 D:\SAMV71x\app\FreeRTOS_Blinky_Full\SAMV71_Xplained_Ultra\Debug\syscalls.o
 *fill*         0x0040e489        0x3 
 .rodata        0x0040e48c        0xd D:\SAMV71x\app\FreeRTOS_Blinky_Full\SAMV71_Xplained_Ultra\Debug\timers.o
 *fill*         0x0040e499        0x3 
 .rodata        0x0040e49c       0x2c D:\SAMV71x\app\FreeRTOS_Blinky_Full\SAMV71_Xplained_Ultra\Debug\tasks.o
 .rodata        0x0040e4c8       0xf7 D:\SAMV71x\app\FreeRTOS_Blinky_Full\SAMV71_Xplained_Ultra\Debug\dbg_console.o
 *fill*         0x0040e5bf        0x1 
 .rodata        0x0040e5c0       0x1c D:\SAMV71x\app\FreeRTOS_Blinky_Full\SAMV71_Xplained_Ultra\Debug\led.o
 .rodata        0x0040e5dc       0x94 D:\SAMV71x\app\FreeRTOS_Blinky_Full\SAMV71_Xplained_Ultra\Debug\pmc.o
 .rodata.str1.4
                0x0040e670       0x3f c:/isystem/winidea9/gcc/arm/bin/../lib/gcc/arm-none-eabi/4.9.3/../../../../arm-none-eabi/lib/cortex-m7\libc.a(lib_a-assert.o)
                                 0x43 (size before relaxing)
 *fill*         0x0040e6af        0x1 
 .rodata.str1.4
                0x0040e6b0        0x2 c:/isystem/winidea9/gcc/arm/bin/../lib/gcc/arm-none-eabi/4.9.3/../../../../arm-none-eabi/lib/cortex-m7\libc.a(lib_a-impure.o)
 *fill*         0x0040e6b2        0x2 
 .rodata.zeroes.6911
                0x0040e6b4       0x10 c:/isystem/winidea9/gcc/arm/bin/../lib/gcc/arm-none-eabi/4.9.3/../../../../arm-none-eabi/lib/cortex-m7\libc.a(lib_a-svfprintf.o)
 .rodata.blanks.6910
                0x0040e6c4       0x10 c:/isystem/winidea9/gcc/arm/bin/../lib/gcc/arm-none-eabi/4.9.3/../../../../arm-none-eabi/lib/cortex-m7\libc.a(lib_a-svfprintf.o)
 .rodata.str1.4
                0x0040e6d4       0x42 c:/isystem/winidea9/gcc/arm/bin/../lib/gcc/arm-none-eabi/4.9.3/../../../../arm-none-eabi/lib/cortex-m7\libc.a(lib_a-svfprintf.o)
 *fill*         0x0040e716        0x2 
 .rodata.zeroes.6869
                0x0040e718       0x10 c:/isystem/winidea9/gcc/arm/bin/../lib/gcc/arm-none-eabi/4.9.3/../../../../arm-none-eabi/lib/cortex-m7\libc.a(lib_a-vfiprintf.o)
 .rodata.str1.4
                0x00000000       0x2f c:/isystem/winidea9/gcc/arm/bin/../lib/gcc/arm-none-eabi/4.9.3/../../../../arm-none-eabi/lib/cortex-m7\libc.a(lib_a-vfiprintf.o)
 .rodata.blanks.6868
                0x0040e728       0x10 c:/isystem/winidea9/gcc/arm/bin/../lib/gcc/arm-none-eabi/4.9.3/../../../../arm-none-eabi/lib/cortex-m7\libc.a(lib_a-vfiprintf.o)
 .rodata.zeroes.6926
                0x0040e738       0x10 c:/isystem/winidea9/gcc/arm/bin/../lib/gcc/arm-none-eabi/4.9.3/../../../../arm-none-eabi/lib/cortex-m7\libc.a(lib_a-vfprintf.o)
 .rodata.str1.4
                0x00000000       0x42 c:/isystem/winidea9/gcc/arm/bin/../lib/gcc/arm-none-eabi/4.9.3/../../../../arm-none-eabi/lib/cortex-m7\libc.a(lib_a-vfprintf.o)
 .rodata.blanks.6925
                0x0040e748       0x10 c:/isystem/winidea9/gcc/arm/bin/../lib/gcc/arm-none-eabi/4.9.3/../../../../arm-none-eabi/lib/cortex-m7\libc.a(lib_a-vfprintf.o)
 .rodata.str1.4
                0x0040e758       0x10 c:/isystem/winidea9/gcc/arm/bin/../lib/gcc/arm-none-eabi/4.9.3/../../../../arm-none-eabi/lib/cortex-m7\libc.a(lib_a-dtoa.o)
                                 0x12 (size before relaxing)
 .rodata.str1.4
                0x0040e768        0xc c:/isystem/winidea9/gcc/arm/bin/../lib/gcc/arm-none-eabi/4.9.3/../../../../arm-none-eabi/lib/cortex-m7\libc.a(lib_a-locale.o)
                                 0x12 (size before relaxing)
 *fill*         0x0040e774        0x4 
 .rodata.__mprec_tens
                0x0040e778       0xc8 c:/isystem/winidea9/gcc/arm/bin/../lib/gcc/arm-none-eabi/4.9.3/../../../../arm-none-eabi/lib/cortex-m7\libc.a(lib_a-mprec.o)
                0x0040e778                __mprec_tens
 .rodata.p05.5302
                0x0040e840        0xc c:/isystem/winidea9/gcc/arm/bin/../lib/gcc/arm-none-eabi/4.9.3/../../../../arm-none-eabi/lib/cortex-m7\libc.a(lib_a-mprec.o)
 *fill*         0x0040e84c        0x4 
 .rodata.__mprec_bigtens
                0x0040e850       0x28 c:/isystem/winidea9/gcc/arm/bin/../lib/gcc/arm-none-eabi/4.9.3/../../../../arm-none-eabi/lib/cortex-m7\libc.a(lib_a-mprec.o)
                0x0040e850                __mprec_bigtens
 *(.ARM.extab* .gnu.linkonce.armextab.*)
                0x0040e878                . = ALIGN (0x4)
 *(.init)
                0x0040e878                . = ALIGN (0x4)
                0x0040e878                __preinit_array_start = .
 *(.preinit_array)
                0x0040e878                __preinit_array_end = .
                0x0040e878                . = ALIGN (0x4)
                0x0040e878                __init_array_start = .
 *(SORT(.init_array.*))
 *(.init_array)
                0x0040e878                __init_array_end = .
                0x0040e878                . = ALIGN (0x4)
 *crtbegin.o(.ctors)
 *(EXCLUDE_FILE(*crtend.o) .ctors)
 *(SORT(.ctors.*))
 *crtend.o(.ctors)
                0x0040e878                . = ALIGN (0x4)
 *(.fini)
                0x0040e878                . = ALIGN (0x4)
                0x0040e878                __fini_array_start = .
 *(.fini_array)
 *(SORT(.fini_array.*))
                0x0040e878                __fini_array_end = .
 *crtbegin.o(.dtors)
 *(EXCLUDE_FILE(*crtend.o) .dtors)
 *(SORT(.dtors.*))
 *crtend.o(.dtors)
                0x0040e878                . = ALIGN (0x4)
                0x0040e878                _efixed = .
                0x0040e878                PROVIDE (__exidx_start, .)

.vfp11_veneer   0x0040e878        0x0
 .vfp11_veneer  0x00000000        0x0 linker stubs

.v4_bx          0x0040e878        0x0
 .v4_bx         0x00000000        0x0 linker stubs

.iplt           0x0040e878        0x0
 .iplt          0x00000000        0x0 D:\SAMV71x\app\FreeRTOS_Blinky_Full\SAMV71_Xplained_Ultra\Debug\main.o

.igot.plt       0x0040e878        0x0
 .igot.plt      0x00000000        0x0 D:\SAMV71x\app\FreeRTOS_Blinky_Full\SAMV71_Xplained_Ultra\Debug\main.o

.ARM.exidx      0x0040e878        0x8
 *(.ARM.exidx* .gnu.linkonce.armexidx.*)
 .ARM.exidx     0x0040e878        0x8 c:/isystem/winidea9/gcc/arm/bin/../lib/gcc/arm-none-eabi/4.9.3/cortex-m7\libgcc.a(_divdi3.o)
 .ARM.exidx     0x0040e880        0x0 c:/isystem/winidea9/gcc/arm/bin/../lib/gcc/arm-none-eabi/4.9.3/cortex-m7\libgcc.a(_udivdi3.o)
                                  0x8 (size before relaxing)
                0x0040e880                PROVIDE (__exidx_end, .)

.rel.dyn        0x0040e880        0x0
 .rel.iplt      0x00000000        0x0 D:\SAMV71x\app\FreeRTOS_Blinky_Full\SAMV71_Xplained_Ultra\Debug\main.o
                0x0040e880                . = ALIGN (0x4)
                0x0040e880                _etext = .

.relocate       0x20400000      0x8ac load address 0x0040e880
                0x20400000                . = ALIGN (0x4)
                0x20400000                _srelocate = .
 *(.ramfunc .ramfunc.*)
 *(.data .data.*)
 .data          0x20400000        0x4 D:\SAMV71x\app\FreeRTOS_Blinky_Full\SAMV71_Xplained_Ultra\Debug\system_sam.o
                0x20400000                SystemCoreClock
 .data          0x20400004        0x4 D:\SAMV71x\app\FreeRTOS_Blinky_Full\SAMV71_Xplained_Ultra\Debug\tasks.o
 .data          0x20400008        0x4 D:\SAMV71x\app\FreeRTOS_Blinky_Full\SAMV71_Xplained_Ultra\Debug\port.o
 *fill*         0x2040000c        0x4 
 .data.impure_data
                0x20400010      0x428 c:/isystem/winidea9/gcc/arm/bin/../lib/gcc/arm-none-eabi/4.9.3/../../../../arm-none-eabi/lib/cortex-m7\libc.a(lib_a-impure.o)
 .data._impure_ptr
                0x20400438        0x4 c:/isystem/winidea9/gcc/arm/bin/../lib/gcc/arm-none-eabi/4.9.3/../../../../arm-none-eabi/lib/cortex-m7\libc.a(lib_a-impure.o)
                0x20400438                _impure_ptr
 .data.lconv    0x2040043c       0x38 c:/isystem/winidea9/gcc/arm/bin/../lib/gcc/arm-none-eabi/4.9.3/../../../../arm-none-eabi/lib/cortex-m7\libc.a(lib_a-locale.o)
 .data.lc_ctype_charset
                0x20400474       0x20 c:/isystem/winidea9/gcc/arm/bin/../lib/gcc/arm-none-eabi/4.9.3/../../../../arm-none-eabi/lib/cortex-m7\libc.a(lib_a-locale.o)
 .data.__mb_cur_max
                0x20400494        0x4 c:/isystem/winidea9/gcc/arm/bin/../lib/gcc/arm-none-eabi/4.9.3/../../../../arm-none-eabi/lib/cortex-m7\libc.a(lib_a-locale.o)
                0x20400494                __mb_cur_max
 .data.__malloc_av_
                0x20400498      0x408 c:/isystem/winidea9/gcc/arm/bin/../lib/gcc/arm-none-eabi/4.9.3/../../../../arm-none-eabi/lib/cortex-m7\libc.a(lib_a-mallocr.o)
                0x20400498                __malloc_av_
 .data.__malloc_trim_threshold
                0x204008a0        0x4 c:/isystem/winidea9/gcc/arm/bin/../lib/gcc/arm-none-eabi/4.9.3/../../../../arm-none-eabi/lib/cortex-m7\libc.a(lib_a-mallocr.o)
                0x204008a0                __malloc_trim_threshold
 .data.__malloc_sbrk_base
                0x204008a4        0x4 c:/isystem/winidea9/gcc/arm/bin/../lib/gcc/arm-none-eabi/4.9.3/../../../../arm-none-eabi/lib/cortex-m7\libc.a(lib_a-mallocr.o)
                0x204008a4                __malloc_sbrk_base
 .data.__wctomb
                0x204008a8        0x4 c:/isystem/winidea9/gcc/arm/bin/../lib/gcc/arm-none-eabi/4.9.3/../../../../arm-none-eabi/lib/cortex-m7\libc.a(lib_a-wctomb_r.o)
                0x204008a8                __wctomb
                0x204008ac                . = ALIGN (0x4)
                0x204008ac                _erelocate = .

.bss            0x204008ac     0xba08 load address 0x0040f12c
                0x204008ac                . = ALIGN (0x4)
                0x204008ac                _sbss = .
                0x204008ac                _szero = .
 *(.bss .bss.*)
 .bss           0x204008ac        0xc D:\SAMV71x\app\FreeRTOS_Blinky_Full\SAMV71_Xplained_Ultra\Debug\main_blinky.o
 .bss           0x204008b8        0xc D:\SAMV71x\app\FreeRTOS_Blinky_Full\SAMV71_Xplained_Ultra\Debug\syscalls.o
 .bss           0x204008c4       0x40 D:\SAMV71x\app\FreeRTOS_Blinky_Full\SAMV71_Xplained_Ultra\Debug\timers.o
 .bss           0x20400904      0x104 D:\SAMV71x\app\FreeRTOS_Blinky_Full\SAMV71_Xplained_Ultra\Debug\tasks.o
                0x2040090c                pxCurrentTCB
 .bss           0x20400a08     0xb820 D:\SAMV71x\app\FreeRTOS_Blinky_Full\SAMV71_Xplained_Ultra\Debug\heap_4.o
 .bss           0x2040c228        0xc D:\SAMV71x\app\FreeRTOS_Blinky_Full\SAMV71_Xplained_Ultra\Debug\port.o
 .bss           0x2040c234        0x6 D:\SAMV71x\app\FreeRTOS_Blinky_Full\SAMV71_Xplained_Ultra\Debug\dbg_console.o
 *fill*         0x2040c23a        0x2 
 .bss.__malloc_max_total_mem
                0x2040c23c        0x4 c:/isystem/winidea9/gcc/arm/bin/../lib/gcc/arm-none-eabi/4.9.3/../../../../arm-none-eabi/lib/cortex-m7\libc.a(lib_a-mallocr.o)
                0x2040c23c                __malloc_max_total_mem
 .bss.__malloc_max_sbrked_mem
                0x2040c240        0x4 c:/isystem/winidea9/gcc/arm/bin/../lib/gcc/arm-none-eabi/4.9.3/../../../../arm-none-eabi/lib/cortex-m7\libc.a(lib_a-mallocr.o)
                0x2040c240                __malloc_max_sbrked_mem
 .bss.__malloc_top_pad
                0x2040c244        0x4 c:/isystem/winidea9/gcc/arm/bin/../lib/gcc/arm-none-eabi/4.9.3/../../../../arm-none-eabi/lib/cortex-m7\libc.a(lib_a-mallocr.o)
                0x2040c244                __malloc_top_pad
 .bss.__malloc_current_mallinfo
                0x2040c248       0x28 c:/isystem/winidea9/gcc/arm/bin/../lib/gcc/arm-none-eabi/4.9.3/../../../../arm-none-eabi/lib/cortex-m7\libc.a(lib_a-mallocr.o)
                0x2040c248                __malloc_current_mallinfo
 *(COMMON)
 COMMON         0x2040c270       0x40 D:\SAMV71x\app\FreeRTOS_Blinky_Full\SAMV71_Xplained_Ultra\Debug\queue.o
                0x2040c270                xQueueRegistry
 COMMON         0x2040c2b0        0x4 c:/isystem/winidea9/gcc/arm/bin/../lib/gcc/arm-none-eabi/4.9.3/../../../../arm-none-eabi/lib/cortex-m7\libc.a(lib_a-reent.o)
                0x2040c2b0                errno
                0x2040c2b4                . = ALIGN (0x4)
                0x2040c2b4                _ebss = .
                0x2040c2b4                _ezero = .

.stack          0x2040c2b4     0x2004 load address 0x0041ab34
                0x2040c2b8                . = ALIGN (0x8)
 *fill*         0x2040c2b4        0x4 
                0x2040c2b8                _sstack = .
                0x2040e2b8                . = (. + STACK_SIZE)
 *fill*         0x2040c2b8     0x2000 
                0x2040e2b8                . = ALIGN (0x8)
                0x2040e2b8                _estack = .

.heap           0x2040e2b8     0x1000 load address 0x0041cb38
                0x2040e2b8                . = ALIGN (0x8)
                0x2040e2b8                _sheap = .
                0x2040f2b8                . = (. + HEAP_SIZE)
 *fill*         0x2040e2b8     0x1000 
                0x2040f2b8                . = ALIGN (0x8)
                0x2040f2b8                _eheap = .
                0x2040f2b8                . = ALIGN (0x4)
                0x2040f2b8                _end = .
                0x2045ffff                _ram_end_ = ((ORIGIN (ram) + 0x60000) - 0x1)
                0x2040f2b8                _sdram_lma = .

sdram_region
 *(sdram_region)
LOAD c:/isystem/winidea9/gcc/arm/bin/../lib/gcc/arm-none-eabi/4.9.3/../../../../arm-none-eabi/lib/cortex-m7\libc.a
LOAD c:/isystem/winidea9/gcc/arm/bin/../lib/gcc/arm-none-eabi/4.9.3/cortex-m7\libgcc.a
LOAD c:/isystem/winidea9/gcc/arm/bin/../lib/gcc/arm-none-eabi/4.9.3/../../../../arm-none-eabi/lib/cortex-m7\libm.a
OUTPUT(FreeRTOS_Blinky.elf elf32-littlearm)

.debug_info     0x00000000     0x9e91
 .debug_info    0x00000000      0x650 D:\SAMV71x\app\FreeRTOS_Blinky_Full\SAMV71_Xplained_Ultra\Debug\main.o
 .debug_info    0x00000650      0x1db D:\SAMV71x\app\FreeRTOS_Blinky_Full\SAMV71_Xplained_Ultra\Debug\main_blinky.o
 .debug_info    0x0000082b      0x515 D:\SAMV71x\app\FreeRTOS_Blinky_Full\SAMV71_Xplained_Ultra\Debug\system_sam.o
 .debug_info    0x00000d40      0x4cc D:\SAMV71x\app\FreeRTOS_Blinky_Full\SAMV71_Xplained_Ultra\Debug\syscalls.o
 .debug_info    0x0000120c      0x9c8 D:\SAMV71x\app\FreeRTOS_Blinky_Full\SAMV71_Xplained_Ultra\Debug\startup_sam.o
 .debug_info    0x00001bd4      0xbc5 D:\SAMV71x\app\FreeRTOS_Blinky_Full\SAMV71_Xplained_Ultra\Debug\timers.o
 .debug_info    0x00002799      0x301 D:\SAMV71x\app\FreeRTOS_Blinky_Full\SAMV71_Xplained_Ultra\Debug\list.o
 .debug_info    0x00002a9a     0x1517 D:\SAMV71x\app\FreeRTOS_Blinky_Full\SAMV71_Xplained_Ultra\Debug\queue.o
 .debug_info    0x00003fb1     0x1e06 D:\SAMV71x\app\FreeRTOS_Blinky_Full\SAMV71_Xplained_Ultra\Debug\tasks.o
 .debug_info    0x00005db7      0x441 D:\SAMV71x\app\FreeRTOS_Blinky_Full\SAMV71_Xplained_Ultra\Debug\heap_4.o
 .debug_info    0x000061f8      0x526 D:\SAMV71x\app\FreeRTOS_Blinky_Full\SAMV71_Xplained_Ultra\Debug\port.o
 .debug_info    0x0000671e     0x14dc D:\SAMV71x\app\FreeRTOS_Blinky_Full\SAMV71_Xplained_Ultra\Debug\dbg_console.o
 .debug_info    0x00007bfa      0x4f5 D:\SAMV71x\app\FreeRTOS_Blinky_Full\SAMV71_Xplained_Ultra\Debug\board_lowlevel.o
 .debug_info    0x000080ef      0x6f3 D:\SAMV71x\app\FreeRTOS_Blinky_Full\SAMV71_Xplained_Ultra\Debug\led.o
 .debug_info    0x000087e2      0x1fd D:\SAMV71x\app\FreeRTOS_Blinky_Full\SAMV71_Xplained_Ultra\Debug\wdt.o
 .debug_info    0x000089df      0x78b D:\SAMV71x\app\FreeRTOS_Blinky_Full\SAMV71_Xplained_Ultra\Debug\pmc.o
 .debug_info    0x0000916a      0xa00 D:\SAMV71x\app\FreeRTOS_Blinky_Full\SAMV71_Xplained_Ultra\Debug\pio.o
 .debug_info    0x00009b6a      0x327 D:\SAMV71x\app\FreeRTOS_Blinky_Full\SAMV71_Xplained_Ultra\Debug\mpu.o

.debug_abbrev   0x00000000     0x1caf
 .debug_abbrev  0x00000000      0x234 D:\SAMV71x\app\FreeRTOS_Blinky_Full\SAMV71_Xplained_Ultra\Debug\main.o
 .debug_abbrev  0x00000234       0xbd D:\SAMV71x\app\FreeRTOS_Blinky_Full\SAMV71_Xplained_Ultra\Debug\main_blinky.o
 .debug_abbrev  0x000002f1      0x127 D:\SAMV71x\app\FreeRTOS_Blinky_Full\SAMV71_Xplained_Ultra\Debug\system_sam.o
 .debug_abbrev  0x00000418      0x15e D:\SAMV71x\app\FreeRTOS_Blinky_Full\SAMV71_Xplained_Ultra\Debug\syscalls.o
 .debug_abbrev  0x00000576      0x1a0 D:\SAMV71x\app\FreeRTOS_Blinky_Full\SAMV71_Xplained_Ultra\Debug\startup_sam.o
 .debug_abbrev  0x00000716      0x202 D:\SAMV71x\app\FreeRTOS_Blinky_Full\SAMV71_Xplained_Ultra\Debug\timers.o
 .debug_abbrev  0x00000918       0xea D:\SAMV71x\app\FreeRTOS_Blinky_Full\SAMV71_Xplained_Ultra\Debug\list.o
 .debug_abbrev  0x00000a02      0x21c D:\SAMV71x\app\FreeRTOS_Blinky_Full\SAMV71_Xplained_Ultra\Debug\queue.o
 .debug_abbrev  0x00000c1e      0x292 D:\SAMV71x\app\FreeRTOS_Blinky_Full\SAMV71_Xplained_Ultra\Debug\tasks.o
 .debug_abbrev  0x00000eb0      0x1f0 D:\SAMV71x\app\FreeRTOS_Blinky_Full\SAMV71_Xplained_Ultra\Debug\heap_4.o
 .debug_abbrev  0x000010a0      0x1d1 D:\SAMV71x\app\FreeRTOS_Blinky_Full\SAMV71_Xplained_Ultra\Debug\port.o
 .debug_abbrev  0x00001271      0x26e D:\SAMV71x\app\FreeRTOS_Blinky_Full\SAMV71_Xplained_Ultra\Debug\dbg_console.o
 .debug_abbrev  0x000014df      0x12f D:\SAMV71x\app\FreeRTOS_Blinky_Full\SAMV71_Xplained_Ultra\Debug\board_lowlevel.o
 .debug_abbrev  0x0000160e      0x113 D:\SAMV71x\app\FreeRTOS_Blinky_Full\SAMV71_Xplained_Ultra\Debug\led.o
 .debug_abbrev  0x00001721       0xdf D:\SAMV71x\app\FreeRTOS_Blinky_Full\SAMV71_Xplained_Ultra\Debug\wdt.o
 .debug_abbrev  0x00001800      0x1ce D:\SAMV71x\app\FreeRTOS_Blinky_Full\SAMV71_Xplained_Ultra\Debug\pmc.o
 .debug_abbrev  0x000019ce      0x19d D:\SAMV71x\app\FreeRTOS_Blinky_Full\SAMV71_Xplained_Ultra\Debug\pio.o
 .debug_abbrev  0x00001b6b      0x144 D:\SAMV71x\app\FreeRTOS_Blinky_Full\SAMV71_Xplained_Ultra\Debug\mpu.o

.debug_aranges  0x00000000      0x240
 .debug_aranges
                0x00000000       0x20 D:\SAMV71x\app\FreeRTOS_Blinky_Full\SAMV71_Xplained_Ultra\Debug\main.o
 .debug_aranges
                0x00000020       0x20 D:\SAMV71x\app\FreeRTOS_Blinky_Full\SAMV71_Xplained_Ultra\Debug\main_blinky.o
 .debug_aranges
                0x00000040       0x20 D:\SAMV71x\app\FreeRTOS_Blinky_Full\SAMV71_Xplained_Ultra\Debug\system_sam.o
 .debug_aranges
                0x00000060       0x20 D:\SAMV71x\app\FreeRTOS_Blinky_Full\SAMV71_Xplained_Ultra\Debug\syscalls.o
 .debug_aranges
                0x00000080       0x20 D:\SAMV71x\app\FreeRTOS_Blinky_Full\SAMV71_Xplained_Ultra\Debug\startup_sam.o
 .debug_aranges
                0x000000a0       0x20 D:\SAMV71x\app\FreeRTOS_Blinky_Full\SAMV71_Xplained_Ultra\Debug\timers.o
 .debug_aranges
                0x000000c0       0x20 D:\SAMV71x\app\FreeRTOS_Blinky_Full\SAMV71_Xplained_Ultra\Debug\list.o
 .debug_aranges
                0x000000e0       0x20 D:\SAMV71x\app\FreeRTOS_Blinky_Full\SAMV71_Xplained_Ultra\Debug\queue.o
 .debug_aranges
                0x00000100       0x20 D:\SAMV71x\app\FreeRTOS_Blinky_Full\SAMV71_Xplained_Ultra\Debug\tasks.o
 .debug_aranges
                0x00000120       0x20 D:\SAMV71x\app\FreeRTOS_Blinky_Full\SAMV71_Xplained_Ultra\Debug\heap_4.o
 .debug_aranges
                0x00000140       0x20 D:\SAMV71x\app\FreeRTOS_Blinky_Full\SAMV71_Xplained_Ultra\Debug\port.o
 .debug_aranges
                0x00000160       0x20 D:\SAMV71x\app\FreeRTOS_Blinky_Full\SAMV71_Xplained_Ultra\Debug\dbg_console.o
 .debug_aranges
                0x00000180       0x20 D:\SAMV71x\app\FreeRTOS_Blinky_Full\SAMV71_Xplained_Ultra\Debug\board_lowlevel.o
 .debug_aranges
                0x000001a0       0x20 D:\SAMV71x\app\FreeRTOS_Blinky_Full\SAMV71_Xplained_Ultra\Debug\led.o
 .debug_aranges
                0x000001c0       0x20 D:\SAMV71x\app\FreeRTOS_Blinky_Full\SAMV71_Xplained_Ultra\Debug\wdt.o
 .debug_aranges
                0x000001e0       0x20 D:\SAMV71x\app\FreeRTOS_Blinky_Full\SAMV71_Xplained_Ultra\Debug\pmc.o
 .debug_aranges
                0x00000200       0x20 D:\SAMV71x\app\FreeRTOS_Blinky_Full\SAMV71_Xplained_Ultra\Debug\pio.o
 .debug_aranges
                0x00000220       0x20 D:\SAMV71x\app\FreeRTOS_Blinky_Full\SAMV71_Xplained_Ultra\Debug\mpu.o

.debug_macro    0x00000000    0x21f98
 .debug_macro   0x00000000      0xa3d D:\SAMV71x\app\FreeRTOS_Blinky_Full\SAMV71_Xplained_Ultra\Debug\main.o
 .debug_macro   0x00000a3d      0x874 D:\SAMV71x\app\FreeRTOS_Blinky_Full\SAMV71_Xplained_Ultra\Debug\main.o
 .debug_macro   0x000012b1      0x166 D:\SAMV71x\app\FreeRTOS_Blinky_Full\SAMV71_Xplained_Ultra\Debug\main.o
 .debug_macro   0x00001417       0x22 D:\SAMV71x\app\FreeRTOS_Blinky_Full\SAMV71_Xplained_Ultra\Debug\main.o
 .debug_macro   0x00001439       0x44 D:\SAMV71x\app\FreeRTOS_Blinky_Full\SAMV71_Xplained_Ultra\Debug\main.o
 .debug_macro   0x0000147d       0xe3 D:\SAMV71x\app\FreeRTOS_Blinky_Full\SAMV71_Xplained_Ultra\Debug\main.o
 .debug_macro   0x00001560       0x22 D:\SAMV71x\app\FreeRTOS_Blinky_Full\SAMV71_Xplained_Ultra\Debug\main.o
 .debug_macro   0x00001582      0x1df D:\SAMV71x\app\FreeRTOS_Blinky_Full\SAMV71_Xplained_Ultra\Debug\main.o
 .debug_macro   0x00001761       0x50 D:\SAMV71x\app\FreeRTOS_Blinky_Full\SAMV71_Xplained_Ultra\Debug\main.o
 .debug_macro   0x000017b1       0x3b D:\SAMV71x\app\FreeRTOS_Blinky_Full\SAMV71_Xplained_Ultra\Debug\main.o
 .debug_macro   0x000017ec       0x18 D:\SAMV71x\app\FreeRTOS_Blinky_Full\SAMV71_Xplained_Ultra\Debug\main.o
 .debug_macro   0x00001804       0x26 D:\SAMV71x\app\FreeRTOS_Blinky_Full\SAMV71_Xplained_Ultra\Debug\main.o
 .debug_macro   0x0000182a      0xf9a D:\SAMV71x\app\FreeRTOS_Blinky_Full\SAMV71_Xplained_Ultra\Debug\main.o
 .debug_macro   0x000027c4      0x16c D:\SAMV71x\app\FreeRTOS_Blinky_Full\SAMV71_Xplained_Ultra\Debug\main.o
 .debug_macro   0x00002930      0x24a D:\SAMV71x\app\FreeRTOS_Blinky_Full\SAMV71_Xplained_Ultra\Debug\main.o
 .debug_macro   0x00002b7a      0xa00 D:\SAMV71x\app\FreeRTOS_Blinky_Full\SAMV71_Xplained_Ultra\Debug\main.o
 .debug_macro   0x0000357a      0x1b4 D:\SAMV71x\app\FreeRTOS_Blinky_Full\SAMV71_Xplained_Ultra\Debug\main.o
 .debug_macro   0x0000372e      0x328 D:\SAMV71x\app\FreeRTOS_Blinky_Full\SAMV71_Xplained_Ultra\Debug\main.o
 .debug_macro   0x00003a56      0x15a D:\SAMV71x\app\FreeRTOS_Blinky_Full\SAMV71_Xplained_Ultra\Debug\main.o
 .debug_macro   0x00003bb0      0xe71 D:\SAMV71x\app\FreeRTOS_Blinky_Full\SAMV71_Xplained_Ultra\Debug\main.o
 .debug_macro   0x00004a21       0x1c D:\SAMV71x\app\FreeRTOS_Blinky_Full\SAMV71_Xplained_Ultra\Debug\main.o
 .debug_macro   0x00004a3d      0x67f D:\SAMV71x\app\FreeRTOS_Blinky_Full\SAMV71_Xplained_Ultra\Debug\main.o
 .debug_macro   0x000050bc      0x310 D:\SAMV71x\app\FreeRTOS_Blinky_Full\SAMV71_Xplained_Ultra\Debug\main.o
 .debug_macro   0x000053cc      0x4c7 D:\SAMV71x\app\FreeRTOS_Blinky_Full\SAMV71_Xplained_Ultra\Debug\main.o
 .debug_macro   0x00005893      0x26e D:\SAMV71x\app\FreeRTOS_Blinky_Full\SAMV71_Xplained_Ultra\Debug\main.o
 .debug_macro   0x00005b01     0x1324 D:\SAMV71x\app\FreeRTOS_Blinky_Full\SAMV71_Xplained_Ultra\Debug\main.o
 .debug_macro   0x00006e25      0x280 D:\SAMV71x\app\FreeRTOS_Blinky_Full\SAMV71_Xplained_Ultra\Debug\main.o
 .debug_macro   0x000070a5     0x2ba3 D:\SAMV71x\app\FreeRTOS_Blinky_Full\SAMV71_Xplained_Ultra\Debug\main.o
 .debug_macro   0x00009c48     0x101d D:\SAMV71x\app\FreeRTOS_Blinky_Full\SAMV71_Xplained_Ultra\Debug\main.o
 .debug_macro   0x0000ac65      0xe01 D:\SAMV71x\app\FreeRTOS_Blinky_Full\SAMV71_Xplained_Ultra\Debug\main.o
 .debug_macro   0x0000ba66      0x3a4 D:\SAMV71x\app\FreeRTOS_Blinky_Full\SAMV71_Xplained_Ultra\Debug\main.o
 .debug_macro   0x0000be0a       0xa0 D:\SAMV71x\app\FreeRTOS_Blinky_Full\SAMV71_Xplained_Ultra\Debug\main.o
 .debug_macro   0x0000beaa       0x76 D:\SAMV71x\app\FreeRTOS_Blinky_Full\SAMV71_Xplained_Ultra\Debug\main.o
 .debug_macro   0x0000bf20      0x3fb D:\SAMV71x\app\FreeRTOS_Blinky_Full\SAMV71_Xplained_Ultra\Debug\main.o
 .debug_macro   0x0000c31b       0x64 D:\SAMV71x\app\FreeRTOS_Blinky_Full\SAMV71_Xplained_Ultra\Debug\main.o
 .debug_macro   0x0000c37f      0x276 D:\SAMV71x\app\FreeRTOS_Blinky_Full\SAMV71_Xplained_Ultra\Debug\main.o
 .debug_macro   0x0000c5f5      0x1c4 D:\SAMV71x\app\FreeRTOS_Blinky_Full\SAMV71_Xplained_Ultra\Debug\main.o
 .debug_macro   0x0000c7b9      0x23b D:\SAMV71x\app\FreeRTOS_Blinky_Full\SAMV71_Xplained_Ultra\Debug\main.o
 .debug_macro   0x0000c9f4      0x516 D:\SAMV71x\app\FreeRTOS_Blinky_Full\SAMV71_Xplained_Ultra\Debug\main.o
 .debug_macro   0x0000cf0a      0x62d D:\SAMV71x\app\FreeRTOS_Blinky_Full\SAMV71_Xplained_Ultra\Debug\main.o
 .debug_macro   0x0000d537      0x6a9 D:\SAMV71x\app\FreeRTOS_Blinky_Full\SAMV71_Xplained_Ultra\Debug\main.o
 .debug_macro   0x0000dbe0       0x4c D:\SAMV71x\app\FreeRTOS_Blinky_Full\SAMV71_Xplained_Ultra\Debug\main.o
 .debug_macro   0x0000dc2c      0x45a D:\SAMV71x\app\FreeRTOS_Blinky_Full\SAMV71_Xplained_Ultra\Debug\main.o
 .debug_macro   0x0000e086      0x1fb D:\SAMV71x\app\FreeRTOS_Blinky_Full\SAMV71_Xplained_Ultra\Debug\main.o
 .debug_macro   0x0000e281      0x87d D:\SAMV71x\app\FreeRTOS_Blinky_Full\SAMV71_Xplained_Ultra\Debug\main.o
 .debug_macro   0x0000eafe     0x1547 D:\SAMV71x\app\FreeRTOS_Blinky_Full\SAMV71_Xplained_Ultra\Debug\main.o
 .debug_macro   0x00010045       0x40 D:\SAMV71x\app\FreeRTOS_Blinky_Full\SAMV71_Xplained_Ultra\Debug\main.o
 .debug_macro   0x00010085       0x76 D:\SAMV71x\app\FreeRTOS_Blinky_Full\SAMV71_Xplained_Ultra\Debug\main.o
 .debug_macro   0x000100fb      0xda0 D:\SAMV71x\app\FreeRTOS_Blinky_Full\SAMV71_Xplained_Ultra\Debug\main.o
 .debug_macro   0x00010e9b       0x82 D:\SAMV71x\app\FreeRTOS_Blinky_Full\SAMV71_Xplained_Ultra\Debug\main.o
 .debug_macro   0x00010f1d       0x76 D:\SAMV71x\app\FreeRTOS_Blinky_Full\SAMV71_Xplained_Ultra\Debug\main.o
 .debug_macro   0x00010f93       0x4c D:\SAMV71x\app\FreeRTOS_Blinky_Full\SAMV71_Xplained_Ultra\Debug\main.o
 .debug_macro   0x00010fdf      0x126 D:\SAMV71x\app\FreeRTOS_Blinky_Full\SAMV71_Xplained_Ultra\Debug\main.o
 .debug_macro   0x00011105      0x126 D:\SAMV71x\app\FreeRTOS_Blinky_Full\SAMV71_Xplained_Ultra\Debug\main.o
 .debug_macro   0x0001122b      0x126 D:\SAMV71x\app\FreeRTOS_Blinky_Full\SAMV71_Xplained_Ultra\Debug\main.o
 .debug_macro   0x00011351       0x6a D:\SAMV71x\app\FreeRTOS_Blinky_Full\SAMV71_Xplained_Ultra\Debug\main.o
 .debug_macro   0x000113bb       0x6a D:\SAMV71x\app\FreeRTOS_Blinky_Full\SAMV71_Xplained_Ultra\Debug\main.o
 .debug_macro   0x00011425      0x313 D:\SAMV71x\app\FreeRTOS_Blinky_Full\SAMV71_Xplained_Ultra\Debug\main.o
 .debug_macro   0x00011738       0xb2 D:\SAMV71x\app\FreeRTOS_Blinky_Full\SAMV71_Xplained_Ultra\Debug\main.o
 .debug_macro   0x000117ea       0xb2 D:\SAMV71x\app\FreeRTOS_Blinky_Full\SAMV71_Xplained_Ultra\Debug\main.o
 .debug_macro   0x0001189c       0xb2 D:\SAMV71x\app\FreeRTOS_Blinky_Full\SAMV71_Xplained_Ultra\Debug\main.o
 .debug_macro   0x0001194e      0x112 D:\SAMV71x\app\FreeRTOS_Blinky_Full\SAMV71_Xplained_Ultra\Debug\main.o
 .debug_macro   0x00011a60      0x112 D:\SAMV71x\app\FreeRTOS_Blinky_Full\SAMV71_Xplained_Ultra\Debug\main.o
 .debug_macro   0x00011b72      0x2cd D:\SAMV71x\app\FreeRTOS_Blinky_Full\SAMV71_Xplained_Ultra\Debug\main.o
 .debug_macro   0x00011e3f       0xb8 D:\SAMV71x\app\FreeRTOS_Blinky_Full\SAMV71_Xplained_Ultra\Debug\main.o
 .debug_macro   0x00011ef7       0x5e D:\SAMV71x\app\FreeRTOS_Blinky_Full\SAMV71_Xplained_Ultra\Debug\main.o
 .debug_macro   0x00011f55       0x40 D:\SAMV71x\app\FreeRTOS_Blinky_Full\SAMV71_Xplained_Ultra\Debug\main.o
 .debug_macro   0x00011f95       0x4c D:\SAMV71x\app\FreeRTOS_Blinky_Full\SAMV71_Xplained_Ultra\Debug\main.o
 .debug_macro   0x00011fe1       0xa0 D:\SAMV71x\app\FreeRTOS_Blinky_Full\SAMV71_Xplained_Ultra\Debug\main.o
 .debug_macro   0x00012081      0x494 D:\SAMV71x\app\FreeRTOS_Blinky_Full\SAMV71_Xplained_Ultra\Debug\main.o
 .debug_macro   0x00012515      0x126 D:\SAMV71x\app\FreeRTOS_Blinky_Full\SAMV71_Xplained_Ultra\Debug\main.o
 .debug_macro   0x0001263b       0x4c D:\SAMV71x\app\FreeRTOS_Blinky_Full\SAMV71_Xplained_Ultra\Debug\main.o
 .debug_macro   0x00012687      0x313 D:\SAMV71x\app\FreeRTOS_Blinky_Full\SAMV71_Xplained_Ultra\Debug\main.o
 .debug_macro   0x0001299a       0x6a D:\SAMV71x\app\FreeRTOS_Blinky_Full\SAMV71_Xplained_Ultra\Debug\main.o
 .debug_macro   0x00012a04       0xb8 D:\SAMV71x\app\FreeRTOS_Blinky_Full\SAMV71_Xplained_Ultra\Debug\main.o
 .debug_macro   0x00012abc       0x76 D:\SAMV71x\app\FreeRTOS_Blinky_Full\SAMV71_Xplained_Ultra\Debug\main.o
 .debug_macro   0x00012b32       0x6a D:\SAMV71x\app\FreeRTOS_Blinky_Full\SAMV71_Xplained_Ultra\Debug\main.o
 .debug_macro   0x00012b9c       0x2e D:\SAMV71x\app\FreeRTOS_Blinky_Full\SAMV71_Xplained_Ultra\Debug\main.o
 .debug_macro   0x00012bca      0x9b1 D:\SAMV71x\app\FreeRTOS_Blinky_Full\SAMV71_Xplained_Ultra\Debug\main.o
 .debug_macro   0x0001357b       0x6a D:\SAMV71x\app\FreeRTOS_Blinky_Full\SAMV71_Xplained_Ultra\Debug\main.o
 .debug_macro   0x000135e5       0x88 D:\SAMV71x\app\FreeRTOS_Blinky_Full\SAMV71_Xplained_Ultra\Debug\main.o
 .debug_macro   0x0001366d       0x58 D:\SAMV71x\app\FreeRTOS_Blinky_Full\SAMV71_Xplained_Ultra\Debug\main.o
 .debug_macro   0x000136c5       0xa6 D:\SAMV71x\app\FreeRTOS_Blinky_Full\SAMV71_Xplained_Ultra\Debug\main.o
 .debug_macro   0x0001376b       0x16 D:\SAMV71x\app\FreeRTOS_Blinky_Full\SAMV71_Xplained_Ultra\Debug\main.o
 .debug_macro   0x00013781       0xe2 D:\SAMV71x\app\FreeRTOS_Blinky_Full\SAMV71_Xplained_Ultra\Debug\main.o
 .debug_macro   0x00013863       0x4c D:\SAMV71x\app\FreeRTOS_Blinky_Full\SAMV71_Xplained_Ultra\Debug\main.o
 .debug_macro   0x000138af       0x16 D:\SAMV71x\app\FreeRTOS_Blinky_Full\SAMV71_Xplained_Ultra\Debug\main.o
 .debug_macro   0x000138c5       0x4c D:\SAMV71x\app\FreeRTOS_Blinky_Full\SAMV71_Xplained_Ultra\Debug\main.o
 .debug_macro   0x00013911       0x2e D:\SAMV71x\app\FreeRTOS_Blinky_Full\SAMV71_Xplained_Ultra\Debug\main.o
 .debug_macro   0x0001393f      0x19e D:\SAMV71x\app\FreeRTOS_Blinky_Full\SAMV71_Xplained_Ultra\Debug\main.o
 .debug_macro   0x00013add      0x19e D:\SAMV71x\app\FreeRTOS_Blinky_Full\SAMV71_Xplained_Ultra\Debug\main.o
 .debug_macro   0x00013c7b      0x19e D:\SAMV71x\app\FreeRTOS_Blinky_Full\SAMV71_Xplained_Ultra\Debug\main.o
 .debug_macro   0x00013e19      0x19e D:\SAMV71x\app\FreeRTOS_Blinky_Full\SAMV71_Xplained_Ultra\Debug\main.o
 .debug_macro   0x00013fb7      0x19e D:\SAMV71x\app\FreeRTOS_Blinky_Full\SAMV71_Xplained_Ultra\Debug\main.o
 .debug_macro   0x00014155       0x1c D:\SAMV71x\app\FreeRTOS_Blinky_Full\SAMV71_Xplained_Ultra\Debug\main.o
 .debug_macro   0x00014171       0x2e D:\SAMV71x\app\FreeRTOS_Blinky_Full\SAMV71_Xplained_Ultra\Debug\main.o
 .debug_macro   0x0001419f       0x22 D:\SAMV71x\app\FreeRTOS_Blinky_Full\SAMV71_Xplained_Ultra\Debug\main.o
 .debug_macro   0x000141c1       0x1c D:\SAMV71x\app\FreeRTOS_Blinky_Full\SAMV71_Xplained_Ultra\Debug\main.o
 .debug_macro   0x000141dd       0x52 D:\SAMV71x\app\FreeRTOS_Blinky_Full\SAMV71_Xplained_Ultra\Debug\main.o
 .debug_macro   0x0001422f       0x10 D:\SAMV71x\app\FreeRTOS_Blinky_Full\SAMV71_Xplained_Ultra\Debug\main.o
 .debug_macro   0x0001423f       0x1c D:\SAMV71x\app\FreeRTOS_Blinky_Full\SAMV71_Xplained_Ultra\Debug\main.o
 .debug_macro   0x0001425b       0x4c D:\SAMV71x\app\FreeRTOS_Blinky_Full\SAMV71_Xplained_Ultra\Debug\main.o
 .debug_macro   0x000142a7       0x4c D:\SAMV71x\app\FreeRTOS_Blinky_Full\SAMV71_Xplained_Ultra\Debug\main.o
 .debug_macro   0x000142f3       0x4c D:\SAMV71x\app\FreeRTOS_Blinky_Full\SAMV71_Xplained_Ultra\Debug\main.o
 .debug_macro   0x0001433f      0x329 D:\SAMV71x\app\FreeRTOS_Blinky_Full\SAMV71_Xplained_Ultra\Debug\main.o
 .debug_macro   0x00014668     0x1028 D:\SAMV71x\app\FreeRTOS_Blinky_Full\SAMV71_Xplained_Ultra\Debug\main.o
 .debug_macro   0x00015690      0x107 D:\SAMV71x\app\FreeRTOS_Blinky_Full\SAMV71_Xplained_Ultra\Debug\main.o
 .debug_macro   0x00015797       0x58 D:\SAMV71x\app\FreeRTOS_Blinky_Full\SAMV71_Xplained_Ultra\Debug\main.o
 .debug_macro   0x000157ef       0x35 D:\SAMV71x\app\FreeRTOS_Blinky_Full\SAMV71_Xplained_Ultra\Debug\main.o
 .debug_macro   0x00015824       0x9c D:\SAMV71x\app\FreeRTOS_Blinky_Full\SAMV71_Xplained_Ultra\Debug\main.o
 .debug_macro   0x000158c0       0x16 D:\SAMV71x\app\FreeRTOS_Blinky_Full\SAMV71_Xplained_Ultra\Debug\main.o
 .debug_macro   0x000158d6       0x35 D:\SAMV71x\app\FreeRTOS_Blinky_Full\SAMV71_Xplained_Ultra\Debug\main.o
 .debug_macro   0x0001590b       0x52 D:\SAMV71x\app\FreeRTOS_Blinky_Full\SAMV71_Xplained_Ultra\Debug\main.o
 .debug_macro   0x0001595d       0x16 D:\SAMV71x\app\FreeRTOS_Blinky_Full\SAMV71_Xplained_Ultra\Debug\main.o
 .debug_macro   0x00015973       0x43 D:\SAMV71x\app\FreeRTOS_Blinky_Full\SAMV71_Xplained_Ultra\Debug\main.o
 .debug_macro   0x000159b6      0x180 D:\SAMV71x\app\FreeRTOS_Blinky_Full\SAMV71_Xplained_Ultra\Debug\main.o
 .debug_macro   0x00015b36      0x29d D:\SAMV71x\app\FreeRTOS_Blinky_Full\SAMV71_Xplained_Ultra\Debug\main.o
 .debug_macro   0x00015dd3       0x16 D:\SAMV71x\app\FreeRTOS_Blinky_Full\SAMV71_Xplained_Ultra\Debug\main.o
 .debug_macro   0x00015de9       0x29 D:\SAMV71x\app\FreeRTOS_Blinky_Full\SAMV71_Xplained_Ultra\Debug\main.o
 .debug_macro   0x00015e12       0x22 D:\SAMV71x\app\FreeRTOS_Blinky_Full\SAMV71_Xplained_Ultra\Debug\main.o
 .debug_macro   0x00015e34      0x159 D:\SAMV71x\app\FreeRTOS_Blinky_Full\SAMV71_Xplained_Ultra\Debug\main.o
 .debug_macro   0x00015f8d       0x5e D:\SAMV71x\app\FreeRTOS_Blinky_Full\SAMV71_Xplained_Ultra\Debug\main.o
 .debug_macro   0x00015feb       0x16 D:\SAMV71x\app\FreeRTOS_Blinky_Full\SAMV71_Xplained_Ultra\Debug\main.o
 .debug_macro   0x00016001       0xc6 D:\SAMV71x\app\FreeRTOS_Blinky_Full\SAMV71_Xplained_Ultra\Debug\main.o
 .debug_macro   0x000160c7       0x16 D:\SAMV71x\app\FreeRTOS_Blinky_Full\SAMV71_Xplained_Ultra\Debug\main.o
 .debug_macro   0x000160dd       0x10 D:\SAMV71x\app\FreeRTOS_Blinky_Full\SAMV71_Xplained_Ultra\Debug\main.o
 .debug_macro   0x000160ed       0xe6 D:\SAMV71x\app\FreeRTOS_Blinky_Full\SAMV71_Xplained_Ultra\Debug\main.o
 .debug_macro   0x000161d3       0x94 D:\SAMV71x\app\FreeRTOS_Blinky_Full\SAMV71_Xplained_Ultra\Debug\main.o
 .debug_macro   0x00016267       0x97 D:\SAMV71x\app\FreeRTOS_Blinky_Full\SAMV71_Xplained_Ultra\Debug\main.o
 .debug_macro   0x000162fe      0x19e D:\SAMV71x\app\FreeRTOS_Blinky_Full\SAMV71_Xplained_Ultra\Debug\main.o
 .debug_macro   0x0001649c       0x98 D:\SAMV71x\app\FreeRTOS_Blinky_Full\SAMV71_Xplained_Ultra\Debug\main.o
 .debug_macro   0x00016534       0x34 D:\SAMV71x\app\FreeRTOS_Blinky_Full\SAMV71_Xplained_Ultra\Debug\main.o
 .debug_macro   0x00016568       0x16 D:\SAMV71x\app\FreeRTOS_Blinky_Full\SAMV71_Xplained_Ultra\Debug\main.o
 .debug_macro   0x0001657e       0x76 D:\SAMV71x\app\FreeRTOS_Blinky_Full\SAMV71_Xplained_Ultra\Debug\main.o
 .debug_macro   0x000165f4       0x1c D:\SAMV71x\app\FreeRTOS_Blinky_Full\SAMV71_Xplained_Ultra\Debug\main.o
 .debug_macro   0x00016610       0x3a D:\SAMV71x\app\FreeRTOS_Blinky_Full\SAMV71_Xplained_Ultra\Debug\main.o
 .debug_macro   0x0001664a       0x1c D:\SAMV71x\app\FreeRTOS_Blinky_Full\SAMV71_Xplained_Ultra\Debug\main.o
 .debug_macro   0x00016666       0x2e D:\SAMV71x\app\FreeRTOS_Blinky_Full\SAMV71_Xplained_Ultra\Debug\main.o
 .debug_macro   0x00016694       0x3a D:\SAMV71x\app\FreeRTOS_Blinky_Full\SAMV71_Xplained_Ultra\Debug\main.o
 .debug_macro   0x000166ce       0x52 D:\SAMV71x\app\FreeRTOS_Blinky_Full\SAMV71_Xplained_Ultra\Debug\main.o
 .debug_macro   0x00016720       0x22 D:\SAMV71x\app\FreeRTOS_Blinky_Full\SAMV71_Xplained_Ultra\Debug\main.o
 .debug_macro   0x00016742       0x1c D:\SAMV71x\app\FreeRTOS_Blinky_Full\SAMV71_Xplained_Ultra\Debug\main.o
 .debug_macro   0x0001675e       0x1c D:\SAMV71x\app\FreeRTOS_Blinky_Full\SAMV71_Xplained_Ultra\Debug\main.o
 .debug_macro   0x0001677a       0x10 D:\SAMV71x\app\FreeRTOS_Blinky_Full\SAMV71_Xplained_Ultra\Debug\main.o
 .debug_macro   0x0001678a       0x10 D:\SAMV71x\app\FreeRTOS_Blinky_Full\SAMV71_Xplained_Ultra\Debug\main.o
 .debug_macro   0x0001679a       0x22 D:\SAMV71x\app\FreeRTOS_Blinky_Full\SAMV71_Xplained_Ultra\Debug\main.o
 .debug_macro   0x000167bc       0xbe D:\SAMV71x\app\FreeRTOS_Blinky_Full\SAMV71_Xplained_Ultra\Debug\main.o
 .debug_macro   0x0001687a       0x16 D:\SAMV71x\app\FreeRTOS_Blinky_Full\SAMV71_Xplained_Ultra\Debug\main.o
 .debug_macro   0x00016890      0x197 D:\SAMV71x\app\FreeRTOS_Blinky_Full\SAMV71_Xplained_Ultra\Debug\main.o
 .debug_macro   0x00016a27       0x93 D:\SAMV71x\app\FreeRTOS_Blinky_Full\SAMV71_Xplained_Ultra\Debug\main.o
 .debug_macro   0x00016aba       0x2e D:\SAMV71x\app\FreeRTOS_Blinky_Full\SAMV71_Xplained_Ultra\Debug\main.o
 .debug_macro   0x00016ae8       0x2e D:\SAMV71x\app\FreeRTOS_Blinky_Full\SAMV71_Xplained_Ultra\Debug\main.o
 .debug_macro   0x00016b16       0x76 D:\SAMV71x\app\FreeRTOS_Blinky_Full\SAMV71_Xplained_Ultra\Debug\main.o
 .debug_macro   0x00016b8c       0x28 D:\SAMV71x\app\FreeRTOS_Blinky_Full\SAMV71_Xplained_Ultra\Debug\main.o
 .debug_macro   0x00016bb4       0x16 D:\SAMV71x\app\FreeRTOS_Blinky_Full\SAMV71_Xplained_Ultra\Debug\main.o
 .debug_macro   0x00016bca       0x28 D:\SAMV71x\app\FreeRTOS_Blinky_Full\SAMV71_Xplained_Ultra\Debug\main.o
 .debug_macro   0x00016bf2       0x1c D:\SAMV71x\app\FreeRTOS_Blinky_Full\SAMV71_Xplained_Ultra\Debug\main.o
 .debug_macro   0x00016c0e       0x16 D:\SAMV71x\app\FreeRTOS_Blinky_Full\SAMV71_Xplained_Ultra\Debug\main.o
 .debug_macro   0x00016c24       0x16 D:\SAMV71x\app\FreeRTOS_Blinky_Full\SAMV71_Xplained_Ultra\Debug\main.o
 .debug_macro   0x00016c3a       0x1c D:\SAMV71x\app\FreeRTOS_Blinky_Full\SAMV71_Xplained_Ultra\Debug\main.o
 .debug_macro   0x00016c56       0x6f D:\SAMV71x\app\FreeRTOS_Blinky_Full\SAMV71_Xplained_Ultra\Debug\main.o
 .debug_macro   0x00016cc5       0xa0 D:\SAMV71x\app\FreeRTOS_Blinky_Full\SAMV71_Xplained_Ultra\Debug\main.o
 .debug_macro   0x00016d65       0x10 D:\SAMV71x\app\FreeRTOS_Blinky_Full\SAMV71_Xplained_Ultra\Debug\main.o
 .debug_macro   0x00016d75      0x148 D:\SAMV71x\app\FreeRTOS_Blinky_Full\SAMV71_Xplained_Ultra\Debug\main.o
 .debug_macro   0x00016ebd       0x16 D:\SAMV71x\app\FreeRTOS_Blinky_Full\SAMV71_Xplained_Ultra\Debug\main.o
 .debug_macro   0x00016ed3       0x52 D:\SAMV71x\app\FreeRTOS_Blinky_Full\SAMV71_Xplained_Ultra\Debug\main.o
 .debug_macro   0x00016f25      0x240 D:\SAMV71x\app\FreeRTOS_Blinky_Full\SAMV71_Xplained_Ultra\Debug\main.o
 .debug_macro   0x00017165       0x34 D:\SAMV71x\app\FreeRTOS_Blinky_Full\SAMV71_Xplained_Ultra\Debug\main.o
 .debug_macro   0x00017199      0x13c D:\SAMV71x\app\FreeRTOS_Blinky_Full\SAMV71_Xplained_Ultra\Debug\main.o
 .debug_macro   0x000172d5       0x10 D:\SAMV71x\app\FreeRTOS_Blinky_Full\SAMV71_Xplained_Ultra\Debug\main.o
 .debug_macro   0x000172e5      0x102 D:\SAMV71x\app\FreeRTOS_Blinky_Full\SAMV71_Xplained_Ultra\Debug\main.o
 .debug_macro   0x000173e7       0x52 D:\SAMV71x\app\FreeRTOS_Blinky_Full\SAMV71_Xplained_Ultra\Debug\main.o
 .debug_macro   0x00017439      0x1f3 D:\SAMV71x\app\FreeRTOS_Blinky_Full\SAMV71_Xplained_Ultra\Debug\main.o
 .debug_macro   0x0001762c       0x2e D:\SAMV71x\app\FreeRTOS_Blinky_Full\SAMV71_Xplained_Ultra\Debug\main.o
 .debug_macro   0x0001765a       0x16 D:\SAMV71x\app\FreeRTOS_Blinky_Full\SAMV71_Xplained_Ultra\Debug\main.o
 .debug_macro   0x00017670       0x52 D:\SAMV71x\app\FreeRTOS_Blinky_Full\SAMV71_Xplained_Ultra\Debug\main.o
 .debug_macro   0x000176c2       0x16 D:\SAMV71x\app\FreeRTOS_Blinky_Full\SAMV71_Xplained_Ultra\Debug\main.o
 .debug_macro   0x000176d8       0x10 D:\SAMV71x\app\FreeRTOS_Blinky_Full\SAMV71_Xplained_Ultra\Debug\main.o
 .debug_macro   0x000176e8       0x10 D:\SAMV71x\app\FreeRTOS_Blinky_Full\SAMV71_Xplained_Ultra\Debug\main.o
 .debug_macro   0x000176f8       0x10 D:\SAMV71x\app\FreeRTOS_Blinky_Full\SAMV71_Xplained_Ultra\Debug\main.o
 .debug_macro   0x00017708       0x35 D:\SAMV71x\app\FreeRTOS_Blinky_Full\SAMV71_Xplained_Ultra\Debug\main.o
 .debug_macro   0x0001773d      0x122 D:\SAMV71x\app\FreeRTOS_Blinky_Full\SAMV71_Xplained_Ultra\Debug\main.o
 .debug_macro   0x0001785f      0x456 D:\SAMV71x\app\FreeRTOS_Blinky_Full\SAMV71_Xplained_Ultra\Debug\main.o
 .debug_macro   0x00017cb5      0x13c D:\SAMV71x\app\FreeRTOS_Blinky_Full\SAMV71_Xplained_Ultra\Debug\main.o
 .debug_macro   0x00017df1       0x5e D:\SAMV71x\app\FreeRTOS_Blinky_Full\SAMV71_Xplained_Ultra\Debug\main.o
 .debug_macro   0x00017e4f       0xdd D:\SAMV71x\app\FreeRTOS_Blinky_Full\SAMV71_Xplained_Ultra\Debug\main.o
 .debug_macro   0x00017f2c       0x10 D:\SAMV71x\app\FreeRTOS_Blinky_Full\SAMV71_Xplained_Ultra\Debug\main.o
 .debug_macro   0x00017f3c       0x1f D:\SAMV71x\app\FreeRTOS_Blinky_Full\SAMV71_Xplained_Ultra\Debug\main.o
 .debug_macro   0x00017f5b      0x368 D:\SAMV71x\app\FreeRTOS_Blinky_Full\SAMV71_Xplained_Ultra\Debug\main.o
 .debug_macro   0x000182c3       0xc0 D:\SAMV71x\app\FreeRTOS_Blinky_Full\SAMV71_Xplained_Ultra\Debug\main.o
 .debug_macro   0x00018383       0x8c D:\SAMV71x\app\FreeRTOS_Blinky_Full\SAMV71_Xplained_Ultra\Debug\main.o
 .debug_macro   0x0001840f       0xb0 D:\SAMV71x\app\FreeRTOS_Blinky_Full\SAMV71_Xplained_Ultra\Debug\main.o
 .debug_macro   0x000184bf       0x7f D:\SAMV71x\app\FreeRTOS_Blinky_Full\SAMV71_Xplained_Ultra\Debug\main.o
 .debug_macro   0x0001853e      0xa1f D:\SAMV71x\app\FreeRTOS_Blinky_Full\SAMV71_Xplained_Ultra\Debug\main_blinky.o
 .debug_macro   0x00018f5d      0x460 D:\SAMV71x\app\FreeRTOS_Blinky_Full\SAMV71_Xplained_Ultra\Debug\system_sam.o
 .debug_macro   0x000193bd       0x4a D:\SAMV71x\app\FreeRTOS_Blinky_Full\SAMV71_Xplained_Ultra\Debug\system_sam.o
 .debug_macro   0x00019407      0x990 D:\SAMV71x\app\FreeRTOS_Blinky_Full\SAMV71_Xplained_Ultra\Debug\syscalls.o
 .debug_macro   0x00019d97       0x10 D:\SAMV71x\app\FreeRTOS_Blinky_Full\SAMV71_Xplained_Ultra\Debug\syscalls.o
 .debug_macro   0x00019da7      0x241 D:\SAMV71x\app\FreeRTOS_Blinky_Full\SAMV71_Xplained_Ultra\Debug\syscalls.o
 .debug_macro   0x00019fe8      0x448 D:\SAMV71x\app\FreeRTOS_Blinky_Full\SAMV71_Xplained_Ultra\Debug\startup_sam.o
 .debug_macro   0x0001a430      0xa11 D:\SAMV71x\app\FreeRTOS_Blinky_Full\SAMV71_Xplained_Ultra\Debug\timers.o
 .debug_macro   0x0001ae41      0x10e D:\SAMV71x\app\FreeRTOS_Blinky_Full\SAMV71_Xplained_Ultra\Debug\timers.o
 .debug_macro   0x0001af4f       0x7f D:\SAMV71x\app\FreeRTOS_Blinky_Full\SAMV71_Xplained_Ultra\Debug\timers.o
 .debug_macro   0x0001afce       0x4a D:\SAMV71x\app\FreeRTOS_Blinky_Full\SAMV71_Xplained_Ultra\Debug\timers.o
 .debug_macro   0x0001b018       0x91 D:\SAMV71x\app\FreeRTOS_Blinky_Full\SAMV71_Xplained_Ultra\Debug\timers.o
 .debug_macro   0x0001b0a9      0x9d0 D:\SAMV71x\app\FreeRTOS_Blinky_Full\SAMV71_Xplained_Ultra\Debug\list.o
 .debug_macro   0x0001ba79      0xa46 D:\SAMV71x\app\FreeRTOS_Blinky_Full\SAMV71_Xplained_Ultra\Debug\queue.o
 .debug_macro   0x0001c4bf       0x16 D:\SAMV71x\app\FreeRTOS_Blinky_Full\SAMV71_Xplained_Ultra\Debug\queue.o
 .debug_macro   0x0001c4d5      0xa83 D:\SAMV71x\app\FreeRTOS_Blinky_Full\SAMV71_Xplained_Ultra\Debug\tasks.o
 .debug_macro   0x0001cf58       0x17 D:\SAMV71x\app\FreeRTOS_Blinky_Full\SAMV71_Xplained_Ultra\Debug\tasks.o
 .debug_macro   0x0001cf6f      0x9f8 D:\SAMV71x\app\FreeRTOS_Blinky_Full\SAMV71_Xplained_Ultra\Debug\heap_4.o
 .debug_macro   0x0001d967      0xa97 D:\SAMV71x\app\FreeRTOS_Blinky_Full\SAMV71_Xplained_Ultra\Debug\port.o
 .debug_macro   0x0001e3fe      0x9a7 D:\SAMV71x\app\FreeRTOS_Blinky_Full\SAMV71_Xplained_Ultra\Debug\dbg_console.o
 .debug_macro   0x0001eda5      0x972 D:\SAMV71x\app\FreeRTOS_Blinky_Full\SAMV71_Xplained_Ultra\Debug\board_lowlevel.o
 .debug_macro   0x0001f717      0x971 D:\SAMV71x\app\FreeRTOS_Blinky_Full\SAMV71_Xplained_Ultra\Debug\led.o
 .debug_macro   0x00020088      0x7bf D:\SAMV71x\app\FreeRTOS_Blinky_Full\SAMV71_Xplained_Ultra\Debug\wdt.o
 .debug_macro   0x00020847      0x7d4 D:\SAMV71x\app\FreeRTOS_Blinky_Full\SAMV71_Xplained_Ultra\Debug\pmc.o
 .debug_macro   0x0002101b      0x7be D:\SAMV71x\app\FreeRTOS_Blinky_Full\SAMV71_Xplained_Ultra\Debug\pio.o
 .debug_macro   0x000217d9      0x7bf D:\SAMV71x\app\FreeRTOS_Blinky_Full\SAMV71_Xplained_Ultra\Debug\mpu.o

.debug_line     0x00000000    0x12a47
 .debug_line    0x00000000     0x11a6 D:\SAMV71x\app\FreeRTOS_Blinky_Full\SAMV71_Xplained_Ultra\Debug\main.o
 .debug_line    0x000011a6     0x10f3 D:\SAMV71x\app\FreeRTOS_Blinky_Full\SAMV71_Xplained_Ultra\Debug\main_blinky.o
 .debug_line    0x00002299      0xac8 D:\SAMV71x\app\FreeRTOS_Blinky_Full\SAMV71_Xplained_Ultra\Debug\system_sam.o
 .debug_line    0x00002d61     0x100e D:\SAMV71x\app\FreeRTOS_Blinky_Full\SAMV71_Xplained_Ultra\Debug\syscalls.o
 .debug_line    0x00003d6f      0xa35 D:\SAMV71x\app\FreeRTOS_Blinky_Full\SAMV71_Xplained_Ultra\Debug\startup_sam.o
 .debug_line    0x000047a4     0x12d0 D:\SAMV71x\app\FreeRTOS_Blinky_Full\SAMV71_Xplained_Ultra\Debug\timers.o
 .debug_line    0x00005a74     0x1100 D:\SAMV71x\app\FreeRTOS_Blinky_Full\SAMV71_Xplained_Ultra\Debug\list.o
 .debug_line    0x00006b74     0x1790 D:\SAMV71x\app\FreeRTOS_Blinky_Full\SAMV71_Xplained_Ultra\Debug\queue.o
 .debug_line    0x00008304     0x19f6 D:\SAMV71x\app\FreeRTOS_Blinky_Full\SAMV71_Xplained_Ultra\Debug\tasks.o
 .debug_line    0x00009cfa     0x11cf D:\SAMV71x\app\FreeRTOS_Blinky_Full\SAMV71_Xplained_Ultra\Debug\heap_4.o
 .debug_line    0x0000aec9     0x11c1 D:\SAMV71x\app\FreeRTOS_Blinky_Full\SAMV71_Xplained_Ultra\Debug\port.o
 .debug_line    0x0000c08a     0x115d D:\SAMV71x\app\FreeRTOS_Blinky_Full\SAMV71_Xplained_Ultra\Debug\dbg_console.o
 .debug_line    0x0000d1e7     0x101b D:\SAMV71x\app\FreeRTOS_Blinky_Full\SAMV71_Xplained_Ultra\Debug\board_lowlevel.o
 .debug_line    0x0000e202      0xfd7 D:\SAMV71x\app\FreeRTOS_Blinky_Full\SAMV71_Xplained_Ultra\Debug\led.o
 .debug_line    0x0000f1d9      0xd7d D:\SAMV71x\app\FreeRTOS_Blinky_Full\SAMV71_Xplained_Ultra\Debug\wdt.o
 .debug_line    0x0000ff56      0xf24 D:\SAMV71x\app\FreeRTOS_Blinky_Full\SAMV71_Xplained_Ultra\Debug\pmc.o
 .debug_line    0x00010e7a      0xe23 D:\SAMV71x\app\FreeRTOS_Blinky_Full\SAMV71_Xplained_Ultra\Debug\pio.o
 .debug_line    0x00011c9d      0xdaa D:\SAMV71x\app\FreeRTOS_Blinky_Full\SAMV71_Xplained_Ultra\Debug\mpu.o

.debug_str      0x00000000    0x84abc
 .debug_str     0x00000000    0x7f37e D:\SAMV71x\app\FreeRTOS_Blinky_Full\SAMV71_Xplained_Ultra\Debug\main.o
                              0x7f940 (size before relaxing)
 .debug_str     0x0007f37e      0x18e D:\SAMV71x\app\FreeRTOS_Blinky_Full\SAMV71_Xplained_Ultra\Debug\main_blinky.o
                              0x7f7f3 (size before relaxing)
 .debug_str     0x0007f50c      0x3eb D:\SAMV71x\app\FreeRTOS_Blinky_Full\SAMV71_Xplained_Ultra\Debug\system_sam.o
                              0x6e209 (size before relaxing)
 .debug_str     0x0007f8f7      0x5f5 D:\SAMV71x\app\FreeRTOS_Blinky_Full\SAMV71_Xplained_Ultra\Debug\syscalls.o
                              0x7ba62 (size before relaxing)
 .debug_str     0x0007feec      0x5d8 D:\SAMV71x\app\FreeRTOS_Blinky_Full\SAMV71_Xplained_Ultra\Debug\startup_sam.o
                              0x6e5ce (size before relaxing)
 .debug_str     0x000804c4      0xd55 D:\SAMV71x\app\FreeRTOS_Blinky_Full\SAMV71_Xplained_Ultra\Debug\timers.o
                              0x7fcb3 (size before relaxing)
 .debug_str     0x00081219       0xbd D:\SAMV71x\app\FreeRTOS_Blinky_Full\SAMV71_Xplained_Ultra\Debug\list.o
                              0x7e047 (size before relaxing)
 .debug_str     0x000812d6      0x81d D:\SAMV71x\app\FreeRTOS_Blinky_Full\SAMV71_Xplained_Ultra\Debug\queue.o
                              0x7f8a2 (size before relaxing)
 .debug_str     0x00081af3     0x14b1 D:\SAMV71x\app\FreeRTOS_Blinky_Full\SAMV71_Xplained_Ultra\Debug\tasks.o
                              0x803a8 (size before relaxing)
 .debug_str     0x00082fa4      0x27a D:\SAMV71x\app\FreeRTOS_Blinky_Full\SAMV71_Xplained_Ultra\Debug\heap_4.o
                              0x7e782 (size before relaxing)
 .debug_str     0x0008321e      0x776 D:\SAMV71x\app\FreeRTOS_Blinky_Full\SAMV71_Xplained_Ultra\Debug\port.o
                              0x7ecc9 (size before relaxing)
 .debug_str     0x00083994      0xa52 D:\SAMV71x\app\FreeRTOS_Blinky_Full\SAMV71_Xplained_Ultra\Debug\dbg_console.o
                              0x7bf75 (size before relaxing)
 .debug_str     0x000843e6       0x7d D:\SAMV71x\app\FreeRTOS_Blinky_Full\SAMV71_Xplained_Ultra\Debug\board_lowlevel.o
                              0x7b63f (size before relaxing)
 .debug_str     0x00084463       0x70 D:\SAMV71x\app\FreeRTOS_Blinky_Full\SAMV71_Xplained_Ultra\Debug\led.o
                              0x7b7df (size before relaxing)
 .debug_str     0x000844d3       0x9e D:\SAMV71x\app\FreeRTOS_Blinky_Full\SAMV71_Xplained_Ultra\Debug\wdt.o
                              0x75d16 (size before relaxing)
 .debug_str     0x00084571      0x287 D:\SAMV71x\app\FreeRTOS_Blinky_Full\SAMV71_Xplained_Ultra\Debug\pmc.o
                              0x760e9 (size before relaxing)
 .debug_str     0x000847f8      0x188 D:\SAMV71x\app\FreeRTOS_Blinky_Full\SAMV71_Xplained_Ultra\Debug\pio.o
                              0x76133 (size before relaxing)
 .debug_str     0x00084980      0x13c D:\SAMV71x\app\FreeRTOS_Blinky_Full\SAMV71_Xplained_Ultra\Debug\mpu.o
                              0x75ded (size before relaxing)

.comment        0x00000000       0x70
 .comment       0x00000000       0x70 D:\SAMV71x\app\FreeRTOS_Blinky_Full\SAMV71_Xplained_Ultra\Debug\main.o
                                 0x71 (size before relaxing)
 .comment       0x00000000       0x71 D:\SAMV71x\app\FreeRTOS_Blinky_Full\SAMV71_Xplained_Ultra\Debug\main_blinky.o
 .comment       0x00000000       0x71 D:\SAMV71x\app\FreeRTOS_Blinky_Full\SAMV71_Xplained_Ultra\Debug\system_sam.o
 .comment       0x00000000       0x71 D:\SAMV71x\app\FreeRTOS_Blinky_Full\SAMV71_Xplained_Ultra\Debug\syscalls.o
 .comment       0x00000000       0x71 D:\SAMV71x\app\FreeRTOS_Blinky_Full\SAMV71_Xplained_Ultra\Debug\startup_sam.o
 .comment       0x00000000       0x71 D:\SAMV71x\app\FreeRTOS_Blinky_Full\SAMV71_Xplained_Ultra\Debug\timers.o
 .comment       0x00000000       0x71 D:\SAMV71x\app\FreeRTOS_Blinky_Full\SAMV71_Xplained_Ultra\Debug\list.o
 .comment       0x00000000       0x71 D:\SAMV71x\app\FreeRTOS_Blinky_Full\SAMV71_Xplained_Ultra\Debug\queue.o
 .comment       0x00000000       0x71 D:\SAMV71x\app\FreeRTOS_Blinky_Full\SAMV71_Xplained_Ultra\Debug\tasks.o
 .comment       0x00000000       0x71 D:\SAMV71x\app\FreeRTOS_Blinky_Full\SAMV71_Xplained_Ultra\Debug\heap_4.o
 .comment       0x00000000       0x71 D:\SAMV71x\app\FreeRTOS_Blinky_Full\SAMV71_Xplained_Ultra\Debug\port.o
 .comment       0x00000000       0x71 D:\SAMV71x\app\FreeRTOS_Blinky_Full\SAMV71_Xplained_Ultra\Debug\dbg_console.o
 .comment       0x00000000       0x71 D:\SAMV71x\app\FreeRTOS_Blinky_Full\SAMV71_Xplained_Ultra\Debug\board_lowlevel.o
 .comment       0x00000000       0x71 D:\SAMV71x\app\FreeRTOS_Blinky_Full\SAMV71_Xplained_Ultra\Debug\led.o
 .comment       0x00000000       0x71 D:\SAMV71x\app\FreeRTOS_Blinky_Full\SAMV71_Xplained_Ultra\Debug\wdt.o
 .comment       0x00000000       0x71 D:\SAMV71x\app\FreeRTOS_Blinky_Full\SAMV71_Xplained_Ultra\Debug\pmc.o
 .comment       0x00000000       0x71 D:\SAMV71x\app\FreeRTOS_Blinky_Full\SAMV71_Xplained_Ultra\Debug\pio.o
 .comment       0x00000000       0x71 D:\SAMV71x\app\FreeRTOS_Blinky_Full\SAMV71_Xplained_Ultra\Debug\mpu.o

.ARM.attributes
                0x00000000       0x35
 .ARM.attributes
                0x00000000       0x37 D:\SAMV71x\app\FreeRTOS_Blinky_Full\SAMV71_Xplained_Ultra\Debug\main.o
 .ARM.attributes
                0x00000037       0x37 D:\SAMV71x\app\FreeRTOS_Blinky_Full\SAMV71_Xplained_Ultra\Debug\main_blinky.o
 .ARM.attributes
                0x0000006e       0x37 D:\SAMV71x\app\FreeRTOS_Blinky_Full\SAMV71_Xplained_Ultra\Debug\system_sam.o
 .ARM.attributes
                0x000000a5       0x37 D:\SAMV71x\app\FreeRTOS_Blinky_Full\SAMV71_Xplained_Ultra\Debug\syscalls.o
 .ARM.attributes
                0x000000dc       0x37 D:\SAMV71x\app\FreeRTOS_Blinky_Full\SAMV71_Xplained_Ultra\Debug\startup_sam.o
 .ARM.attributes
                0x00000113       0x37 D:\SAMV71x\app\FreeRTOS_Blinky_Full\SAMV71_Xplained_Ultra\Debug\timers.o
 .ARM.attributes
                0x0000014a       0x37 D:\SAMV71x\app\FreeRTOS_Blinky_Full\SAMV71_Xplained_Ultra\Debug\list.o
 .ARM.attributes
                0x00000181       0x37 D:\SAMV71x\app\FreeRTOS_Blinky_Full\SAMV71_Xplained_Ultra\Debug\queue.o
 .ARM.attributes
                0x000001b8       0x37 D:\SAMV71x\app\FreeRTOS_Blinky_Full\SAMV71_Xplained_Ultra\Debug\tasks.o
 .ARM.attributes
                0x000001ef       0x37 D:\SAMV71x\app\FreeRTOS_Blinky_Full\SAMV71_Xplained_Ultra\Debug\heap_4.o
 .ARM.attributes
                0x00000226       0x37 D:\SAMV71x\app\FreeRTOS_Blinky_Full\SAMV71_Xplained_Ultra\Debug\port.o
 .ARM.attributes
                0x0000025d       0x37 D:\SAMV71x\app\FreeRTOS_Blinky_Full\SAMV71_Xplained_Ultra\Debug\dbg_console.o
 .ARM.attributes
                0x00000294       0x37 D:\SAMV71x\app\FreeRTOS_Blinky_Full\SAMV71_Xplained_Ultra\Debug\board_lowlevel.o
 .ARM.attributes
                0x000002cb       0x37 D:\SAMV71x\app\FreeRTOS_Blinky_Full\SAMV71_Xplained_Ultra\Debug\led.o
 .ARM.attributes
                0x00000302       0x37 D:\SAMV71x\app\FreeRTOS_Blinky_Full\SAMV71_Xplained_Ultra\Debug\wdt.o
 .ARM.attributes