Archive member included because of file (symbol)

c:/isystem/winidea9/gcc/arm/bin/../lib/gcc/arm-none-eabi/4.9.3/../../../../arm-none-eabi/lib/cortex-m7\libc.a(lib_a-assert.o)
                              D:\SAMV71x\app\01_scheduler_\SAMV71_Xplained_Ultra\Debug\pmc.o (__assert_func)
c:/isystem/winidea9/gcc/arm/bin/../lib/gcc/arm-none-eabi/4.9.3/../../../../arm-none-eabi/lib/cortex-m7\libc.a(lib_a-fiprintf.o)
                              c:/isystem/winidea9/gcc/arm/bin/../lib/gcc/arm-none-eabi/4.9.3/../../../../arm-none-eabi/lib/cortex-m7\libc.a(lib_a-assert.o) (fiprintf)
c:/isystem/winidea9/gcc/arm/bin/../lib/gcc/arm-none-eabi/4.9.3/../../../../arm-none-eabi/lib/cortex-m7\libc.a(lib_a-impure.o)
                              D:\SAMV71x\app\01_scheduler_\SAMV71_Xplained_Ultra\Debug\dbg_console.o (_impure_ptr)
c:/isystem/winidea9/gcc/arm/bin/../lib/gcc/arm-none-eabi/4.9.3/../../../../arm-none-eabi/lib/cortex-m7\libc.a(lib_a-printf.o)
                              D:\SAMV71x\app\01_scheduler_\SAMV71_Xplained_Ultra\Debug\syscalls.o (printf)
c:/isystem/winidea9/gcc/arm/bin/../lib/gcc/arm-none-eabi/4.9.3/../../../../arm-none-eabi/lib/cortex-m7\libc.a(lib_a-putchar.o)
                              D:\SAMV71x\app\01_scheduler_\SAMV71_Xplained_Ultra\Debug\dbg_console.o (putchar)
c:/isystem/winidea9/gcc/arm/bin/../lib/gcc/arm-none-eabi/4.9.3/../../../../arm-none-eabi/lib/cortex-m7\libc.a(lib_a-setvbuf.o)
                              D:\SAMV71x\app\01_scheduler_\SAMV71_Xplained_Ultra\Debug\dbg_console.o (setvbuf)
c:/isystem/winidea9/gcc/arm/bin/../lib/gcc/arm-none-eabi/4.9.3/../../../../arm-none-eabi/lib/cortex-m7\libc.a(lib_a-vfiprintf.o)
                              c:/isystem/winidea9/gcc/arm/bin/../lib/gcc/arm-none-eabi/4.9.3/../../../../arm-none-eabi/lib/cortex-m7\libc.a(lib_a-fiprintf.o) (_vfiprintf_r)
c:/isystem/winidea9/gcc/arm/bin/../lib/gcc/arm-none-eabi/4.9.3/../../../../arm-none-eabi/lib/cortex-m7\libc.a(lib_a-vfprintf.o)
                              c:/isystem/winidea9/gcc/arm/bin/../lib/gcc/arm-none-eabi/4.9.3/../../../../arm-none-eabi/lib/cortex-m7\libc.a(lib_a-printf.o) (_vfprintf_r)
c:/isystem/winidea9/gcc/arm/bin/../lib/gcc/arm-none-eabi/4.9.3/../../../../arm-none-eabi/lib/cortex-m7\libc.a(lib_a-wsetup.o)
                              c:/isystem/winidea9/gcc/arm/bin/../lib/gcc/arm-none-eabi/4.9.3/../../../../arm-none-eabi/lib/cortex-m7\libc.a(lib_a-vfiprintf.o) (__swsetup_r)
c:/isystem/winidea9/gcc/arm/bin/../lib/gcc/arm-none-eabi/4.9.3/../../../../arm-none-eabi/lib/cortex-m7\libc.a(lib_a-abort.o)
                              c:/isystem/winidea9/gcc/arm/bin/../lib/gcc/arm-none-eabi/4.9.3/../../../../arm-none-eabi/lib/cortex-m7\libc.a(lib_a-assert.o) (abort)
c:/isystem/winidea9/gcc/arm/bin/../lib/gcc/arm-none-eabi/4.9.3/../../../../arm-none-eabi/lib/cortex-m7\libc.a(lib_a-dtoa.o)
                              c:/isystem/winidea9/gcc/arm/bin/../lib/gcc/arm-none-eabi/4.9.3/../../../../arm-none-eabi/lib/cortex-m7\libc.a(lib_a-vfprintf.o) (_dtoa_r)
c:/isystem/winidea9/gcc/arm/bin/../lib/gcc/arm-none-eabi/4.9.3/../../../../arm-none-eabi/lib/cortex-m7\libc.a(lib_a-fflush.o)
                              c:/isystem/winidea9/gcc/arm/bin/../lib/gcc/arm-none-eabi/4.9.3/../../../../arm-none-eabi/lib/cortex-m7\libc.a(lib_a-setvbuf.o) (_fflush_r)
c:/isystem/winidea9/gcc/arm/bin/../lib/gcc/arm-none-eabi/4.9.3/../../../../arm-none-eabi/lib/cortex-m7\libc.a(lib_a-findfp.o)
                              c:/isystem/winidea9/gcc/arm/bin/../lib/gcc/arm-none-eabi/4.9.3/../../../../arm-none-eabi/lib/cortex-m7\libc.a(lib_a-setvbuf.o) (_cleanup_r)
c:/isystem/winidea9/gcc/arm/bin/../lib/gcc/arm-none-eabi/4.9.3/../../../../arm-none-eabi/lib/cortex-m7\libc.a(lib_a-fputwc.o)
                              c:/isystem/winidea9/gcc/arm/bin/../lib/gcc/arm-none-eabi/4.9.3/../../../../arm-none-eabi/lib/cortex-m7\libc.a(lib_a-vfiprintf.o) (_fputwc_r)
c:/isystem/winidea9/gcc/arm/bin/../lib/gcc/arm-none-eabi/4.9.3/../../../../arm-none-eabi/lib/cortex-m7\libc.a(lib_a-freer.o)
                              c:/isystem/winidea9/gcc/arm/bin/../lib/gcc/arm-none-eabi/4.9.3/../../../../arm-none-eabi/lib/cortex-m7\libc.a(lib_a-setvbuf.o) (_free_r)
c:/isystem/winidea9/gcc/arm/bin/../lib/gcc/arm-none-eabi/4.9.3/../../../../arm-none-eabi/lib/cortex-m7\libc.a(lib_a-fvwrite.o)
                              c:/isystem/winidea9/gcc/arm/bin/../lib/gcc/arm-none-eabi/4.9.3/../../../../arm-none-eabi/lib/cortex-m7\libc.a(lib_a-vfiprintf.o) (__sfvwrite_r)
c:/isystem/winidea9/gcc/arm/bin/../lib/gcc/arm-none-eabi/4.9.3/../../../../arm-none-eabi/lib/cortex-m7\libc.a(lib_a-fwalk.o)
                              c:/isystem/winidea9/gcc/arm/bin/../lib/gcc/arm-none-eabi/4.9.3/../../../../arm-none-eabi/lib/cortex-m7\libc.a(lib_a-findfp.o) (_fwalk)
c:/isystem/winidea9/gcc/arm/bin/../lib/gcc/arm-none-eabi/4.9.3/../../../../arm-none-eabi/lib/cortex-m7\libc.a(lib_a-locale.o)
[...]
Memory Configuration

Name             Origin             Length             Attributes
rom              0x00400000         0x00200000         xr
ram              0x20400000         0x00060000         xrw
sdram            0x70000000         0x00200000         xrw
*default*        0x00000000         0xffffffff

Linker script and memory map

LOAD D:\SAMV71x\app\01_scheduler_\SAMV71_Xplained_Ultra\Debug\main.o
LOAD D:\SAMV71x\app\01_scheduler_\SAMV71_Xplained_Ultra\Debug\system_sam.o
LOAD D:\SAMV71x\app\01_scheduler_\SAMV71_Xplained_Ultra\Debug\syscalls.o
LOAD D:\SAMV71x\app\01_scheduler_\SAMV71_Xplained_Ultra\Debug\app_scheduler.o
LOAD D:\SAMV71x\app\01_scheduler_\SAMV71_Xplained_Ultra\Debug\app_tasks.o
LOAD D:\SAMV71x\app\01_scheduler_\SAMV71_Xplained_Ultra\Debug\startup_sam.o
LOAD D:\SAMV71x\app\01_scheduler_\SAMV71_Xplained_Ultra\Debug\board_lowlevel.o
LOAD D:\SAMV71x\app\01_scheduler_\SAMV71_Xplained_Ultra\Debug\dbg_console.o
LOAD D:\SAMV71x\app\01_scheduler_\SAMV71_Xplained_Ultra\Debug\led.o
LOAD D:\SAMV71x\app\01_scheduler_\SAMV71_Xplained_Ultra\Debug\pmc.o
LOAD D:\SAMV71x\app\01_scheduler_\SAMV71_Xplained_Ultra\Debug\pio.o
LOAD D:\SAMV71x\app\01_scheduler_\SAMV71_Xplained_Ultra\Debug\mpu.o
LOAD D:\SAMV71x\app\01_scheduler_\SAMV71_Xplained_Ultra\Debug\exceptions.o
LOAD D:\SAMV71x\app\01_scheduler_\SAMV71_Xplained_Ultra\Debug\systick.o
LOAD D:\SAMV71x\app\01_scheduler_\SAMV71_Xplained_Ultra\Debug\wdt.o
LOAD D:\SAMV71x\app\01_scheduler_\SAMV71_Xplained_Ultra\Debug\pio_it.o
LOAD D:\SAMV71x\app\01_scheduler_\SAMV71_Xplained_Ultra\Debug\led_ctrl.o
LOAD D:\SAMV71x\app\01_scheduler_\SAMV71_Xplained_Ultra\Debug\pushb_ctrl.o
                0x00002000                STACK_SIZE = DEFINED (STACK_SIZE)?STACK_SIZE:0x2000
                0x00001000                HEAP_SIZE = DEFINED (HEAP_SIZE)?HEAP_SIZE:0x1000

.text           0x00400000     0x9670
                0x00400000                . = ALIGN (0x4)
                0x00400000                _sfixed = .
 *(.vectors .vectors.*)
 .vectors       0x00400000      0x140 D:\SAMV71x\app\01_scheduler_\SAMV71_Xplained_Ultra\Debug\startup_sam.o
                0x00400000                exception_table
 *(.text .text.* .gnu.linkonce.t.*)
 .text          0x00400140       0x68 D:\SAMV71x\app\01_scheduler_\SAMV71_Xplained_Ultra\Debug\main.o
                0x00400174                main
 .text          0x004001a8      0x378 D:\SAMV71x\app\01_scheduler_\SAMV71_Xplained_Ultra\Debug\system_sam.o
                0x004001a8                SystemInit
                0x004002b4                SystemCoreClockUpdate
                0x0040041c                system_init_flash
                0x004004b0                sysclk_enable_usb
                0x004004ec                sysclk_disable_usb
 .text          0x00400520      0x164 D:\SAMV71x\app\01_scheduler_\SAMV71_Xplained_Ultra\Debug\syscalls.o
                0x00400520                _sbrk
                0x00400560                link
                0x0040057c                _close
                0x00400594                _fstat
                0x004005b4                _isatty
                0x004005cc                _lseek
                0x004005e8                _read
                0x00400604                _write
                0x00400640                _exit
                0x00400658                _kill
                0x00400670                _getpid
 .text          0x00400684      0x4b0 D:\SAMV71x\app\01_scheduler_\SAMV71_Xplained_Ultra\Debug\app_scheduler.o
                0x00400684                vfnScheduler_Init
                0x004006e0                vfnScheduler_Start
                0x00400708                vfnScheduler_Stop
                0x00400720                vfnScheduler_TaskStart
                0x00400754                vfnScheduler_TaskActivate
                0x00400778                vfnScheduler_SetTaskRunning
                0x00400794                vfnScheduler_GetTaskRunning
                0x004007ac                vfnScheduler_TaskPreempt
                0x004007c4                vfnScheduler_TaskRestart
                0x004007ec                vfnScheduler_KillTask
                0x00400814                vfnTask_Scheduler
                0x00400914                vfnScheduler_Callback
                0x004009f0                vfnEventActivationHandler
                0x00400a84                vfnSchedulePoint
 .text          0x00400b34       0x4c D:\SAMV71x\app\01_scheduler_\SAMV71_Xplained_Ultra\Debug\app_tasks.o
                0x00400b34                TASKS_LIST_1MS
                0x00400b40                TASKS_LIST_2MS_A
                0x00400b4c                TASKS_LIST_2MS_B
                0x00400b58                TASKS_LIST_10MS
                0x00400b68                TASKS_LIST_50MS
                0x00400b74                TASKS_LIST_100MS
 .text          0x00400b80       0xe0 D:\SAMV71x\app\01_scheduler_\SAMV71_Xplained_Ultra\Debug\startup_sam.o
                0x00400bc0                Reset_Handler
                0x00400c58                DebugMon_Handler
                0x00400c58                UART3_Handler
                0x00400c58                UART2_Handler
                0x00400c58                TRNG_Handler
                0x00400c58                TC2_Handler
                0x00400c58                AFEC1_Handler
                0x00400c58                PendSV_Handler
                0x00400c58                TC7_Handler
                0x00400c58                QSPI_Handler
                0x00400c58                ISI_Handler
                0x00400c58                TC9_Handler
                0x00400c58                RSWDT_Handler
                0x00400c58                MCAN1_Handler
                0x00400c58                USART0_Handler
                0x00400c58                RTT_Handler
                0x00400c58                USBHS_Handler
                0x00400c58                CCF_Handler
                0x00400c58                RTC_Handler
                0x00400c58                TC6_Handler
                0x00400c58                WDT_Handler
                0x00400c58                TC4_Handler
                0x00400c58                TC1_Handler
                0x00400c58                HSMCI_Handler
                0x00400c58                UART1_Handler
                0x00400c58                DACC_Handler
                0x00400c58                TC3_Handler
                0x00400c58                Dummy_Handler
                0x00400c58                TWIHS1_Handler
                0x00400c58                XDMAC_Handler
                0x00400c58                UART4_Handler
                0x00400c58                PWM1_Handler
                0x00400c58                USART1_Handler
                0x00400c58                PWM0_Handler
                0x00400c58                AFEC0_Handler
                0x00400c58                CCW_Handler
                0x00400c58                TC11_Handler
                0x00400c58                SSC_Handler
                0x00400c58                ACC_Handler
                0x00400c58                PMC_Handler
                0x00400c58                GMAC_Handler
                0x00400c58                SUPC_Handler
                0x00400c58                SVC_Handler
                0x00400c58                TC8_Handler
                0x00400c58                GMACQ2_Handler
                0x00400c58                EFC_Handler
                0x00400c58                USART2_Handler
                0x00400c58                SDRAMC_Handler
                0x00400c58                SPI1_Handler
                0x00400c58                MCAN0_Handler
                0x00400c58                TC10_Handler
                0x00400c58                TWIHS2_Handler
                0x00400c58                MLB_Handler
                0x00400c58                UART0_Handler
                0x00400c58                GMACQ1_Handler
                0x00400c58                MCAN1_Line1_Handler
                0x00400c58                FPU_Handler
                0x00400c58                RSTC_Handler
                0x00400c58                TC0_Handler
                0x00400c58                MCAN0_Line1_Handler
                0x00400c58                TC5_Handler
                0x00400c58                AES_Handler
                0x00400c58                ICM_Handler
                0x00400c58                TWIHS0_Handler
                0x00400c58                SPI0_Handler
 .text          0x00400c60      0x19c D:\SAMV71x\app\01_scheduler_\SAMV71_Xplained_Ultra\Debug\board_lowlevel.o
                0x00400c60                _SetupMemoryRegion
                0x00400dec                LowLevelInit
 .text          0x00400dfc      0x56c D:\SAMV71x\app\01_scheduler_\SAMV71_Xplained_Ultra\Debug\dbg_console.o
                0x00400dfc                DBG_Configure
                0x00400eac                DBG_PutChar
                0x00400f00                DBG_GetChar
                0x00400f44                DBG_IsRxReady
                0x00400f7c                DBG_DumpFrame
                0x00400fc0                DBG_DumpMemory
                0x00401124                DBG_GetInteger
                0x004011f4                DBG_GetIntegerMinMax
                0x00401254                DBG_GetHexa32
                0x004012fc                puts
                0x00401328                gets
 .text          0x00401368      0x168 D:\SAMV71x\app\01_scheduler_\SAMV71_Xplained_Ultra\Debug\led.o
                0x00401368                LED_Configure
                0x004013a0                LED_Set
                0x00401404                LED_Clear
                0x00401468                LED_Toggle
 .text          0x004014d0      0x76c D:\SAMV71x\app\01_scheduler_\SAMV71_Xplained_Ultra\Debug\pmc.o
                0x004015a4                PMC_EnablePeripheral
                0x00401634                PMC_DisablePeripheral
                0x004016c4                PMC_EnableAllPeripherals
                0x00401704                PMC_DisableAllPeripherals
                0x00401740                PMC_IsPeriphEnabled
                0x0040179c                PMC_EnableExtOsc
                0x00401818                PMC_DisableExtOsc
                0x00401854                PMC_SelectExtOsc
                0x004018c0                PMC_SelectExtBypassOsc
                0x0040192c                PMC_EnableIntRC4_8_12MHz
                0x004019b8                PMC_DisableIntRC4_8_12MHz
                0x004019fc                PMC_SetPllaClock
                0x00401a54                PMC_SetMckSelection
                0x00401a98                PMC_DisableAllClocks
                0x00401ae8                PMC_ConfigureMckWithPlla
                0x00401b20                PMC_EnableXT32KFME
                0x00401b4c                PMC_ConfigurePCK0
                0x00401b9c                PMC_ConfigurePCK1
                0x00401bec                PMC_ConfigurePCK2
 .text          0x00401c3c      0x540 D:\SAMV71x\app\01_scheduler_\SAMV71_Xplained_Ultra\Debug\pio.o
                0x00401eac                PIO_Configure
                0x00402010                PIO_Set
                0x0040202c                PIO_Clear
                0x00402048                PIO_Get
                0x00402090                PIO_GetOutputDataStatus
                0x004020bc                PIO_SetDebounceFilter
                0x004020f8                PIO_EnableWriteProtect
                0x0040211c                PIO_DisableWriteProtect
                0x00402140                PIO_GetWriteProtectViolationInfo
                0x00402160                PIO_SetPinType
 .text          0x0040217c       0xf0 D:\SAMV71x\app\01_scheduler_\SAMV71_Xplained_Ultra\Debug\mpu.o
                0x0040217c                MPU_Enable
                0x00402198                MPU_SetRegionNum
                0x004021b4                MPU_DisableRegion
                0x004021d0                MPU_SetRegion
                0x004021f4                MPU_CalMPURegionSize
                0x00402234                MPU_UpdateRegions
 .text          0x0040226c       0xe8 D:\SAMV71x\app\01_scheduler_\SAMV71_Xplained_Ultra\Debug\exceptions.o
                0x0040226c                NMI_Handler
                0x004022f4                HardFault_Handler
                0x00402308                MemManage_Handler
                0x00402320                BusFault_Handler
                0x0040233c                UsageFault_Handler
 .text          0x00402354       0xe8 D:\SAMV71x\app\01_scheduler_\SAMV71_Xplained_Ultra\Debug\systick.o
                0x004023ec                sysTick_init
                0x00402424                SysTick_Handler
 .text          0x0040243c       0xa8 D:\SAMV71x\app\01_scheduler_\SAMV71_Xplained_Ultra\Debug\wdt.o
                0x0040243c                WDT_Enable
                0x00402458                WDT_Disable
                0x00402474                WDT_Restart
                0x00402490                WDT_GetStatus
                0x004024ac                WDT_GetPeriod
 .text          0x004024e4      0x4ac D:\SAMV71x\app\01_scheduler_\SAMV71_Xplained_Ultra\Debug\pio_it.o
                0x004025d0                PioInterruptHandler
                0x00402680                PIOA_Handler
                0x00402694                PIOB_Handler
                0x004026a8                PIOC_Handler
                0x004026bc                PIOD_Handler
                0x004026d0                PIOE_Handler
                0x004026e4                PIO_InitializeInterrupts
                0x004027ec                PIO_ConfigureIt
                0x004028c8                PIO_EnableIt
                0x00402958                PIO_DisableIt
 .text          0x00402990      0x20c D:\SAMV71x\app\01_scheduler_\SAMV71_Xplained_Ultra\Debug\led_ctrl.o
                0x00402990                LEDCTRL_v_Configure
                0x004029a4                LEDCTRL_v_BlinkingPattern
                0x00402a1c                LEDCTRL_v_BlinkingLEDx
                0x00402a84                LEDCTRL_v_BlinkingLED0
                0x00402ae4                LEDCTRL_v_BlinkingLED1
                0x00402b44                LEDCTRL_v_StaticLEDx
                0x00402b58                LEDCTRL_v_StaticLED0
                0x00402b64                LEDCTRL_v_StaticLED1
                0x00402b70                LEDCTRL_v_TurnOffLEDx
                0x00402b84                LEDCTRL_v_TurnOffLED0
                0x00402b90                LEDCTRL_v_TurnOffLED1
 .text          0x00402b9c       0xb8 D:\SAMV71x\app\01_scheduler_\SAMV71_Xplained_Ultra\Debug\pushb_ctrl.o
                0x00402bcc                PBCTRL_v_configSWx
                0x00402c08                PBCTRL_v_SW0Event
                0x00402c34                PBCTRL_v_SW0Handler
 .text.__assert_func
                0x00402c54       0x3c c:/isystem/winidea9/gcc/arm/bin/../lib/gcc/arm-none-eabi/4.9.3/../../../../arm-none-eabi/lib/cortex-m7\libc.a(lib_a-assert.o)
                0x00402c54                __assert_func
 .text.fiprintf
                0x00402c90       0x28 c:/isystem/winidea9/gcc/arm/bin/../lib/gcc/arm-none-eabi/4.9.3/../../../../arm-none-eabi/lib/cortex-m7\libc.a(lib_a-fiprintf.o)
                0x00402c90                fiprintf
 .text.printf   0x00402cb8       0x28 c:/isystem/winidea9/gcc/arm/bin/../lib/gcc/arm-none-eabi/4.9.3/../../../../arm-none-eabi/lib/cortex-m7\libc.a(lib_a-printf.o)
                0x00402cb8                printf
 .text.putchar  0x00402ce0       0x10 c:/isystem/winidea9/gcc/arm/bin/../lib/gcc/arm-none-eabi/4.9.3/../../../../arm-none-eabi/lib/cortex-m7\libc.a(lib_a-putchar.o)
                0x00402ce0                putchar
 .text.setvbuf  0x00402cf0       0xfc c:/isystem/winidea9/gcc/arm/bin/../lib/gcc/arm-none-eabi/4.9.3/../../../../arm-none-eabi/lib/cortex-m7\libc.a(lib_a-setvbuf.o)
                0x00402cf0                setvbuf
 .text.__sprint_r.part.0
                0x00402dec       0x78 c:/isystem/winidea9/gcc/arm/bin/../lib/gcc/arm-none-eabi/4.9.3/../../../../arm-none-eabi/lib/cortex-m7\libc.a(lib_a-vfiprintf.o)
 .text.__sprint_r
                0x00402e64       0x18 c:/isystem/winidea9/gcc/arm/bin/../lib/gcc/arm-none-eabi/4.9.3/../../../../arm-none-eabi/lib/cortex-m7\libc.a(lib_a-vfiprintf.o)
                0x00402e64                __sprint_r
 .text._vfiprintf_r
                0x00402e7c      0xbf4 c:/isystem/winidea9/gcc/arm/bin/../lib/gcc/arm-none-eabi/4.9.3/../../../../arm-none-eabi/lib/cortex-m7\libc.a(lib_a-vfiprintf.o)
                0x00402e7c                _vfiprintf_r
 .text.__sbprintf
                0x00403a70       0x80 c:/isystem/winidea9/gcc/arm/bin/../lib/gcc/arm-none-eabi/4.9.3/../../../../arm-none-eabi/lib/cortex-m7\libc.a(lib_a-vfiprintf.o)
 .text._vfprintf_r
                0x00403af0     0x1554 c:/isystem/winidea9/gcc/arm/bin/../lib/gcc/arm-none-eabi/4.9.3/../../../../arm-none-eabi/lib/cortex-m7\libc.a(lib_a-vfprintf.o)
                0x00403af0                _vfprintf_r
 .text.__sbprintf
                0x00405044       0x80 c:/isystem/winidea9/gcc/arm/bin/../lib/gcc/arm-none-eabi/4.9.3/../../../../arm-none-eabi/lib/cortex-m7\libc.a(lib_a-vfprintf.o)
 .text.__swsetup_r
                0x004050c4       0xc4 c:/isystem/winidea9/gcc/arm/bin/../lib/gcc/arm-none-eabi/4.9.3/../../../../arm-none-eabi/lib/cortex-m7\libc.a(lib_a-wsetup.o)
                0x004050c4                __swsetup_r
 .text.abort    0x00405188       0x10 c:/isystem/winidea9/gcc/arm/bin/../lib/gcc/arm-none-eabi/4.9.3/../../../../arm-none-eabi/lib/cortex-m7\libc.a(lib_a-abort.o)
                0x00405188                abort
 .text.quorem   0x00405198      0x140 c:/isystem/winidea9/gcc/arm/bin/../lib/gcc/arm-none-eabi/4.9.3/../../../../arm-none-eabi/lib/cortex-m7\libc.a(lib_a-dtoa.o)
 .text._dtoa_r  0x004052d8      0xee8 c:/isystem/winidea9/gcc/arm/bin/../lib/gcc/arm-none-eabi/4.9.3/../../../../arm-none-eabi/lib/cortex-m7\libc.a(lib_a-dtoa.o)
                0x004052d8                _dtoa_r
 .text.__sflush_r
                0x004061c0      0x148 c:/isystem/winidea9/gcc/arm/bin/../lib/gcc/arm-none-eabi/4.9.3/../../../../arm-none-eabi/lib/cortex-m7\libc.a(lib_a-fflush.o)
                0x004061c0                __sflush_r
 .text._fflush_r
                0x00406308       0x2c c:/isystem/winidea9/gcc/arm/bin/../lib/gcc/arm-none-eabi/4.9.3/../../../../arm-none-eabi/lib/cortex-m7\libc.a(lib_a-fflush.o)
                0x00406308                _fflush_r
 .text._cleanup_r
                0x00406334        0xc c:/isystem/winidea9/gcc/arm/bin/../lib/gcc/arm-none-eabi/4.9.3/../../../../arm-none-eabi/lib/cortex-m7\libc.a(lib_a-findfp.o)
                0x00406334                _cleanup_r
 .text.__sinit.part.1
                0x00406340       0xfc c:/isystem/winidea9/gcc/arm/bin/../lib/gcc/arm-none-eabi/4.9.3/../../../../arm-none-eabi/lib/cortex-m7\libc.a(lib_a-findfp.o)
 .text.__sinit  0x0040643c        0xc c:/isystem/winidea9/gcc/arm/bin/../lib/gcc/arm-none-eabi/4.9.3/../../../../arm-none-eabi/lib/cortex-m7\libc.a(lib_a-findfp.o)
                0x0040643c                __sinit
 .text.__sfp_lock_acquire
                0x00406448        0x4 c:/isystem/winidea9/gcc/arm/bin/../lib/gcc/arm-none-eabi/4.9.3/../../../../arm-none-eabi/lib/cortex-m7\libc.a(lib_a-findfp.o)
                0x00406448                __sfp_lock_acquire
 .text.__sfp_lock_release
                0x0040644c        0x4 c:/isystem/winidea9/gcc/arm/bin/../lib/gcc/arm-none-eabi/4.9.3/../../../../arm-none-eabi/lib/cortex-m7\libc.a(lib_a-findfp.o)
                0x0040644c                __sfp_lock_release
 .text.__fputwc
                0x00406450       0xb0 c:/isystem/winidea9/gcc/arm/bin/../lib/gcc/arm-none-eabi/4.9.3/../../../../arm-none-eabi/lib/cortex-m7\libc.a(lib_a-fputwc.o)
                0x00406450                __fputwc
 .text._fputwc_r
                0x00406500       0x24 c:/isystem/winidea9/gcc/arm/bin/../lib/gcc/arm-none-eabi/4.9.3/../../../../arm-none-eabi/lib/cortex-m7\libc.a(lib_a-fputwc.o)
                0x00406500                _fputwc_r
 .text._malloc_trim_r
                0x00406524       0x9c c:/isystem/winidea9/gcc/arm/bin/../lib/gcc/arm-none-eabi/4.9.3/../../../../arm-none-eabi/lib/cortex-m7\libc.a(lib_a-freer.o)
                0x00406524                _malloc_trim_r
 .text._free_r  0x004065c0      0x1b0 c:/isystem/winidea9/gcc/arm/bin/../lib/gcc/arm-none-eabi/4.9.3/../../../../arm-none-eabi/lib/cortex-m7\libc.a(lib_a-freer.o)
                0x004065c0                _free_r
 .text.__sfvwrite_r
                0x00406770      0x324 c:/isystem/winidea9/gcc/arm/bin/../lib/gcc/arm-none-eabi/4.9.3/../../../../arm-none-eabi/lib/cortex-m7\libc.a(lib_a-fvwrite.o)
                0x00406770                __sfvwrite_r
 .text._fwalk_reent
                0x00406a94       0x50 c:/isystem/winidea9/gcc/arm/bin/../lib/gcc/arm-none-eabi/4.9.3/../../../../arm-none-eabi/lib/cortex-m7\libc.a(lib_a-fwalk.o)
                0x00406a94                _fwalk_reent
 .text.__locale_charset
                0x00406ae4        0x8 c:/isystem/winidea9/gcc/arm/bin/../lib/gcc/arm-none-eabi/4.9.3/../../../../arm-none-eabi/lib/cortex-m7\libc.a(lib_a-locale.o)
                0x00406ae4                __locale_charset
 .text.__locale_mb_cur_max
                0x00406aec        0xc c:/isystem/winidea9/gcc/arm/bin/../lib/gcc/arm-none-eabi/4.9.3/../../../../arm-none-eabi/lib/cortex-m7\libc.a(lib_a-locale.o)
                0x00406aec                __locale_mb_cur_max
 .text._localeconv_r
                0x00406af8        0x8 c:/isystem/winidea9/gcc/arm/bin/../lib/gcc/arm-none-eabi/4.9.3/../../../../arm-none-eabi/lib/cortex-m7\libc.a(lib_a-locale.o)
                0x00406af8                _localeconv_r
 .text.__smakebuf_r
                0x00406b00       0xe4 c:/isystem/winidea9/gcc/arm/bin/../lib/gcc/arm-none-eabi/4.9.3/../../../../arm-none-eabi/lib/cortex-m7\libc.a(lib_a-makebuf.o)
                0x00406b00                __smakebuf_r
 .text.malloc   0x00406be4       0x10 c:/isystem/winidea9/gcc/arm/bin/../lib/gcc/arm-none-eabi/4.9.3/../../../../arm-none-eabi/lib/cortex-m7\libc.a(lib_a-malloc.o)
                0x00406be4                malloc
 .text._malloc_r
                0x00406bf4      0x558 c:/isystem/winidea9/gcc/arm/bin/../lib/gcc/arm-none-eabi/4.9.3/../../../../arm-none-eabi/lib/cortex-m7\libc.a(lib_a-mallocr.o)
                0x00406bf4                _malloc_r
 .text.memchr   0x0040714c       0x90 c:/isystem/winidea9/gcc/arm/bin/../lib/gcc/arm-none-eabi/4.9.3/../../../../arm-none-eabi/lib/cortex-m7\libc.a(lib_a-memchr.o)
                0x0040714c                memchr
 .text          0x004071dc      0x134 c:/isystem/winidea9/gcc/arm/bin/../lib/gcc/arm-none-eabi/4.9.3/../../../../arm-none-eabi/lib/cortex-m7\libc.a(lib_a-memcpy.o)
                0x004071dc                memcpy
 .text.memmove  0x00407310       0xc4 c:/isystem/winidea9/gcc/arm/bin/../lib/gcc/arm-none-eabi/4.9.3/../../../../arm-none-eabi/lib/cortex-m7\libc.a(lib_a-memmove.o)
                0x00407310                memmove
 .text.memset   0x004073d4       0xa0 c:/isystem/winidea9/gcc/arm/bin/../lib/gcc/arm-none-eabi/4.9.3/../../../../arm-none-eabi/lib/cortex-m7\libc.a(lib_a-memset.o)
                0x004073d4                memset
 .text.__malloc_lock
                0x00407474        0x4 c:/isystem/winidea9/gcc/arm/bin/../lib/gcc/arm-none-eabi/4.9.3/../../../../arm-none-eabi/lib/cortex-m7\libc.a(lib_a-mlock.o)
                0x00407474                __malloc_lock
 .text.__malloc_unlock
                0x00407478        0x4 c:/isystem/winidea9/gcc/arm/bin/../lib/gcc/arm-none-eabi/4.9.3/../../../../arm-none-eabi/lib/cortex-m7\libc.a(lib_a-mlock.o)
                0x00407478                __malloc_unlock
 .text._Balloc  0x0040747c       0x50 c:/isystem/winidea9/gcc/arm/bin/../lib/gcc/arm-none-eabi/4.9.3/../../../../arm-none-eabi/lib/cortex-m7\libc.a(lib_a-mprec.o)
                0x0040747c                _Balloc
 .text._Bfree   0x004074cc       0x14 c:/isystem/winidea9/gcc/arm/bin/../lib/gcc/arm-none-eabi/4.9.3/../../../../arm-none-eabi/lib/cortex-m7\libc.a(lib_a-mprec.o)
                0x004074cc                _Bfree
 .text.__multadd
                0x004074e0       0x84 c:/isystem/winidea9/gcc/arm/bin/../lib/gcc/arm-none-eabi/4.9.3/../../../../arm-none-eabi/lib/cortex-m7\libc.a(lib_a-mprec.o)
                0x004074e0                __multadd
 .text.__hi0bits
                0x00407564       0x44 c:/isystem/winidea9/gcc/arm/bin/../lib/gcc/arm-none-eabi/4.9.3/../../../../arm-none-eabi/lib/cortex-m7\libc.a(lib_a-mprec.o)
                0x00407564                __hi0bits
 .text.__lo0bits
                0x004075a8       0x64 c:/isystem/winidea9/gcc/arm/bin/../lib/gcc/arm-none-eabi/4.9.3/../../../../arm-none-eabi/lib/cortex-m7\libc.a(lib_a-mprec.o)
                0x004075a8                __lo0bits
 .text.__i2b    0x0040760c       0x14 c:/isystem/winidea9/gcc/arm/bin/../lib/gcc/arm-none-eabi/4.9.3/../../../../arm-none-eabi/lib/cortex-m7\libc.a(lib_a-mprec.o)
                0x0040760c                __i2b
 .text.__multiply
                0x00407620      0x144 c:/isystem/winidea9/gcc/arm/bin/../lib/gcc/arm-none-eabi/4.9.3/../../../../arm-none-eabi/lib/cortex-m7\libc.a(lib_a-mprec.o)
                0x00407620                __multiply
 .text.__pow5mult
                0x00407764       0xa0 c:/isystem/winidea9/gcc/arm/bin/../lib/gcc/arm-none-eabi/4.9.3/../../../../arm-none-eabi/lib/cortex-m7\libc.a(lib_a-mprec.o)
                0x00407764                __pow5mult
 .text.__lshift
                0x00407804       0xb4 c:/isystem/winidea9/gcc/arm/bin/../lib/gcc/arm-none-eabi/4.9.3/../../../../arm-none-eabi/lib/cortex-m7\libc.a(lib_a-mprec.o)
                0x00407804                __lshift
 .text.__mcmp   0x004078b8       0x48 c:/isystem/winidea9/gcc/arm/bin/../lib/gcc/arm-none-eabi/4.9.3/../../../../arm-none-eabi/lib/cortex-m7\libc.a(lib_a-mprec.o)
                0x004078b8                __mcmp
 .text.__mdiff  0x00407900       0xe4 c:/isystem/winidea9/gcc/arm/bin/../lib/gcc/arm-none-eabi/4.9.3/../../../../arm-none-eabi/lib/cortex-m7\libc.a(lib_a-mprec.o)
                0x00407900                __mdiff
 .text.__d2b    0x004079e4       0xb0 c:/isystem/winidea9/gcc/arm/bin/../lib/gcc/arm-none-eabi/4.9.3/../../../../arm-none-eabi/lib/cortex-m7\libc.a(lib_a-mprec.o)
                0x004079e4                __d2b
 .text._putc_r  0x00407a94       0x58 c:/isystem/winidea9/gcc/arm/bin/../lib/gcc/arm-none-eabi/4.9.3/../../../../arm-none-eabi/lib/cortex-m7\libc.a(lib_a-putc.o)
                0x00407a94                _putc_r
 .text._realloc_r
                0x00407aec      0x3f0 c:/isystem/winidea9/gcc/arm/bin/../lib/gcc/arm-none-eabi/4.9.3/../../../../arm-none-eabi/lib/cortex-m7\libc.a(lib_a-reallocr.o)
                0x00407aec                _realloc_r
 .text.__fpclassifyd
                0x00407edc       0x44 c:/isystem/winidea9/gcc/arm/bin/../lib/gcc/arm-none-eabi/4.9.3/../../../../arm-none-eabi/lib/cortex-m7\libc.a(lib_a-s_fpclassify.o)
                0x00407edc                __fpclassifyd
 .text._sbrk_r  0x00407f20       0x24 c:/isystem/winidea9/gcc/arm/bin/../lib/gcc/arm-none-eabi/4.9.3/../../../../arm-none-eabi/lib/cortex-m7\libc.a(lib_a-sbrkr.o)
                0x00407f20                _sbrk_r
 .text._raise_r
                0x00407f44       0x58 c:/isystem/winidea9/gcc/arm/bin/../lib/gcc/arm-none-eabi/4.9.3/../../../../arm-none-eabi/lib/cortex-m7\libc.a(lib_a-signal.o)
                0x00407f44                _raise_r
 .text.raise    0x00407f9c       0x10 c:/isystem/winidea9/gcc/arm/bin/../lib/gcc/arm-none-eabi/4.9.3/../../../../arm-none-eabi/lib/cortex-m7\libc.a(lib_a-signal.o)
                0x00407f9c                raise
 .text._kill_r  0x00407fac       0x28 c:/isystem/winidea9/gcc/arm/bin/../lib/gcc/arm-none-eabi/4.9.3/../../../../arm-none-eabi/lib/cortex-m7\libc.a(lib_a-signalr.o)
                0x00407fac                _kill_r
 .text._getpid_r
                0x00407fd4        0x4 c:/isystem/winidea9/gcc/arm/bin/../lib/gcc/arm-none-eabi/4.9.3/../../../../arm-none-eabi/lib/cortex-m7\libc.a(lib_a-signalr.o)
                0x00407fd4                _getpid_r
 .text.__sread  0x00407fd8       0x24 c:/isystem/winidea9/gcc/arm/bin/../lib/gcc/arm-none-eabi/4.9.3/../../../../arm-none-eabi/lib/cortex-m7\libc.a(lib_a-stdio.o)
                0x00407fd8                __sread
 .text.__swrite
                0x00407ffc       0x38 c:/isystem/winidea9/gcc/arm/bin/../lib/gcc/arm-none-eabi/4.9.3/../../../../arm-none-eabi/lib/cortex-m7\libc.a(lib_a-stdio.o)
                0x00407ffc                __swrite
 .text.__sseek  0x00408034       0x24 c:/isystem/winidea9/gcc/arm/bin/../lib/gcc/arm-none-eabi/4.9.3/../../../../arm-none-eabi/lib/cortex-m7\libc.a(lib_a-stdio.o)
                0x00408034                __sseek
 .text.__sclose
                0x00408058        0x8 c:/isystem/winidea9/gcc/arm/bin/../lib/gcc/arm-none-eabi/4.9.3/../../../../arm-none-eabi/lib/cortex-m7\libc.a(lib_a-stdio.o)
                0x00408058                __sclose
 .text.strlen   0x00408060       0x5c c:/isystem/winidea9/gcc/arm/bin/../lib/gcc/arm-none-eabi/4.9.3/../../../../arm-none-eabi/lib/cortex-m7\libc.a(lib_a-strlen.o)
                0x00408060                strlen
 .text.__swbuf_r
                0x004080bc       0xa8 c:/isystem/winidea9/gcc/arm/bin/../lib/gcc/arm-none-eabi/4.9.3/../../../../arm-none-eabi/lib/cortex-m7\libc.a(lib_a-wbuf.o)
                0x004080bc                __swbuf_r
 .text._wcrtomb_r
                0x00408164       0x54 c:/isystem/winidea9/gcc/arm/bin/../lib/gcc/arm-none-eabi/4.9.3/../../../../arm-none-eabi/lib/cortex-m7\libc.a(lib_a-wcrtomb.o)
                0x00408164                _wcrtomb_r
 .text.__ascii_wctomb
                0x004081b8       0x18 c:/isystem/winidea9/gcc/arm/bin/../lib/gcc/arm-none-eabi/4.9.3/../../../../arm-none-eabi/lib/cortex-m7\libc.a(lib_a-wctomb_r.o)
                0x004081b8                __ascii_wctomb
 .text._write_r
                0x004081d0       0x28 c:/isystem/winidea9/gcc/arm/bin/../lib/gcc/arm-none-eabi/4.9.3/../../../../arm-none-eabi/lib/cortex-m7\libc.a(lib_a-writer.o)
                0x004081d0                _write_r
 .text._calloc_r
                0x004081f8       0x60 c:/isystem/winidea9/gcc/arm/bin/../lib/gcc/arm-none-eabi/4.9.3/../../../../arm-none-eabi/lib/cortex-m7\libc.a(lib_a-callocr.o)
                0x004081f8                _calloc_r
 .text._close_r
                0x00408258       0x24 c:/isystem/winidea9/gcc/arm/bin/../lib/gcc/arm-none-eabi/4.9.3/../../../../arm-none-eabi/lib/cortex-m7\libc.a(lib_a-closer.o)
                0x00408258                _close_r
 .text._fclose_r
                0x0040827c       0x84 c:/isystem/winidea9/gcc/arm/bin/../lib/gcc/arm-none-eabi/4.9.3/../../../../arm-none-eabi/lib/cortex-m7\libc.a(lib_a-fclose.o)
                0x0040827c                _fclose_r
 .text._fstat_r
                0x00408300       0x28 c:/isystem/winidea9/gcc/arm/bin/../lib/gcc/arm-none-eabi/4.9.3/../../../../arm-none-eabi/lib/cortex-m7\libc.a(lib_a-fstatr.o)
                0x00408300                _fstat_r
 .text._isatty_r
                0x00408328       0x24 c:/isystem/winidea9/gcc/arm/bin/../lib/gcc/arm-none-eabi/4.9.3/../../../../arm-none-eabi/lib/cortex-m7\libc.a(lib_a-isattyr.o)
                0x00408328                _isatty_r
 .text._lseek_r
                0x0040834c       0x28 c:/isystem/winidea9/gcc/arm/bin/../lib/gcc/arm-none-eabi/4.9.3/../../../../arm-none-eabi/lib/cortex-m7\libc.a(lib_a-lseekr.o)
                0x0040834c                _lseek_r
 .text._read_r  0x00408374       0x28 c:/isystem/winidea9/gcc/arm/bin/../lib/gcc/arm-none-eabi/4.9.3/../../../../arm-none-eabi/lib/cortex-m7\libc.a(lib_a-readr.o)
                0x00408374                _read_r
 .text          0x0040839c      0x370 c:/isystem/winidea9/gcc/arm/bin/../lib/gcc/arm-none-eabi/4.9.3/cortex-m7\libgcc.a(_arm_addsubdf3.o)
                0x0040839c                __aeabi_drsub
                0x004083a4                __aeabi_dsub
                0x004083a4                __subdf3
                0x004083a8                __aeabi_dadd
                0x004083a8                __adddf3
                0x00408620                __floatunsidf
                0x00408620                __aeabi_ui2d
                0x00408640                __floatsidf
                0x00408640                __aeabi_i2d
                0x00408664                __aeabi_f2d
                0x00408664                __extendsfdf2
                0x004086a0                __floatundidf
                0x004086a0                __aeabi_ul2d
                0x004086b0                __floatdidf
                0x004086b0                __aeabi_l2d
 .text          0x0040870c      0x424 c:/isystem/winidea9/gcc/arm/bin/../lib/gcc/arm-none-eabi/4.9.3/cortex-m7\libgcc.a(_arm_muldivdf3.o)
                0x0040870c                __aeabi_dmul
                0x0040870c                __muldf3
                0x00408960                __divdf3
                0x00408960                __aeabi_ddiv
 .text          0x00408b30      0x110 c:/isystem/winidea9/gcc/arm/bin/../lib/gcc/arm-none-eabi/4.9.3/cortex-m7\libgcc.a(_arm_cmpdf2.o)
                0x00408b30                __gtdf2
                0x00408b30                __gedf2
                0x00408b38                __ltdf2
                0x00408b38                __ledf2
                0x00408b40                __nedf2
                0x00408b40                __eqdf2
                0x00408b40                __cmpdf2
                0x00408bbc                __aeabi_cdrcmple
                0x00408bcc                __aeabi_cdcmpeq
                0x00408bcc                __aeabi_cdcmple
                0x00408bdc                __aeabi_dcmpeq
                0x00408bf0                __aeabi_dcmplt
                0x00408c04                __aeabi_dcmple
                0x00408c18                __aeabi_dcmpge
                0x00408c2c                __aeabi_dcmpgt
 .text          0x00408c40       0x50 c:/isystem/winidea9/gcc/arm/bin/../lib/gcc/arm-none-eabi/4.9.3/cortex-m7\libgcc.a(_arm_fixdfsi.o)
                0x00408c40                __aeabi_d2iz
                0x00408c40                __fixdfsi
 .text          0x00408c90       0x30 c:/isystem/winidea9/gcc/arm/bin/../lib/gcc/arm-none-eabi/4.9.3/cortex-m7\libgcc.a(_aeabi_uldivmod.o)
                0x00408c90                __aeabi_uldivmod
 .text          0x00408cc0       0x60 c:/isystem/winidea9/gcc/arm/bin/../lib/gcc/arm-none-eabi/4.9.3/cortex-m7\libgcc.a(bpabi.o)
                0x00408cc0                __gnu_ldivmod_helper
                0x00408cf0                __gnu_uldivmod_helper
 .text          0x00408d20        0x4 c:/isystem/winidea9/gcc/arm/bin/../lib/gcc/arm-none-eabi/4.9.3/cortex-m7\libgcc.a(_dvmd_tls.o)
                0x00408d20                __aeabi_idiv0
                0x00408d20                __aeabi_ldiv0
 .text          0x00408d24      0x284 c:/isystem/winidea9/gcc/arm/bin/../lib/gcc/arm-none-eabi/4.9.3/cortex-m7\libgcc.a(_divdi3.o)
                0x00408d24                __divdi3
 .text          0x00408fa8      0x248 c:/isystem/winidea9/gcc/arm/bin/../lib/gcc/arm-none-eabi/4.9.3/cortex-m7\libgcc.a(_udivdi3.o)
                0x00408fa8                __udivdi3
 *(.glue_7t)
 .glue_7t       0x00000000        0x0 linker stubs
 *(.glue_7)
 .glue_7        0x00000000        0x0 linker stubs
 *(.rodata .rodata* .gnu.linkonce.r.*)
 .rodata        0x004091f0       0x19 D:\SAMV71x\app\01_scheduler_\SAMV71_Xplained_Ultra\Debug\syscalls.o
 *fill*         0x00409209        0x3 
 .rodata        0x0040920c       0xf7 D:\SAMV71x\app\01_scheduler_\SAMV71_Xplained_Ultra\Debug\dbg_console.o
 *fill*         0x00409303        0x1 
 .rodata        0x00409304       0x1c D:\SAMV71x\app\01_scheduler_\SAMV71_Xplained_Ultra\Debug\led.o
 .rodata        0x00409320       0x94 D:\SAMV71x\app\01_scheduler_\SAMV71_Xplained_Ultra\Debug\pmc.o
 .rodata        0x004093b4       0xd6 D:\SAMV71x\app\01_scheduler_\SAMV71_Xplained_Ultra\Debug\pio_it.o
 *fill*         0x0040948a        0x2 
 .rodata.str1.4
                0x0040948c       0x3f c:/isystem/winidea9/gcc/arm/bin/../lib/gcc/arm-none-eabi/4.9.3/../../../../arm-none-eabi/lib/cortex-m7\libc.a(lib_a-assert.o)
                                 0x43 (size before relaxing)
 *fill*         0x004094cb        0x1 
 .rodata.str1.4
                0x004094cc        0x2 c:/isystem/winidea9/gcc/arm/bin/../lib/gcc/arm-none-eabi/4.9.3/../../../../arm-none-eabi/lib/cortex-m7\libc.a(lib_a-impure.o)
 *fill*         0x004094ce        0x2 
 .rodata.zeroes.6869
                0x004094d0       0x10 c:/isystem/winidea9/gcc/arm/bin/../lib/gcc/arm-none-eabi/4.9.3/../../../../arm-none-eabi/lib/cortex-m7\libc.a(lib_a-vfiprintf.o)
 .rodata.str1.4
                0x004094e0       0x2f c:/isystem/winidea9/gcc/arm/bin/../lib/gcc/arm-none-eabi/4.9.3/../../../../arm-none-eabi/lib/cortex-m7\libc.a(lib_a-vfiprintf.o)
 *fill*         0x0040950f        0x1 
 .rodata.blanks.6868
                0x00409510       0x10 c:/isystem/winidea9/gcc/arm/bin/../lib/gcc/arm-none-eabi/4.9.3/../../../../arm-none-eabi/lib/cortex-m7\libc.a(lib_a-vfiprintf.o)
 .rodata.zeroes.6926
                0x00409520       0x10 c:/isystem/winidea9/gcc/arm/bin/../lib/gcc/arm-none-eabi/4.9.3/../../../../arm-none-eabi/lib/cortex-m7\libc.a(lib_a-vfprintf.o)
 .rodata.str1.4
                0x00409530       0x12 c:/isystem/winidea9/gcc/arm/bin/../lib/gcc/arm-none-eabi/4.9.3/../../../../arm-none-eabi/lib/cortex-m7\libc.a(lib_a-vfprintf.o)
                                 0x42 (size before relaxing)
 *fill*         0x00409542        0x2 
 .rodata.blanks.6925
                0x00409544       0x10 c:/isystem/winidea9/gcc/arm/bin/../lib/gcc/arm-none-eabi/4.9.3/../../../../arm-none-eabi/lib/cortex-m7\libc.a(lib_a-vfprintf.o)
 .rodata.str1.4
                0x00409554       0x10 c:/isystem/winidea9/gcc/arm/bin/../lib/gcc/arm-none-eabi/4.9.3/../../../../arm-none-eabi/lib/cortex-m7\libc.a(lib_a-dtoa.o)
                                 0x12 (size before relaxing)
 .rodata.str1.4
                0x00409564        0xc c:/isystem/winidea9/gcc/arm/bin/../lib/gcc/arm-none-eabi/4.9.3/../../../../arm-none-eabi/lib/cortex-m7\libc.a(lib_a-locale.o)
                                 0x12 (size before relaxing)
 .rodata.__mprec_tens
                0x00409570       0xc8 c:/isystem/winidea9/gcc/arm/bin/../lib/gcc/arm-none-eabi/4.9.3/../../../../arm-none-eabi/lib/cortex-m7\libc.a(lib_a-mprec.o)
                0x00409570                __mprec_tens
 .rodata.p05.5302
                0x00409638        0xc c:/isystem/winidea9/gcc/arm/bin/../lib/gcc/arm-none-eabi/4.9.3/../../../../arm-none-eabi/lib/cortex-m7\libc.a(lib_a-mprec.o)
 *fill*         0x00409644        0x4 
 .rodata.__mprec_bigtens
                0x00409648       0x28 c:/isystem/winidea9/gcc/arm/bin/../lib/gcc/arm-none-eabi/4.9.3/../../../../arm-none-eabi/lib/cortex-m7\libc.a(lib_a-mprec.o)
                0x00409648                __mprec_bigtens
 *(.ARM.extab* .gnu.linkonce.armextab.*)
                0x00409670                . = ALIGN (0x4)
 *(.init)
                0x00409670                . = ALIGN (0x4)
                0x00409670                __preinit_array_start = .
 *(.preinit_array)
                0x00409670                __preinit_array_end = .
                0x00409670                . = ALIGN (0x4)
                0x00409670                __init_array_start = .
 *(SORT(.init_array.*))
 *(.init_array)
                0x00409670                __init_array_end = .
                0x00409670                . = ALIGN (0x4)
 *crtbegin.o(.ctors)
 *(EXCLUDE_FILE(*crtend.o) .ctors)
 *(SORT(.ctors.*))
 *crtend.o(.ctors)
                0x00409670                . = ALIGN (0x4)
 *(.fini)
                0x00409670                . = ALIGN (0x4)
                0x00409670                __fini_array_start = .
 *(.fini_array)
 *(SORT(.fini_array.*))
                0x00409670                __fini_array_end = .
 *crtbegin.o(.dtors)
 *(EXCLUDE_FILE(*crtend.o) .dtors)
 *(SORT(.dtors.*))
 *crtend.o(.dtors)
                0x00409670                . = ALIGN (0x4)
                0x00409670                _efixed = .
                0x00409670                PROVIDE (__exidx_start, .)

.vfp11_veneer   0x00409670        0x0
 .vfp11_veneer  0x00000000        0x0 linker stubs

.v4_bx          0x00409670        0x0
 .v4_bx         0x00000000        0x0 linker stubs

.iplt           0x00409670        0x0
 .iplt          0x00000000        0x0 D:\SAMV71x\app\01_scheduler_\SAMV71_Xplained_Ultra\Debug\main.o

.igot.plt       0x00409670        0x0
 .igot.plt      0x00000000        0x0 D:\SAMV71x\app\01_scheduler_\SAMV71_Xplained_Ultra\Debug\main.o

.ARM.exidx      0x00409670        0x8
 *(.ARM.exidx* .gnu.linkonce.armexidx.*)
 .ARM.exidx     0x00409670        0x8 c:/isystem/winidea9/gcc/arm/bin/../lib/gcc/arm-none-eabi/4.9.3/cortex-m7\libgcc.a(_divdi3.o)
 .ARM.exidx     0x00409678        0x0 c:/isystem/winidea9/gcc/arm/bin/../lib/gcc/arm-none-eabi/4.9.3/cortex-m7\libgcc.a(_udivdi3.o)
                                  0x8 (size before relaxing)
                0x00409678                PROVIDE (__exidx_end, .)

.rel.dyn        0x00409678        0x0
 .rel.iplt      0x00000000        0x0 D:\SAMV71x\app\01_scheduler_\SAMV71_Xplained_Ultra\Debug\main.o
                0x00409678                . = ALIGN (0x4)
                0x00409678                _etext = .

.relocate       0x20400000      0x94c load address 0x00409678
                0x20400000                . = ALIGN (0x4)
                0x20400000                _srelocate = .
 *(.ramfunc .ramfunc.*)
 *(.data .data.*)
 .data          0x20400000        0x4 D:\SAMV71x\app\01_scheduler_\SAMV71_Xplained_Ultra\Debug\system_sam.o
                0x20400000                SystemCoreClock
 .data          0x20400004       0x90 D:\SAMV71x\app\01_scheduler_\SAMV71_Xplained_Ultra\Debug\app_scheduler.o
                0x20400004                TimeTriggeredTasks
                0x2040004c                EventTriggeredTasks
 .data          0x20400094       0x18 D:\SAMV71x\app\01_scheduler_\SAMV71_Xplained_Ultra\Debug\pushb_ctrl.o
                0x20400094                PBCTRL_PinSW0
                0x204000a0                PushButtonTask
 *fill*         0x204000ac        0x4 
 .data.impure_data
                0x204000b0      0x428 c:/isystem/winidea9/gcc/arm/bin/../lib/gcc/arm-none-eabi/4.9.3/../../../../arm-none-eabi/lib/cortex-m7\libc.a(lib_a-impure.o)
 .data._impure_ptr
                0x204004d8        0x4 c:/isystem/winidea9/gcc/arm/bin/../lib/gcc/arm-none-eabi/4.9.3/../../../../arm-none-eabi/lib/cortex-m7\libc.a(lib_a-impure.o)
                0x204004d8                _impure_ptr
 .data.lconv    0x204004dc       0x38 c:/isystem/winidea9/gcc/arm/bin/../lib/gcc/arm-none-eabi/4.9.3/../../../../arm-none-eabi/lib/cortex-m7\libc.a(lib_a-locale.o)
 .data.lc_ctype_charset
                0x20400514       0x20 c:/isystem/winidea9/gcc/arm/bin/../lib/gcc/arm-none-eabi/4.9.3/../../../../arm-none-eabi/lib/cortex-m7\libc.a(lib_a-locale.o)
 .data.__mb_cur_max
                0x20400534        0x4 c:/isystem/winidea9/gcc/arm/bin/../lib/gcc/arm-none-eabi/4.9.3/../../../../arm-none-eabi/lib/cortex-m7\libc.a(lib_a-locale.o)
                0x20400534                __mb_cur_max
 .data.__malloc_av_
                0x20400538      0x408 c:/isystem/winidea9/gcc/arm/bin/../lib/gcc/arm-none-eabi/4.9.3/../../../../arm-none-eabi/lib/cortex-m7\libc.a(lib_a-mallocr.o)
                0x20400538                __malloc_av_
 .data.__malloc_trim_threshold
                0x20400940        0x4 c:/isystem/winidea9/gcc/arm/bin/../lib/gcc/arm-none-eabi/4.9.3/../../../../arm-none-eabi/lib/cortex-m7\libc.a(lib_a-mallocr.o)
                0x20400940                __malloc_trim_threshold
 .data.__malloc_sbrk_base
                0x20400944        0x4 c:/isystem/winidea9/gcc/arm/bin/../lib/gcc/arm-none-eabi/4.9.3/../../../../arm-none-eabi/lib/cortex-m7\libc.a(lib_a-mallocr.o)
                0x20400944                __malloc_sbrk_base
 .data.__wctomb
                0x20400948        0x4 c:/isystem/winidea9/gcc/arm/bin/../lib/gcc/arm-none-eabi/4.9.3/../../../../arm-none-eabi/lib/cortex-m7\libc.a(lib_a-wctomb_r.o)
                0x20400948                __wctomb
                0x2040094c                . = ALIGN (0x4)
                0x2040094c                _erelocate = .

.bss            0x2040094c       0xc4 load address 0x00409fc4
                0x2040094c                . = ALIGN (0x4)
                0x2040094c                _sbss = .
                0x2040094c                _szero = .
 *(.bss .bss.*)
 .bss           0x2040094c        0xc D:\SAMV71x\app\01_scheduler_\SAMV71_Xplained_Ultra\Debug\syscalls.o
 .bss           0x20400958       0x10 D:\SAMV71x\app\01_scheduler_\SAMV71_Xplained_Ultra\Debug\app_scheduler.o
 .bss           0x20400968        0x6 D:\SAMV71x\app\01_scheduler_\SAMV71_Xplained_Ultra\Debug\dbg_console.o
 *fill*         0x2040096e        0x2 
 .bss           0x20400970        0xc D:\SAMV71x\app\01_scheduler_\SAMV71_Xplained_Ultra\Debug\systick.o
                0x20400978                pfctnSysTick
 .bss           0x2040097c       0x44 D:\SAMV71x\app\01_scheduler_\SAMV71_Xplained_Ultra\Debug\pio_it.o
 .bss           0x204009c0        0x9 D:\SAMV71x\app\01_scheduler_\SAMV71_Xplained_Ultra\Debug\led_ctrl.o
 *fill*         0x204009c9        0x3 
 .bss.__malloc_max_total_mem
                0x204009cc        0x4 c:/isystem/winidea9/gcc/arm/bin/../lib/gcc/arm-none-eabi/4.9.3/../../../../arm-none-eabi/lib/cortex-m7\libc.a(lib_a-mallocr.o)
                0x204009cc                __malloc_max_total_mem
 .bss.__malloc_max_sbrked_mem
                0x204009d0        0x4 c:/isystem/winidea9/gcc/arm/bin/../lib/gcc/arm-none-eabi/4.9.3/../../../../arm-none-eabi/lib/cortex-m7\libc.a(lib_a-mallocr.o)
                0x204009d0                __malloc_max_sbrked_mem
 .bss.__malloc_top_pad
                0x204009d4        0x4 c:/isystem/winidea9/gcc/arm/bin/../lib/gcc/arm-none-eabi/4.9.3/../../../../arm-none-eabi/lib/cortex-m7\libc.a(lib_a-mallocr.o)
                0x204009d4                __malloc_top_pad
 .bss.__malloc_current_mallinfo
                0x204009d8       0x28 c:/isystem/winidea9/gcc/arm/bin/../lib/gcc/arm-none-eabi/4.9.3/../../../../arm-none-eabi/lib/cortex-m7\libc.a(lib_a-mallocr.o)
                0x204009d8                __malloc_current_mallinfo
 *(COMMON)
 COMMON         0x20400a00        0xc D:\SAMV71x\app\01_scheduler_\SAMV71_Xplained_Ultra\Debug\app_scheduler.o
                0x20400a00                u8_50ms_Counter
                0x20400a01                gu8Scheduler_Status
                0x20400a02                TaskScheduler_Task_ID_Running
                0x20400a03                u8_10ms_Counter
                0x20400a04                pe_TaskScheduler_Task_Running
                0x20400a08                u8_100ms_Counter
                0x20400a09                gu8Scheduler_Counter
                0x20400a0a                TaskScheduler_Task_ID_Activated
                0x20400a0b                TasksScheduler_Task_ID_Backup
 COMMON         0x20400a0c        0x4 c:/isystem/winidea9/gcc/arm/bin/../lib/gcc/arm-none-eabi/4.9.3/../../../../arm-none-eabi/lib/cortex-m7\libc.a(lib_a-reent.o)
                0x20400a0c                errno
                0x20400a10                . = ALIGN (0x4)
                0x20400a10                _ebss = .
                0x20400a10                _ezero = .

.stack          0x20400a10     0x2000 load address 0x0040a088
                0x20400a10                . = ALIGN (0x8)
                0x20400a10                _sstack = .
                0x20402a10                . = (. + STACK_SIZE)
 *fill*         0x20400a10     0x2000 
                0x20402a10                . = ALIGN (0x8)
                0x20402a10                _estack = .

.heap           0x20402a10     0x1000 load address 0x0040c088
                0x20402a10                . = ALIGN (0x8)
                0x20402a10                _sheap = .
                0x20403a10                . = (. + HEAP_SIZE)
 *fill*         0x20402a10     0x1000 
                0x20403a10                . = ALIGN (0x8)
                0x20403a10                _eheap = .
                0x20403a10                . = ALIGN (0x4)
                0x20403a10                _end = .
                0x2045ffff                _ram_end_ = ((ORIGIN (ram) + 0x60000) - 0x1)
                0x20403a10                _sdram_lma = .

sdram_region
 *(sdram_region)
LOAD c:/isystem/winidea9/gcc/arm/bin/../lib/gcc/arm-none-eabi/4.9.3/../../../../arm-none-eabi/lib/cortex-m7\libc.a
LOAD c:/isystem/winidea9/gcc/arm/bin/../lib/gcc/arm-none-eabi/4.9.3/cortex-m7\libgcc.a
LOAD c:/isystem/winidea9/gcc/arm/bin/../lib/gcc/arm-none-eabi/4.9.3/../../../../arm-none-eabi/lib/cortex-m7\libm.a
OUTPUT(tau.elf elf32-littlearm)

.debug_info     0x00000000     0x857e
 .debug_info    0x00000000      0xa04 D:\SAMV71x\app\01_scheduler_\SAMV71_Xplained_Ultra\Debug\main.o
 .debug_info    0x00000a04      0x515 D:\SAMV71x\app\01_scheduler_\SAMV71_Xplained_Ultra\Debug\system_sam.o
 .debug_info    0x00000f19      0x4cc D:\SAMV71x\app\01_scheduler_\SAMV71_Xplained_Ultra\Debug\syscalls.o
 .debug_info    0x000013e5      0x487 D:\SAMV71x\app\01_scheduler_\SAMV71_Xplained_Ultra\Debug\app_scheduler.o
 .debug_info    0x0000186c      0x152 D:\SAMV71x\app\01_scheduler_\SAMV71_Xplained_Ultra\Debug\app_tasks.o
 .debug_info    0x000019be      0x9c8 D:\SAMV71x\app\01_scheduler_\SAMV71_Xplained_Ultra\Debug\startup_sam.o
 .debug_info    0x00002386      0x4f5 D:\SAMV71x\app\01_scheduler_\SAMV71_Xplained_Ultra\Debug\board_lowlevel.o
 .debug_info    0x0000287b     0x14dc D:\SAMV71x\app\01_scheduler_\SAMV71_Xplained_Ultra\Debug\dbg_console.o
 .debug_info    0x00003d57      0x6f3 D:\SAMV71x\app\01_scheduler_\SAMV71_Xplained_Ultra\Debug\led.o
 .debug_info    0x0000444a      0x78b D:\SAMV71x\app\01_scheduler_\SAMV71_Xplained_Ultra\Debug\pmc.o
 .debug_info    0x00004bd5      0xa00 D:\SAMV71x\app\01_scheduler_\SAMV71_Xplained_Ultra\Debug\pio.o
 .debug_info    0x000055d5      0x327 D:\SAMV71x\app\01_scheduler_\SAMV71_Xplained_Ultra\Debug\mpu.o
 .debug_info    0x000058fc      0x59c D:\SAMV71x\app\01_scheduler_\SAMV71_Xplained_Ultra\Debug\exceptions.o
 .debug_info    0x00005e98      0x88b D:\SAMV71x\app\01_scheduler_\SAMV71_Xplained_Ultra\Debug\systick.o
 .debug_info    0x00006723      0x1fd D:\SAMV71x\app\01_scheduler_\SAMV71_Xplained_Ultra\Debug\wdt.o
 .debug_info    0x00006920      0xf6c D:\SAMV71x\app\01_scheduler_\SAMV71_Xplained_Ultra\Debug\pio_it.o
 .debug_info    0x0000788c      0x249 D:\SAMV71x\app\01_scheduler_\SAMV71_Xplained_Ultra\Debug\led_ctrl.o
 .debug_info    0x00007ad5      0xaa9 D:\SAMV71x\app\01_scheduler_\SAMV71_Xplained_Ultra\Debug\pushb_ctrl.o

.debug_abbrev   0x00000000     0x19e3
 .debug_abbrev  0x00000000      0x18e D:\SAMV71x\app\01_scheduler_\SAMV71_Xplained_Ultra\Debug\main.o
 .debug_abbrev  0x0000018e      0x127 D:\SAMV71x\app\01_scheduler_\SAMV71_Xplained_Ultra\Debug\system_sam.o
 .debug_abbrev  0x000002b5      0x15e D:\SAMV71x\app\01_scheduler_\SAMV71_Xplained_Ultra\Debug\syscalls.o
 .debug_abbrev  0x00000413      0x1ca D:\SAMV71x\app\01_scheduler_\SAMV71_Xplained_Ultra\Debug\app_scheduler.o
 .debug_abbrev  0x000005dd       0x77 D:\SAMV71x\app\01_scheduler_\SAMV71_Xplained_Ultra\Debug\app_tasks.o
 .debug_abbrev  0x00000654      0x1a0 D:\SAMV71x\app\01_scheduler_\SAMV71_Xplained_Ultra\Debug\startup_sam.o
 .debug_abbrev  0x000007f4      0x12f D:\SAMV71x\app\01_scheduler_\SAMV71_Xplained_Ultra\Debug\board_lowlevel.o
 .debug_abbrev  0x00000923      0x26e D:\SAMV71x\app\01_scheduler_\SAMV71_Xplained_Ultra\Debug\dbg_console.o
 .debug_abbrev  0x00000b91      0x113 D:\SAMV71x\app\01_scheduler_\SAMV71_Xplained_Ultra\Debug\led.o
 .debug_abbrev  0x00000ca4      0x1ce D:\SAMV71x\app\01_scheduler_\SAMV71_Xplained_Ultra\Debug\pmc.o
 .debug_abbrev  0x00000e72      0x19d D:\SAMV71x\app\01_scheduler_\SAMV71_Xplained_Ultra\Debug\pio.o
 .debug_abbrev  0x0000100f      0x144 D:\SAMV71x\app\01_scheduler_\SAMV71_Xplained_Ultra\Debug\mpu.o
 .debug_abbrev  0x00001153      0x152 D:\SAMV71x\app\01_scheduler_\SAMV71_Xplained_Ultra\Debug\exceptions.o
 .debug_abbrev  0x000012a5      0x1b2 D:\SAMV71x\app\01_scheduler_\SAMV71_Xplained_Ultra\Debug\systick.o
 .debug_abbrev  0x00001457       0xdf D:\SAMV71x\app\01_scheduler_\SAMV71_Xplained_Ultra\Debug\wdt.o
 .debug_abbrev  0x00001536      0x22b D:\SAMV71x\app\01_scheduler_\SAMV71_Xplained_Ultra\Debug\pio_it.o
 .debug_abbrev  0x00001761       0xaf D:\SAMV71x\app\01_scheduler_\SAMV71_Xplained_Ultra\Debug\led_ctrl.o
 .debug_abbrev  0x00001810      0x1d3 D:\SAMV71x\app\01_scheduler_\SAMV71_Xplained_Ultra\Debug\pushb_ctrl.o

.debug_aranges  0x00000000      0x240
 .debug_aranges
                0x00000000       0x20 D:\SAMV71x\app\01_scheduler_\SAMV71_Xplained_Ultra\Debug\main.o
 .debug_aranges
                0x00000020       0x20 D:\SAMV71x\app\01_scheduler_\SAMV71_Xplained_Ultra\Debug\system_sam.o
 .debug_aranges
                0x00000040       0x20 D:\SAMV71x\app\01_scheduler_\SAMV71_Xplained_Ultra\Debug\syscalls.o
 .debug_aranges
                0x00000060       0x20 D:\SAMV71x\app\01_scheduler_\SAMV71_Xplained_Ultra\Debug\app_scheduler.o
 .debug_aranges
                0x00000080       0x20 D:\SAMV71x\app\01_scheduler_\SAMV71_Xplained_Ultra\Debug\app_tasks.o
 .debug_aranges
                0x000000a0       0x20 D:\SAMV71x\app\01_scheduler_\SAMV71_Xplained_Ultra\Debug\startup_sam.o
 .debug_aranges
                0x000000c0       0x20 D:\SAMV71x\app\01_scheduler_\SAMV71_Xplained_Ultra\Debug\board_lowlevel.o
 .debug_aranges
                0x000000e0       0x20 D:\SAMV71x\app\01_scheduler_\SAMV71_Xplained_Ultra\Debug\dbg_console.o
 .debug_aranges
                0x00000100       0x20 D:\SAMV71x\app\01_scheduler_\SAMV71_Xplained_Ultra\Debug\led.o
 .debug_aranges
                0x00000120       0x20 D:\SAMV71x\app\01_scheduler_\SAMV71_Xplained_Ultra\Debug\pmc.o
 .debug_aranges
                0x00000140       0x20 D:\SAMV71x\app\01_scheduler_\SAMV71_Xplained_Ultra\Debug\pio.o
 .debug_aranges
                0x00000160       0x20 D:\SAMV71x\app\01_scheduler_\SAMV71_Xplained_Ultra\Debug\mpu.o
 .debug_aranges
                0x00000180       0x20 D:\SAMV71x\app\01_scheduler_\SAMV71_Xplained_Ultra\Debug\exceptions.o
 .debug_aranges
                0x000001a0       0x20 D:\SAMV71x\app\01_scheduler_\SAMV71_Xplained_Ultra\Debug\systick.o
 .debug_aranges
                0x000001c0       0x20 D:\SAMV71x\app\01_scheduler_\SAMV71_Xplained_Ultra\Debug\wdt.o
 .debug_aranges
                0x000001e0       0x20 D:\SAMV71x\app\01_scheduler_\SAMV71_Xplained_Ultra\Debug\pio_it.o
 .debug_aranges
                0x00000200       0x20 D:\SAMV71x\app\01_scheduler_\SAMV71_Xplained_Ultra\Debug\led_ctrl.o
 .debug_aranges
                0x00000220       0x20 D:\SAMV71x\app\01_scheduler_\SAMV71_Xplained_Ultra\Debug\pushb_ctrl.o

.debug_macro    0x00000000    0x29ac6
 .debug_macro   0x00000000     0x12ee D:\SAMV71x\app\01_scheduler_\SAMV71_Xplained_Ultra\Debug\main.o
 .debug_macro   0x000012ee       0x22 D:\SAMV71x\app\01_scheduler_\SAMV71_Xplained_Ultra\Debug\main.o
 .debug_macro   0x00001310       0x44 D:\SAMV71x\app\01_scheduler_\SAMV71_Xplained_Ultra\Debug\main.o
 .debug_macro   0x00001354       0xe3 D:\SAMV71x\app\01_scheduler_\SAMV71_Xplained_Ultra\Debug\main.o
 .debug_macro   0x00001437       0x22 D:\SAMV71x\app\01_scheduler_\SAMV71_Xplained_Ultra\Debug\main.o
 .debug_macro   0x00001459      0x1df D:\SAMV71x\app\01_scheduler_\SAMV71_Xplained_Ultra\Debug\main.o
 .debug_macro   0x00001638       0x4a D:\SAMV71x\app\01_scheduler_\SAMV71_Xplained_Ultra\Debug\main.o
 .debug_macro   0x00001682       0x3b D:\SAMV71x\app\01_scheduler_\SAMV71_Xplained_Ultra\Debug\main.o
 .debug_macro   0x000016bd       0x18 D:\SAMV71x\app\01_scheduler_\SAMV71_Xplained_Ultra\Debug\main.o
 .debug_macro   0x000016d5       0x26 D:\SAMV71x\app\01_scheduler_\SAMV71_Xplained_Ultra\Debug\main.o
 .debug_macro   0x000016fb      0xf9a D:\SAMV71x\app\01_scheduler_\SAMV71_Xplained_Ultra\Debug\main.o
 .debug_macro   0x00002695      0x16c D:\SAMV71x\app\01_scheduler_\SAMV71_Xplained_Ultra\Debug\main.o
 .debug_macro   0x00002801      0x24a D:\SAMV71x\app\01_scheduler_\SAMV71_Xplained_Ultra\Debug\main.o
 .debug_macro   0x00002a4b      0xa00 D:\SAMV71x\app\01_scheduler_\SAMV71_Xplained_Ultra\Debug\main.o
 .debug_macro   0x0000344b      0x1b4 D:\SAMV71x\app\01_scheduler_\SAMV71_Xplained_Ultra\Debug\main.o
 .debug_macro   0x000035ff      0x328 D:\SAMV71x\app\01_scheduler_\SAMV71_Xplained_Ultra\Debug\main.o
 .debug_macro   0x00003927      0x15a D:\SAMV71x\app\01_scheduler_\SAMV71_Xplained_Ultra\Debug\main.o
 .debug_macro   0x00003a81      0xe71 D:\SAMV71x\app\01_scheduler_\SAMV71_Xplained_Ultra\Debug\main.o
 .debug_macro   0x000048f2       0x1c D:\SAMV71x\app\01_scheduler_\SAMV71_Xplained_Ultra\Debug\main.o
 .debug_macro   0x0000490e      0x67f D:\SAMV71x\app\01_scheduler_\SAMV71_Xplained_Ultra\Debug\main.o
 .debug_macro   0x00004f8d      0x310 D:\SAMV71x\app\01_scheduler_\SAMV71_Xplained_Ultra\Debug\main.o
 .debug_macro   0x0000529d      0x4c7 D:\SAMV71x\app\01_scheduler_\SAMV71_Xplained_Ultra\Debug\main.o
 .debug_macro   0x00005764      0x26e D:\SAMV71x\app\01_scheduler_\SAMV71_Xplained_Ultra\Debug\main.o
 .debug_macro   0x000059d2     0x1324 D:\SAMV71x\app\01_scheduler_\SAMV71_Xplained_Ultra\Debug\main.o
 .debug_macro   0x00006cf6      0x280 D:\SAMV71x\app\01_scheduler_\SAMV71_Xplained_Ultra\Debug\main.o
 .debug_macro   0x00006f76     0x2ba3 D:\SAMV71x\app\01_scheduler_\SAMV71_Xplained_Ultra\Debug\main.o
 .debug_macro   0x00009b19     0x101d D:\SAMV71x\app\01_scheduler_\SAMV71_Xplained_Ultra\Debug\main.o
 .debug_macro   0x0000ab36      0xe01 D:\SAMV71x\app\01_scheduler_\SAMV71_Xplained_Ultra\Debug\main.o
 .debug_macro   0x0000b937      0x3a4 D:\SAMV71x\app\01_scheduler_\SAMV71_Xplained_Ultra\Debug\main.o
 .debug_macro   0x0000bcdb       0xa0 D:\SAMV71x\app\01_scheduler_\SAMV71_Xplained_Ultra\Debug\main.o
 .debug_macro   0x0000bd7b       0x76 D:\SAMV71x\app\01_scheduler_\SAMV71_Xplained_Ultra\Debug\main.o
 .debug_macro   0x0000bdf1      0x3fb D:\SAMV71x\app\01_scheduler_\SAMV71_Xplained_Ultra\Debug\main.o
 .debug_macro   0x0000c1ec       0x64 D:\SAMV71x\app\01_scheduler_\SAMV71_Xplained_Ultra\Debug\main.o
 .debug_macro   0x0000c250      0x276 D:\SAMV71x\app\01_scheduler_\SAMV71_Xplained_Ultra\Debug\main.o
 .debug_macro   0x0000c4c6      0x1c4 D:\SAMV71x\app\01_scheduler_\SAMV71_Xplained_Ultra\Debug\main.o
 .debug_macro   0x0000c68a      0x23b D:\SAMV71x\app\01_scheduler_\SAMV71_Xplained_Ultra\Debug\main.o
 .debug_macro   0x0000c8c5      0x516 D:\SAMV71x\app\01_scheduler_\SAMV71_Xplained_Ultra\Debug\main.o
 .debug_macro   0x0000cddb      0x62d D:\SAMV71x\app\01_scheduler_\SAMV71_Xplained_Ultra\Debug\main.o
 .debug_macro   0x0000d408      0x6a9 D:\SAMV71x\app\01_scheduler_\SAMV71_Xplained_Ultra\Debug\main.o
 .debug_macro   0x0000dab1       0x4c D:\SAMV71x\app\01_scheduler_\SAMV71_Xplained_Ultra\Debug\main.o
 .debug_macro   0x0000dafd      0x45a D:\SAMV71x\app\01_scheduler_\SAMV71_Xplained_Ultra\Debug\main.o
 .debug_macro   0x0000df57      0x1fb D:\SAMV71x\app\01_scheduler_\SAMV71_Xplained_Ultra\Debug\main.o
 .debug_macro   0x0000e152      0x87d D:\SAMV71x\app\01_scheduler_\SAMV71_Xplained_Ultra\Debug\main.o
 .debug_macro   0x0000e9cf     0x1547 D:\SAMV71x\app\01_scheduler_\SAMV71_Xplained_Ultra\Debug\main.o
 .debug_macro   0x0000ff16       0x40 D:\SAMV71x\app\01_scheduler_\SAMV71_Xplained_Ultra\Debug\main.o
 .debug_macro   0x0000ff56       0x76 D:\SAMV71x\app\01_scheduler_\SAMV71_Xplained_Ultra\Debug\main.o
 .debug_macro   0x0000ffcc      0xda0 D:\SAMV71x\app\01_scheduler_\SAMV71_Xplained_Ultra\Debug\main.o
 .debug_macro   0x00010d6c       0x82 D:\SAMV71x\app\01_scheduler_\SAMV71_Xplained_Ultra\Debug\main.o
 .debug_macro   0x00010dee       0x76 D:\SAMV71x\app\01_scheduler_\SAMV71_Xplained_Ultra\Debug\main.o
 .debug_macro   0x00010e64       0x4c D:\SAMV71x\app\01_scheduler_\SAMV71_Xplained_Ultra\Debug\main.o
 .debug_macro   0x00010eb0      0x126 D:\SAMV71x\app\01_scheduler_\SAMV71_Xplained_Ultra\Debug\main.o
 .debug_macro   0x00010fd6      0x126 D:\SAMV71x\app\01_scheduler_\SAMV71_Xplained_Ultra\Debug\main.o
 .debug_macro   0x000110fc      0x126 D:\SAMV71x\app\01_scheduler_\SAMV71_Xplained_Ultra\Debug\main.o
 .debug_macro   0x00011222       0x6a D:\SAMV71x\app\01_scheduler_\SAMV71_Xplained_Ultra\Debug\main.o
 .debug_macro   0x0001128c       0x6a D:\SAMV71x\app\01_scheduler_\SAMV71_Xplained_Ultra\Debug\main.o
 .debug_macro   0x000112f6      0x313 D:\SAMV71x\app\01_scheduler_\SAMV71_Xplained_Ultra\Debug\main.o
 .debug_macro   0x00011609       0xb2 D:\SAMV71x\app\01_scheduler_\SAMV71_Xplained_Ultra\Debug\main.o
 .debug_macro   0x000116bb       0xb2 D:\SAMV71x\app\01_scheduler_\SAMV71_Xplained_Ultra\Debug\main.o
 .debug_macro   0x0001176d       0xb2 D:\SAMV71x\app\01_scheduler_\SAMV71_Xplained_Ultra\Debug\main.o
 .debug_macro   0x0001181f      0x112 D:\SAMV71x\app\01_scheduler_\SAMV71_Xplained_Ultra\Debug\main.o
 .debug_macro   0x00011931      0x112 D:\SAMV71x\app\01_scheduler_\SAMV71_Xplained_Ultra\Debug\main.o
 .debug_macro   0x00011a43      0x2cd D:\SAMV71x\app\01_scheduler_\SAMV71_Xplained_Ultra\Debug\main.o
 .debug_macro   0x00011d10       0xb8 D:\SAMV71x\app\01_scheduler_\SAMV71_Xplained_Ultra\Debug\main.o
 .debug_macro   0x00011dc8       0x5e D:\SAMV71x\app\01_scheduler_\SAMV71_Xplained_Ultra\Debug\main.o
 .debug_macro   0x00011e26       0x40 D:\SAMV71x\app\01_scheduler_\SAMV71_Xplained_Ultra\Debug\main.o
 .debug_macro   0x00011e66       0x4c D:\SAMV71x\app\01_scheduler_\SAMV71_Xplained_Ultra\Debug\main.o
 .debug_macro   0x00011eb2       0xa0 D:\SAMV71x\app\01_scheduler_\SAMV71_Xplained_Ultra\Debug\main.o
 .debug_macro   0x00011f52      0x494 D:\SAMV71x\app\01_scheduler_\SAMV71_Xplained_Ultra\Debug\main.o
 .debug_macro   0x000123e6      0x126 D:\SAMV71x\app\01_scheduler_\SAMV71_Xplained_Ultra\Debug\main.o
 .debug_macro   0x0001250c       0x4c D:\SAMV71x\app\01_scheduler_\SAMV71_Xplained_Ultra\Debug\main.o
 .debug_macro   0x00012558      0x313 D:\SAMV71x\app\01_scheduler_\SAMV71_Xplained_Ultra\Debug\main.o
 .debug_macro   0x0001286b       0x6a D:\SAMV71x\app\01_scheduler_\SAMV71_Xplained_Ultra\Debug\main.o
 .debug_macro   0x000128d5       0xb8 D:\SAMV71x\app\01_scheduler_\SAMV71_Xplained_Ultra\Debug\main.o
 .debug_macro   0x0001298d       0x76 D:\SAMV71x\app\01_scheduler_\SAMV71_Xplained_Ultra\Debug\main.o
 .debug_macro   0x00012a03       0x6a D:\SAMV71x\app\01_scheduler_\SAMV71_Xplained_Ultra\Debug\main.o
 .debug_macro   0x00012a6d       0x2e D:\SAMV71x\app\01_scheduler_\SAMV71_Xplained_Ultra\Debug\main.o
 .debug_macro   0x00012a9b      0x9b1 D:\SAMV71x\app\01_scheduler_\SAMV71_Xplained_Ultra\Debug\main.o
 .debug_macro   0x0001344c       0x6a D:\SAMV71x\app\01_scheduler_\SAMV71_Xplained_Ultra\Debug\main.o
 .debug_macro   0x000134b6       0x88 D:\SAMV71x\app\01_scheduler_\SAMV71_Xplained_Ultra\Debug\main.o
 .debug_macro   0x0001353e       0x58 D:\SAMV71x\app\01_scheduler_\SAMV71_Xplained_Ultra\Debug\main.o
 .debug_macro   0x00013596       0xa6 D:\SAMV71x\app\01_scheduler_\SAMV71_Xplained_Ultra\Debug\main.o
 .debug_macro   0x0001363c       0x16 D:\SAMV71x\app\01_scheduler_\SAMV71_Xplained_Ultra\Debug\main.o
 .debug_macro   0x00013652       0xe2 D:\SAMV71x\app\01_scheduler_\SAMV71_Xplained_Ultra\Debug\main.o
 .debug_macro   0x00013734       0x4c D:\SAMV71x\app\01_scheduler_\SAMV71_Xplained_Ultra\Debug\main.o
 .debug_macro   0x00013780       0x16 D:\SAMV71x\app\01_scheduler_\SAMV71_Xplained_Ultra\Debug\main.o
 .debug_macro   0x00013796       0x4c D:\SAMV71x\app\01_scheduler_\SAMV71_Xplained_Ultra\Debug\main.o
 .debug_macro   0x000137e2       0x2e D:\SAMV71x\app\01_scheduler_\SAMV71_Xplained_Ultra\Debug\main.o
 .debug_macro   0x00013810      0x19e D:\SAMV71x\app\01_scheduler_\SAMV71_Xplained_Ultra\Debug\main.o
 .debug_macro   0x000139ae      0x19e D:\SAMV71x\app\01_scheduler_\SAMV71_Xplained_Ultra\Debug\main.o
 .debug_macro   0x00013b4c      0x19e D:\SAMV71x\app\01_scheduler_\SAMV71_Xplained_Ultra\Debug\main.o
 .debug_macro   0x00013cea      0x19e D:\SAMV71x\app\01_scheduler_\SAMV71_Xplained_Ultra\Debug\main.o
 .debug_macro   0x00013e88      0x19e D:\SAMV71x\app\01_scheduler_\SAMV71_Xplained_Ultra\Debug\main.o
 .debug_macro   0x00014026       0x1c D:\SAMV71x\app\01_scheduler_\SAMV71_Xplained_Ultra\Debug\main.o
 .debug_macro   0x00014042       0x2e D:\SAMV71x\app\01_scheduler_\SAMV71_Xplained_Ultra\Debug\main.o
 .debug_macro   0x00014070       0x22 D:\SAMV71x\app\01_scheduler_\SAMV71_Xplained_Ultra\Debug\main.o
 .debug_macro   0x00014092       0x1c D:\SAMV71x\app\01_scheduler_\SAMV71_Xplained_Ultra\Debug\main.o
 .debug_macro   0x000140ae       0x52 D:\SAMV71x\app\01_scheduler_\SAMV71_Xplained_Ultra\Debug\main.o
 .debug_macro   0x00014100       0x10 D:\SAMV71x\app\01_scheduler_\SAMV71_Xplained_Ultra\Debug\main.o
 .debug_macro   0x00014110       0x1c D:\SAMV71x\app\01_scheduler_\SAMV71_Xplained_Ultra\Debug\main.o
 .debug_macro   0x0001412c       0x4c D:\SAMV71x\app\01_scheduler_\SAMV71_Xplained_Ultra\Debug\main.o
 .debug_macro   0x00014178       0x4c D:\SAMV71x\app\01_scheduler_\SAMV71_Xplained_Ultra\Debug\main.o
 .debug_macro   0x000141c4       0x4c D:\SAMV71x\app\01_scheduler_\SAMV71_Xplained_Ultra\Debug\main.o
 .debug_macro   0x00014210      0x329 D:\SAMV71x\app\01_scheduler_\SAMV71_Xplained_Ultra\Debug\main.o
 .debug_macro   0x00014539     0x1028 D:\SAMV71x\app\01_scheduler_\SAMV71_Xplained_Ultra\Debug\main.o
 .debug_macro   0x00015561      0x107 D:\SAMV71x\app\01_scheduler_\SAMV71_Xplained_Ultra\Debug\main.o
 .debug_macro   0x00015668      0x166 D:\SAMV71x\app\01_scheduler_\SAMV71_Xplained_Ultra\Debug\main.o
 .debug_macro   0x000157ce       0x58 D:\SAMV71x\app\01_scheduler_\SAMV71_Xplained_Ultra\Debug\main.o
 .debug_macro   0x00015826       0x35 D:\SAMV71x\app\01_scheduler_\SAMV71_Xplained_Ultra\Debug\main.o
 .debug_macro   0x0001585b       0x9c D:\SAMV71x\app\01_scheduler_\SAMV71_Xplained_Ultra\Debug\main.o
 .debug_macro   0x000158f7       0x16 D:\SAMV71x\app\01_scheduler_\SAMV71_Xplained_Ultra\Debug\main.o
 .debug_macro   0x0001590d       0x35 D:\SAMV71x\app\01_scheduler_\SAMV71_Xplained_Ultra\Debug\main.o
 .debug_macro   0x00015942       0x52 D:\SAMV71x\app\01_scheduler_\SAMV71_Xplained_Ultra\Debug\main.o
 .debug_macro   0x00015994       0x16 D:\SAMV71x\app\01_scheduler_\SAMV71_Xplained_Ultra\Debug\main.o
 .debug_macro   0x000159aa       0x43 D:\SAMV71x\app\01_scheduler_\SAMV71_Xplained_Ultra\Debug\main.o
 .debug_macro   0x000159ed      0x180 D:\SAMV71x\app\01_scheduler_\SAMV71_Xplained_Ultra\Debug\main.o
 .debug_macro   0x00015b6d      0x29d D:\SAMV71x\app\01_scheduler_\SAMV71_Xplained_Ultra\Debug\main.o
 .debug_macro   0x00015e0a       0x16 D:\SAMV71x\app\01_scheduler_\SAMV71_Xplained_Ultra\Debug\main.o
 .debug_macro   0x00015e20       0x29 D:\SAMV71x\app\01_scheduler_\SAMV71_Xplained_Ultra\Debug\main.o
 .debug_macro   0x00015e49       0x22 D:\SAMV71x\app\01_scheduler_\SAMV71_Xplained_Ultra\Debug\main.o
 .debug_macro   0x00015e6b      0x159 D:\SAMV71x\app\01_scheduler_\SAMV71_Xplained_Ultra\Debug\main.o
 .debug_macro   0x00015fc4       0x5e D:\SAMV71x\app\01_scheduler_\SAMV71_Xplained_Ultra\Debug\main.o
 .debug_macro   0x00016022       0x16 D:\SAMV71x\app\01_scheduler_\SAMV71_Xplained_Ultra\Debug\main.o
 .debug_macro   0x00016038       0xc6 D:\SAMV71x\app\01_scheduler_\SAMV71_Xplained_Ultra\Debug\main.o
 .debug_macro   0x000160fe       0x16 D:\SAMV71x\app\01_scheduler_\SAMV71_Xplained_Ultra\Debug\main.o
 .debug_macro   0x00016114       0x10 D:\SAMV71x\app\01_scheduler_\SAMV71_Xplained_Ultra\Debug\main.o
 .debug_macro   0x00016124       0xe6 D:\SAMV71x\app\01_scheduler_\SAMV71_Xplained_Ultra\Debug\main.o
 .debug_macro   0x0001620a       0x94 D:\SAMV71x\app\01_scheduler_\SAMV71_Xplained_Ultra\Debug\main.o
 .debug_macro   0x0001629e       0x97 D:\SAMV71x\app\01_scheduler_\SAMV71_Xplained_Ultra\Debug\main.o
 .debug_macro   0x00016335      0x19e D:\SAMV71x\app\01_scheduler_\SAMV71_Xplained_Ultra\Debug\main.o
 .debug_macro   0x000164d3       0x98 D:\SAMV71x\app\01_scheduler_\SAMV71_Xplained_Ultra\Debug\main.o
 .debug_macro   0x0001656b       0x34 D:\SAMV71x\app\01_scheduler_\SAMV71_Xplained_Ultra\Debug\main.o
 .debug_macro   0x0001659f       0x16 D:\SAMV71x\app\01_scheduler_\SAMV71_Xplained_Ultra\Debug\main.o
 .debug_macro   0x000165b5       0x76 D:\SAMV71x\app\01_scheduler_\SAMV71_Xplained_Ultra\Debug\main.o
 .debug_macro   0x0001662b       0x1c D:\SAMV71x\app\01_scheduler_\SAMV71_Xplained_Ultra\Debug\main.o
 .debug_macro   0x00016647       0x3a D:\SAMV71x\app\01_scheduler_\SAMV71_Xplained_Ultra\Debug\main.o
 .debug_macro   0x00016681       0x1c D:\SAMV71x\app\01_scheduler_\SAMV71_Xplained_Ultra\Debug\main.o
 .debug_macro   0x0001669d       0x2e D:\SAMV71x\app\01_scheduler_\SAMV71_Xplained_Ultra\Debug\main.o
 .debug_macro   0x000166cb       0x3a D:\SAMV71x\app\01_scheduler_\SAMV71_Xplained_Ultra\Debug\main.o
 .debug_macro   0x00016705       0x52 D:\SAMV71x\app\01_scheduler_\SAMV71_Xplained_Ultra\Debug\main.o
 .debug_macro   0x00016757       0x22 D:\SAMV71x\app\01_scheduler_\SAMV71_Xplained_Ultra\Debug\main.o
 .debug_macro   0x00016779       0x1c D:\SAMV71x\app\01_scheduler_\SAMV71_Xplained_Ultra\Debug\main.o
 .debug_macro   0x00016795       0x1c D:\SAMV71x\app\01_scheduler_\SAMV71_Xplained_Ultra\Debug\main.o
 .debug_macro   0x000167b1       0x10 D:\SAMV71x\app\01_scheduler_\SAMV71_Xplained_Ultra\Debug\main.o
 .debug_macro   0x000167c1       0x10 D:\SAMV71x\app\01_scheduler_\SAMV71_Xplained_Ultra\Debug\main.o
 .debug_macro   0x000167d1       0x22 D:\SAMV71x\app\01_scheduler_\SAMV71_Xplained_Ultra\Debug\main.o
 .debug_macro   0x000167f3       0xbe D:\SAMV71x\app\01_scheduler_\SAMV71_Xplained_Ultra\Debug\main.o
 .debug_macro   0x000168b1       0x16 D:\SAMV71x\app\01_scheduler_\SAMV71_Xplained_Ultra\Debug\main.o
 .debug_macro   0x000168c7      0x197 D:\SAMV71x\app\01_scheduler_\SAMV71_Xplained_Ultra\Debug\main.o
 .debug_macro   0x00016a5e       0x93 D:\SAMV71x\app\01_scheduler_\SAMV71_Xplained_Ultra\Debug\main.o
 .debug_macro   0x00016af1       0x2e D:\SAMV71x\app\01_scheduler_\SAMV71_Xplained_Ultra\Debug\main.o
 .debug_macro   0x00016b1f       0x2e D:\SAMV71x\app\01_scheduler_\SAMV71_Xplained_Ultra\Debug\main.o
 .debug_macro   0x00016b4d       0x76 D:\SAMV71x\app\01_scheduler_\SAMV71_Xplained_Ultra\Debug\main.o
 .debug_macro   0x00016bc3       0x28 D:\SAMV71x\app\01_scheduler_\SAMV71_Xplained_Ultra\Debug\main.o
 .debug_macro   0x00016beb       0x16 D:\SAMV71x\app\01_scheduler_\SAMV71_Xplained_Ultra\Debug\main.o
 .debug_macro   0x00016c01       0x28 D:\SAMV71x\app\01_scheduler_\SAMV71_Xplained_Ultra\Debug\main.o
 .debug_macro   0x00016c29       0x1c D:\SAMV71x\app\01_scheduler_\SAMV71_Xplained_Ultra\Debug\main.o
 .debug_macro   0x00016c45       0x16 D:\SAMV71x\app\01_scheduler_\SAMV71_Xplained_Ultra\Debug\main.o
 .debug_macro   0x00016c5b       0x16 D:\SAMV71x\app\01_scheduler_\SAMV71_Xplained_Ultra\Debug\main.o
 .debug_macro   0x00016c71       0x1c D:\SAMV71x\app\01_scheduler_\SAMV71_Xplained_Ultra\Debug\main.o
 .debug_macro   0x00016c8d       0x6f D:\SAMV71x\app\01_scheduler_\SAMV71_Xplained_Ultra\Debug\main.o
 .debug_macro   0x00016cfc       0xa0 D:\SAMV71x\app\01_scheduler_\SAMV71_Xplained_Ultra\Debug\main.o
 .debug_macro   0x00016d9c       0x10 D:\SAMV71x\app\01_scheduler_\SAMV71_Xplained_Ultra\Debug\main.o
 .debug_macro   0x00016dac      0x148 D:\SAMV71x\app\01_scheduler_\SAMV71_Xplained_Ultra\Debug\main.o
 .debug_macro   0x00016ef4       0x16 D:\SAMV71x\app\01_scheduler_\SAMV71_Xplained_Ultra\Debug\main.o
 .debug_macro   0x00016f0a       0x52 D:\SAMV71x\app\01_scheduler_\SAMV71_Xplained_Ultra\Debug\main.o
 .debug_macro   0x00016f5c      0x240 D:\SAMV71x\app\01_scheduler_\SAMV71_Xplained_Ultra\Debug\main.o
 .debug_macro   0x0001719c       0x34 D:\SAMV71x\app\01_scheduler_\SAMV71_Xplained_Ultra\Debug\main.o
 .debug_macro   0x000171d0      0x13c D:\SAMV71x\app\01_scheduler_\SAMV71_Xplained_Ultra\Debug\main.o
 .debug_macro   0x0001730c       0x10 D:\SAMV71x\app\01_scheduler_\SAMV71_Xplained_Ultra\Debug\main.o
 .debug_macro   0x0001731c      0x102 D:\SAMV71x\app\01_scheduler_\SAMV71_Xplained_Ultra\Debug\main.o
 .debug_macro   0x0001741e       0x52 D:\SAMV71x\app\01_scheduler_\SAMV71_Xplained_Ultra\Debug\main.o
 .debug_macro   0x00017470      0x1f3 D:\SAMV71x\app\01_scheduler_\SAMV71_Xplained_Ultra\Debug\main.o
 .debug_macro   0x00017663       0x2e D:\SAMV71x\app\01_scheduler_\SAMV71_Xplained_Ultra\Debug\main.o
 .debug_macro   0x00017691       0x16 D:\SAMV71x\app\01_scheduler_\SAMV71_Xplained_Ultra\Debug\main.o
 .debug_macro   0x000176a7       0x52 D:\SAMV71x\app\01_scheduler_\SAMV71_Xplained_Ultra\Debug\main.o
 .debug_macro   0x000176f9       0x16 D:\SAMV71x\app\01_scheduler_\SAMV71_Xplained_Ultra\Debug\main.o
 .debug_macro   0x0001770f       0x10 D:\SAMV71x\app\01_scheduler_\SAMV71_Xplained_Ultra\Debug\main.o
 .debug_macro   0x0001771f       0x10 D:\SAMV71x\app\01_scheduler_\SAMV71_Xplained_Ultra\Debug\main.o
 .debug_macro   0x0001772f       0x10 D:\SAMV71x\app\01_scheduler_\SAMV71_Xplained_Ultra\Debug\main.o
 .debug_macro   0x0001773f       0x35 D:\SAMV71x\app\01_scheduler_\SAMV71_Xplained_Ultra\Debug\main.o
 .debug_macro   0x00017774      0x122 D:\SAMV71x\app\01_scheduler_\SAMV71_Xplained_Ultra\Debug\main.o
 .debug_macro   0x00017896      0x456 D:\SAMV71x\app\01_scheduler_\SAMV71_Xplained_Ultra\Debug\main.o
 .debug_macro   0x00017cec       0x52 D:\SAMV71x\app\01_scheduler_\SAMV71_Xplained_Ultra\Debug\main.o
 .debug_macro   0x00017d3e       0x40 D:\SAMV71x\app\01_scheduler_\SAMV71_Xplained_Ultra\Debug\main.o
 .debug_macro   0x00017d7e       0x16 D:\SAMV71x\app\01_scheduler_\SAMV71_Xplained_Ultra\Debug\main.o
 .debug_macro   0x00017d94      0xdab D:\SAMV71x\app\01_scheduler_\SAMV71_Xplained_Ultra\Debug\system_sam.o
 .debug_macro   0x00018b3f     0x12db D:\SAMV71x\app\01_scheduler_\SAMV71_Xplained_Ultra\Debug\syscalls.o
 .debug_macro   0x00019e1a       0x10 D:\SAMV71x\app\01_scheduler_\SAMV71_Xplained_Ultra\Debug\syscalls.o
 .debug_macro   0x00019e2a      0x241 D:\SAMV71x\app\01_scheduler_\SAMV71_Xplained_Ultra\Debug\syscalls.o
 .debug_macro   0x0001a06b      0xeb0 D:\SAMV71x\app\01_scheduler_\SAMV71_Xplained_Ultra\Debug\app_scheduler.o
 .debug_macro   0x0001af1b       0x50 D:\SAMV71x\app\01_scheduler_\SAMV71_Xplained_Ultra\Debug\app_scheduler.o
 .debug_macro   0x0001af6b       0x28 D:\SAMV71x\app\01_scheduler_\SAMV71_Xplained_Ultra\Debug\app_scheduler.o
 .debug_macro   0x0001af93      0xe9d D:\SAMV71x\app\01_scheduler_\SAMV71_Xplained_Ultra\Debug\app_tasks.o
 .debug_macro   0x0001be30      0xd93 D:\SAMV71x\app\01_scheduler_\SAMV71_Xplained_Ultra\Debug\startup_sam.o
 .debug_macro   0x0001cbc3     0x12bd D:\SAMV71x\app\01_scheduler_\SAMV71_Xplained_Ultra\Debug\board_lowlevel.o
 .debug_macro   0x0001de80     0x12f2 D:\SAMV71x\app\01_scheduler_\SAMV71_Xplained_Ultra\Debug\dbg_console.o
 .debug_macro   0x0001f172     0x12bc D:\SAMV71x\app\01_scheduler_\SAMV71_Xplained_Ultra\Debug\led.o
 .debug_macro   0x0002042e     0x111f D:\SAMV71x\app\01_scheduler_\SAMV71_Xplained_Ultra\Debug\pmc.o
 .debug_macro   0x0002154d     0x1109 D:\SAMV71x\app\01_scheduler_\SAMV71_Xplained_Ultra\Debug\pio.o
 .debug_macro   0x00022656     0x110a D:\SAMV71x\app\01_scheduler_\SAMV71_Xplained_Ultra\Debug\mpu.o
 .debug_macro   0x00023760     0x110a D:\SAMV71x\app\01_scheduler_\SAMV71_Xplained_Ultra\Debug\exceptions.o
 .debug_macro   0x0002486a      0xe89 D:\SAMV71x\app\01_scheduler_\SAMV71_Xplained_Ultra\Debug\systick.o
 .debug_macro   0x000256f3     0x110a D:\SAMV71x\app\01_scheduler_\SAMV71_Xplained_Ultra\Debug\wdt.o
 .debug_macro   0x000267fd     0x1118 D:\SAMV71x\app\01_scheduler_\SAMV71_Xplained_Ultra\Debug\pio_it.o
 .debug_macro   0x00027915      0xe90 D:\SAMV71x\app\01_scheduler_\SAMV71_Xplained_Ultra\Debug\led_ctrl.o
 .debug_macro   0x000287a5       0x10 D:\SAMV71x\app\01_scheduler_\SAMV71_Xplained_Ultra\Debug\led_ctrl.o
 .debug_macro   0x000287b5     0x12fb D:\SAMV71x\app\01_scheduler_\SAMV71_Xplained_Ultra\Debug\pushb_ctrl.o
 .debug_macro   0x00029ab0       0x16 D:\SAMV71x\app\01_scheduler_\SAMV71_Xplained_Ultra\Debug\pushb_ctrl.o

.debug_line     0x00000000     0xfc6f
 .debug_line    0x00000000     0x1110 D:\SAMV71x\app\01_scheduler_\SAMV71_Xplained_Ultra\Debug\main.o
 .debug_line    0x00001110      0xac8 D:\SAMV71x\app\01_scheduler_\SAMV71_Xplained_Ultra\Debug\system_sam.o
 .debug_line    0x00001bd8     0x100e D:\SAMV71x\app\01_scheduler_\SAMV71_Xplained_Ultra\Debug\syscalls.o
 .debug_line    0x00002be6      0xcd1 D:\SAMV71x\app\01_scheduler_\SAMV71_Xplained_Ultra\Debug\app_scheduler.o
 .debug_line    0x000038b7      0xbac D:\SAMV71x\app\01_scheduler_\SAMV71_Xplained_Ultra\Debug\app_tasks.o
 .debug_line    0x00004463      0xa35 D:\SAMV71x\app\01_scheduler_\SAMV71_Xplained_Ultra\Debug\startup_sam.o
 .debug_line    0x00004e98     0x101b D:\SAMV71x\app\01_scheduler_\SAMV71_Xplained_Ultra\Debug\board_lowlevel.o
 .debug_line    0x00005eb3     0x115d D:\SAMV71x\app\01_scheduler_\SAMV71_Xplained_Ultra\Debug\dbg_console.o
 .debug_line    0x00007010      0xfd7 D:\SAMV71x\app\01_scheduler_\SAMV71_Xplained_Ultra\Debug\led.o
 .debug_line    0x00007fe7      0xf24 D:\SAMV71x\app\01_scheduler_\SAMV71_Xplained_Ultra\Debug\pmc.o
 .debug_line    0x00008f0b      0xe23 D:\SAMV71x\app\01_scheduler_\SAMV71_Xplained_Ultra\Debug\pio.o
 .debug_line    0x00009d2e      0xdaa D:\SAMV71x\app\01_scheduler_\SAMV71_Xplained_Ultra\Debug\mpu.o
 .debug_line    0x0000aad8      0xdd8 D:\SAMV71x\app\01_scheduler_\SAMV71_Xplained_Ultra\Debug\exceptions.o
 .debug_line    0x0000b8b0      0xb57 D:\SAMV71x\app\01_scheduler_\SAMV71_Xplained_Ultra\Debug\systick.o
 .debug_line    0x0000c407      0xd7d D:\SAMV71x\app\01_scheduler_\SAMV71_Xplained_Ultra\Debug\wdt.o
 .debug_line    0x0000d184      0xe22 D:\SAMV71x\app\01_scheduler_\SAMV71_Xplained_Ultra\Debug\pio_it.o
 .debug_line    0x0000dfa6      0xbdd D:\SAMV71x\app\01_scheduler_\SAMV71_Xplained_Ultra\Debug\led_ctrl.o
 .debug_line    0x0000eb83     0x10ec D:\SAMV71x\app\01_scheduler_\SAMV71_Xplained_Ultra\Debug\pushb_ctrl.o

.debug_str      0x00000000    0x7e287
 .debug_str     0x00000000    0x7b765 D:\SAMV71x\app\01_scheduler_\SAMV71_Xplained_Ultra\Debug\main.o
                              0x7bd17 (size before relaxing)
 .debug_str     0x0007b765      0x39b D:\SAMV71x\app\01_scheduler_\SAMV71_Xplained_Ultra\Debug\system_sam.o
                              0x6e200 (size before relaxing)
 .debug_str     0x0007bb00      0x5f9 D:\SAMV71x\app\01_scheduler_\SAMV71_Xplained_Ultra\Debug\syscalls.o
                              0x7ba5d (size before relaxing)
 .debug_str     0x0007c0f9      0x478 D:\SAMV71x\app\01_scheduler_\SAMV71_Xplained_Ultra\Debug\app_scheduler.o
                              0x7154a (size before relaxing)
 .debug_str     0x0007c571       0xa2 D:\SAMV71x\app\01_scheduler_\SAMV71_Xplained_Ultra\Debug\app_tasks.o
                              0x7116f (size before relaxing)
 .debug_str     0x0007c613      0x5d8 D:\SAMV71x\app\01_scheduler_\SAMV71_Xplained_Ultra\Debug\startup_sam.o
                              0x6e5c5 (size before relaxing)
 .debug_str     0x0007cbeb       0x7d D:\SAMV71x\app\01_scheduler_\SAMV71_Xplained_Ultra\Debug\board_lowlevel.o
                              0x7b63a (size before relaxing)
 .debug_str     0x0007cc68      0x7a9 D:\SAMV71x\app\01_scheduler_\SAMV71_Xplained_Ultra\Debug\dbg_console.o
                              0x7bf70 (size before relaxing)
 .debug_str     0x0007d411       0x70 D:\SAMV71x\app\01_scheduler_\SAMV71_Xplained_Ultra\Debug\led.o
                              0x7b7da (size before relaxing)
 .debug_str     0x0007d481      0x2af D:\SAMV71x\app\01_scheduler_\SAMV71_Xplained_Ultra\Debug\pmc.o
                              0x760e4 (size before relaxing)
 .debug_str     0x0007d730      0x188 D:\SAMV71x\app\01_scheduler_\SAMV71_Xplained_Ultra\Debug\pio.o
                              0x7612e (size before relaxing)
 .debug_str     0x0007d8b8      0x121 D:\SAMV71x\app\01_scheduler_\SAMV71_Xplained_Ultra\Debug\mpu.o
                              0x75de8 (size before relaxing)
 .debug_str     0x0007d9d9       0x4c D:\SAMV71x\app\01_scheduler_\SAMV71_Xplained_Ultra\Debug\exceptions.o
                              0x75e8f (size before relaxing)
 .debug_str     0x0007da25      0x3f6 D:\SAMV71x\app\01_scheduler_\SAMV71_Xplained_Ultra\Debug\systick.o
                              0x714dc (size before relaxing)
 .debug_str     0x0007de1b       0x7a D:\SAMV71x\app\01_scheduler_\SAMV71_Xplained_Ultra\Debug\wdt.o
                              0x75d11 (size before relaxing)
 .debug_str     0x0007de95      0x122 D:\SAMV71x\app\01_scheduler_\SAMV71_Xplained_Ultra\Debug\pio_it.o
                              0x765e5 (size before relaxing)
 .debug_str     0x0007dfb7      0x142 D:\SAMV71x\app\01_scheduler_\SAMV71_Xplained_Ultra\Debug\led_ctrl.o
                              0x710cb (size before relaxing)
 .debug_str     0x0007e0f9      0x18e D:\SAMV71x\app\01_scheduler_\SAMV71_Xplained_Ultra\Debug\pushb_ctrl.o
                              0x7c139 (size before relaxing)

.comment        0x00000000       0x70
 .comment       0x00000000       0x70 D:\SAMV71x\app\01_scheduler_\SAMV71_Xplained_Ultra\Debug\main.o
                                 0x71 (size before relaxing)
 .comment       0x00000000       0x71 D:\SAMV71x\app\01_scheduler_\SAMV71_Xplained_Ultra\Debug\system_sam.o
 .comment       0x00000000       0x71 D:\SAMV71x\app\01_scheduler_\SAMV71_Xplained_Ultra\Debug\syscalls.o
 .comment       0x00000000       0x71 D:\SAMV71x\app\01_scheduler_\SAMV71_Xplained_Ultra\Debug\app_scheduler.o
 .comment       0x00000000       0x71 D:\SAMV71x\app\01_scheduler_\SAMV71_Xplained_Ultra\Debug\app_tasks.o
 .comment       0x00000000       0x71 D:\SAMV71x\app\01_scheduler_\SAMV71_Xplained_Ultra\Debug\startup_sam.o
 .comment       0x00000000       0x71 D:\SAMV71x\app\01_scheduler_\SAMV71_Xplained_Ultra\Debug\board_lowlevel.o
 .comment       0x00000000       0x71 D:\SAMV71x\app\01_scheduler_\SAMV71_Xplained_Ultra\Debug\dbg_console.o
 .comment       0x00000000       0x71 D:\SAMV71x\app\01_scheduler_\SAMV71_Xplained_Ultra\Debug\led.o
 .comment       0x00000000       0x71 D:\SAMV71x\app\01_scheduler_\SAMV71_Xplained_Ultra\Debug\pmc.o
 .comment       0x00000000       0x71 D:\SAMV71x\app\01_scheduler_\SAMV71_Xplained_Ultra\Debug\pio.o
 .comment       0x00000000       0x71 D:\SAMV71x\app\01_scheduler_\SAMV71_Xplained_Ultra\Debug\mpu.o
 .comment       0x00000000       0x71 D:\SAMV71x\app\01_scheduler_\SAMV71_Xplained_Ultra\Debug\exceptions.o
 .comment       0x00000000       0x71 D:\SAMV71x\app\01_scheduler_\SAMV71_Xplained_Ultra\Debug\systick.o
 .comment       0x00000000       0x71 D:\SAMV71x\app\01_scheduler_\SAMV71_Xplained_Ultra\Debug\wdt.o
 .comment       0x00000000       0x71 D:\SAMV71x\app\01_scheduler_\SAMV71_Xplained_Ultra\Debug\pio_it.o
 .comment       0x00000000       0x71 D:\SAMV71x\app\01_scheduler_\SAMV71_Xplained_Ultra\Debug\led_ctrl.o
 .comment       0x00000000       0x71 D:\SAMV71x\app\01_scheduler_\SAMV71_Xplained_Ultra\Debug\pushb_ctrl.o

.ARM.attributes
                0x00000000       0x35
 .ARM.attributes
                0x00000000       0x37 D:\SAMV71x\app\01_scheduler_\SAMV71_Xplained_Ultra\Debug\main.o
 .ARM.attributes
                0x00000037       0x37 D:\SAMV71x\app\01_scheduler_\SAMV71_Xplained_Ultra\Debug\system_sam.o
 .ARM.attributes
                0x0000006e       0x37 D:\SAMV71x\app\01_scheduler_\SAMV71_Xplained_Ultra\Debug\syscalls.o
 .ARM.attributes
                0x000000a5       0x37 D:\SAMV71x\app\01_scheduler_\SAMV71_Xplained_Ultra\Debug\app_scheduler.o
 .ARM.attributes
                0x000000dc       0x37 D:\SAMV71x\app\01_scheduler_\SAMV71_Xplained_Ultra\Debug\app_tasks.o
 .ARM.attributes
                0x00000113       0x37 D:\SAMV71x\app\01_scheduler_\SAMV71_Xplained_Ultra\Debug\startup_sam.o
 .ARM.attributes
                0x0000014a       0x37 D:\SAMV71x\app\01_scheduler_\SAMV71_Xplained_Ultra\Debug\board_lowlevel.o
 .ARM.attributes
                0x00000181       0x37 D:\SAMV71x\app\01_scheduler_\SAMV71_Xplained_Ultra\Debug\dbg_console.o
 .ARM.attributes
                0x000001b8       0x37 D:\SAMV71x\app\01_scheduler_\SAMV71_Xplained_Ultra\Debug\led.o
 .ARM.attributes
                0x000001ef       0x37 D:\SAMV71x\app\01_scheduler_\SAMV71_Xplained_Ultra\Debug\pmc.o
 .ARM.attributes
                0x00000226       0x37 D:\SAMV71x\app\01_scheduler_\SAMV71_Xplained_Ultra\Debug\pio.o
 .ARM.attributes
                0x0000025d       0x37 D:\SAMV71x\app\01_scheduler_\SAMV71_Xplained_Ultra\Debug\mpu.o
 .ARM.attributes
                0x00000294       0x37 D:\SAMV71x\app\01_scheduler_\SAMV71_Xplained_Ultra\Debug\exceptions.o
 .ARM.attributes
                0x000002cb       0x37 D:\SAMV71x\app\01_scheduler_\SAMV71_Xplained_Ultra\Debug\systick.o
 .ARM.attributes
                0x00000302       0x37 D:\SAMV71x\app\01_scheduler_\SAMV71_Xplained_Ultra\Debug\wdt.o
 .ARM.attributes
                0x00000339       0x37 D:\SAMV71x\app\01_scheduler_\SAMV71_Xplained_Ultra\Debug\pio_it.o
 .ARM.attributes
                0x00000370       0x37 D:\SAMV71x\app\01_scheduler_\SAMV71_Xplained_Ultra\Debug\led_ctrl.o
 .ARM.attributes
                0x000003a7       0x37 D:\SAMV71x\app\01_scheduler_\SAMV71_Xplained_Ultra\Debug\pushb_ctrl.o
 .ARM.attributes
                0x000003de       0x33 c:/isystem/winidea9/gcc/arm/bin/../lib/gcc/arm-none-eabi/4.9.3/../../../../arm-none-eabi/lib/cortex-m7\libc.a(lib_a-assert.o)
 .ARM.attributes
                0x00000411       0x33 c:/isystem/winidea9/gcc/arm/bin/../lib/gcc/arm-none-eabi/4.9.3/../../../../arm-none-eabi/lib/cortex-m7\libc.a(lib_a-fiprintf.o)
 .ARM.attributes
                0x00000444       0x33 c:/isystem/winidea9/gcc/arm/bin/../lib/gcc/arm-none-eabi/4.9.3/../../../../arm-none-eabi/lib/cortex-m7\libc.a(lib_a-impure.o)
 .ARM.attributes
                0x00000477       0x33 c:/isystem/winidea9/gcc/arm/bin/../lib/gcc/arm-none-eabi/4.9.3/../../../../arm-none-eabi/lib/cortex-m7\libc.a(lib_a-printf.o)
 .ARM.attributes
                0x000004aa       0x33 c:/isystem/winidea9/gcc/arm/bin/../lib/gcc/arm-none-eabi/4.9.3/../../../../arm-none-eabi/lib/cortex-m7\libc.a(lib_a-putchar.o)
 .ARM.attributes
                0x000004dd       0x33 c:/isystem/winidea9/gcc/arm/bin/../lib/gcc/arm-none-eabi/4.9.3/../../../../arm-none-eabi/lib/cortex-m7\libc.a(lib_a-setvbuf.o)
 .ARM.attributes
                0x00000510       0x33 c:/isystem/winidea9/gcc/arm/bin/../lib/gcc/arm-none-eabi/4.9.3/../../../../arm-none-eabi/lib/cortex-m7\libc.a(lib_a-vfiprintf.o)
 .ARM.attributes
                0x00000543       0x33 c:/isystem/winidea9/gcc/arm/bin/../lib/gcc/arm-none-eabi/4.9.3/../../../../arm-none-eabi/lib/cortex-m7\libc.a(lib_a-vfprintf.o)
 .ARM.attributes
                0x00000576       0x33 c:/isystem/winidea9/gcc/arm/bin/../lib/gcc/arm-none-eabi/4.9.3/../../../../arm-none-eabi/lib/cortex-m7\libc.a(lib_a-wsetup.o)
 .ARM.attributes
                0x000005a9       0x33 c:/isystem/winidea9/gcc/arm/bin/../lib/gcc/arm-none-eabi/4.9.3/../../../../arm-none-eabi/lib/cortex-m7\libc.a(lib_a-abort.o)
 .ARM.attributes
                0x000005dc       0x33 c:/isystem/winidea9/gcc/arm/bin/../lib/gcc/arm-none-eabi/4.9.3/../../../../arm-none-eabi/lib/cortex-m7\libc.a(lib_a-dtoa.o)
 .ARM.attributes
                0x0000060f       0x33 c:/isystem/winidea9/gcc/arm/bin/../lib/gcc/arm-none-eabi/4.9.3/../../../../arm-none-eabi/lib/cortex-m7\libc.a(lib_a-fflush.o)
 .ARM.attributes
                0x00000642       0x33 c:/isystem/winidea9/gcc/arm/bin/../lib/gcc/arm-none-eabi/4.9.3/../../../../arm-none-eabi/lib/cortex-m7\libc.a(lib_a-findfp.o)
 .ARM.attributes
                0x00000675       0x33 c:/isystem/winidea9/gcc/arm/bin/../lib/gcc/arm-none-eabi/4.9.3/../../../../arm-none-eabi/lib/cortex-m7\libc.a(lib_a-fputwc.o)
 .ARM.attributes
                0x000006a8       0x33 c:/isystem/winidea9/gcc/arm/bin/../lib/gcc/arm-none-eabi/4.9.3/../../../../arm-none-eabi/lib/cortex-m7\libc.a(lib_a-freer.o)
 .ARM.attributes
                0x000006db       0x33 c:/isystem/winidea9/gcc/arm/bin/../lib/gcc/arm-none-eabi/4.9.3/../../../../arm-none-eabi/lib/cortex-m7\libc.a(lib_a-fvwrite.o)
 .ARM.attributes
                0x0000070e       0x33 c:/isystem/winidea9/gcc/arm/bin/../lib/gcc/arm-none-eabi/4.9.3/../../../../arm-none-eabi/lib/cortex-m7\libc.a(lib_a-fwalk.o)
 .ARM.attributes
                0x00000741       0x33 c:/isystem/winidea9/gcc/arm/bin/../lib/gcc/arm-none-eabi/4.9.3/../../../../arm-none-eabi/lib/cortex-m7\libc.a(lib_a-locale.o)
 .ARM.attributes
                0x00000774       0x33 c:/isystem/winidea9/gcc/arm/bin/../lib/gcc/arm-none-eabi/4.9.3/../../../../arm-none-eabi/lib/cortex-m7\libc.a(lib_a-makebuf.o)
 .ARM.attributes
                0x000007a7       0x33 c:/isystem/winidea9/gcc/arm/bin/../lib/gcc/arm-none-eabi/4.9.3/../../../../arm-none-eabi/lib/cortex-m7\libc.a(lib_a-malloc.o)
 .ARM.attributes
                0x000007da       0x33 c:/isystem/winidea9/gcc/arm/bin/../lib/gcc/arm-none-eabi/4.9.3/../../../../arm-none-eabi/lib/cortex-m7\libc.a(lib_a-mallocr.o)
 .ARM.attributes
                0x0000080d       0x33 c:/isystem/winidea9/gcc/arm/bin/../lib/gcc/arm-none-eabi/4.9.3/../../../../arm-none-eabi/lib/cortex-m7\libc.a(lib_a-memchr.o)
 .ARM.attributes
                0x00000840       0x21 c:/isystem/winidea9/gcc/arm/bin/../lib/gcc/arm-none-eabi/4.9.3/../../../../arm-none-eabi/lib/cortex-m7\libc.a(lib_a-memcpy.o)
 .ARM.attributes
                0x00000861       0x33 c:/isystem/winidea9/gcc/arm/bin/../lib/gcc/arm-none-eabi/4.9.3/../../../../arm-none-eabi/lib/cortex-m7\libc.a(lib_a-memmove.o)
 .ARM.attributes
                0x00000894       0x33 c:/isystem/winidea9/gcc/arm/bin/../lib/gcc/arm-none-eabi/4.9.3/../../../../arm-none-eabi/lib/cortex-m7\libc.a(lib_a-memset.o)
 .ARM.attributes
                0x000008c7       0x33 c:/isystem/winidea9/gcc/arm/bin/../lib/gcc/arm-none-eabi/4.9.3/../../../../arm-none-eabi/lib/cortex-m7\libc.a(lib_a-mlock.o)
 .ARM.attributes
                0x000008fa       0x33 c:/isystem/winidea9/gcc/arm/bin/../lib/gcc/arm-none-eabi/4.9.3/../../../../arm-none-eabi/lib/cortex-m7\libc.a(lib_a-mprec.o)
 .ARM.attributes
                0x0000092d       0x33 c:/isystem/winidea9/gcc/arm/bin/../lib/gcc/arm-none-eabi/4.9.3/../../../../arm-none-eabi/lib/cortex-m7\libc.a(lib_a-putc.o)
 .ARM.attributes
                0x00000960       0x33 c:/isystem/winidea9/gcc/arm/bin/../lib/gcc/arm-none-eabi/4.9.3/../../../../arm-none-eabi/lib/cortex-m7\libc.a(lib_a-reallocr.o)
 .ARM.attributes
                0x00000993       0x33 c:/isystem/winidea9/gcc/arm/bin/../lib/gcc/arm-none-eabi/4.9.3/../../../../arm-none-eabi/lib/cortex-m7\libc.a(lib_a-s_fpclassify.o)
 .ARM.attributes
                0x000009c6       0x33 c:/isystem/winidea9/gcc/arm/bin/../lib/gcc/arm-none-eabi/4.9.3/../../../../arm-none-eabi/lib/cortex-m7\libc.a(lib_a-sbrkr.o)
 .ARM.attributes
                0x000009f9       0x33 c:/isystem/winidea9/gcc/arm/bin/../lib/gcc/arm-none-eabi/4.9.3/../../../../arm-none-eabi/lib/cortex-m7\libc.a(lib_a-signal.o)
 .ARM.attributes
                0x00000a2c       0x33 c:/isystem/winidea9/gcc/arm/bin/../lib/gcc/arm-none-eabi/4.9.3/../../../../arm-none-eabi/lib/cortex-m7\libc.a(lib_a-signalr.o)
 .ARM.attributes
                0x00000a5f       0x33 c:/isystem/winidea9/gcc/arm/bin/../lib/gcc/arm-none-eabi/4.9.3/../../../../arm-none-eabi/lib/cortex-m7\libc.a(lib_a-stdio.o)
 .ARM.attributes
                0x00000a92       0x33 c:/isystem/winidea9/gcc/arm/bin/../lib/gcc/arm-none-eabi/4.9.3/../../../../arm-none-eabi/lib/cortex-m7\libc.a(lib_a-strlen.o)
 .ARM.attributes
                0x00000ac5       0x33 c:/isystem/winidea9/gcc/arm/bin/../lib/gcc/arm-none-eabi/4.9.3/../../../../arm-none-eabi/lib/cortex-m7\libc.a(lib_a-wbuf.o)
 .ARM.attributes
                0x00000af8       0x33 c:/isystem/winidea9/gcc/arm/bin/../lib/gcc/arm-none-eabi/4.9.3/../../../../arm-none-eabi/lib/cortex-m7\libc.a(lib_a-wcrtomb.o)
 .ARM.attributes
                0x00000b2b       0x33 c:/isystem/winidea9/gcc/arm/bin/../lib/gcc/arm-none-eabi/4.9.3/../../../../arm-none-eabi/lib/cortex-m7\libc.a(lib_a-wctomb_r.o)
 .ARM.attributes
                0x00000b5e       0x33 c:/isystem/winidea9/gcc/arm/bin/../lib/gcc/arm-none-eabi/4.9.3/../../../../arm-none-eabi/lib/cortex-m7\libc.a(lib_a-writer.o)
 .ARM.attributes
                0x00000b91       0x33 c:/isystem/winidea9/gcc/arm/bin/../lib/gcc/arm-none-eabi/4.9.3/../../../../arm-none-eabi/lib/cortex-m7\libc.a(lib_a-callocr.o)
 .ARM.attributes
                0x00000bc4       0x33 c:/isystem/winidea9/gcc/arm/bin/../lib/gcc/arm-none-eabi/4.9.3/../../../../arm-none-eabi/lib/cortex-m7\libc.a(lib_a-closer.o)
 .ARM.attributes
                0x00000bf7       0x33 c:/isystem/winidea9/gcc/arm/bin/../lib/gcc/arm-none-eabi/4.9.3/../../../../arm-none-eabi/lib/cortex-m7\libc.a(lib_a-fclose.o)
 .ARM.attributes
                0x00000c2a       0x33 c:/isystem/winidea9/gcc/arm/bin/../lib/gcc/arm-none-eabi/4.9.3/../../../../arm-none-eabi/lib/cortex-m7\libc.a(lib_a-fstatr.o)
 .ARM.attributes
                0x00000c5d       0x33 c:/isystem/winidea9/gcc/arm/bin/../lib/gcc/arm-none-eabi/4.9.3/../../../../arm-none-eabi/lib/cortex-m7\libc.a(lib_a-isattyr.o)
 .ARM.attributes
                0x00000c90       0x33 c:/isystem/winidea9/gcc/arm/bin/../lib/gcc/arm-none-eabi/4.9.3/../../../../arm-none-eabi/lib/cortex-m7\libc.a(lib_a-lseekr.o)
 .ARM.attributes
                0x00000cc3       0x33 c:/isystem/winidea9/gcc/arm/bin/../lib/gcc/arm-none-eabi/4.9.3/../../../../arm-none-eabi/lib/cortex-m7\libc.a(lib_a-readr.o)
 .ARM.attributes
                0x00000cf6       0x33 c:/isystem/winidea9/gcc/arm/bin/../lib/gcc/arm-none-eabi/4.9.3/../../../../arm-none-eabi/lib/cortex-m7\libc.a(lib_a-reent.o)
 .ARM.attributes
                0x00000d29       0x23 c:/isystem/winidea9/gcc/arm/bin/../lib/gcc/arm-none-eabi/4.9.3/cortex-m7\libgcc.a(_arm_addsubdf3.o)
 .ARM.attributes
                0x00000d4c       0x23 c:/isystem/winidea9/gcc/arm/bin/../lib/gcc/arm-none-eabi/4.9.3/cortex-m7\libgcc.a(_arm_muldivdf3.o)
 .ARM.attributes